Archive member included to satisfy reference by file (symbol)

C:/ST/STM32CubeIDE_1.18.0/STM32CubeIDE/plugins/com.st.stm32cube.ide.mcu.externaltools.gnu-tools-for-stm32.13.3.rel1.win32_1.0.0.202411081344/tools/bin/../lib/gcc/arm-none-eabi/13.3.1/../../../../arm-none-eabi/lib/thumb/v7e-m+fp/hard\libc_nano.a(libc_a-atoi.o)
                              ./Core/CMDLine/command.o (atoi)
C:/ST/STM32CubeIDE_1.18.0/STM32CubeIDE/plugins/com.st.stm32cube.ide.mcu.externaltools.gnu-tools-for-stm32.13.3.rel1.win32_1.0.0.202411081344/tools/bin/../lib/gcc/arm-none-eabi/13.3.1/../../../../arm-none-eabi/lib/thumb/v7e-m+fp/hard\libc_nano.a(libc_a-exit.o)
                              C:/ST/STM32CubeIDE_1.18.0/STM32CubeIDE/plugins/com.st.stm32cube.ide.mcu.externaltools.gnu-tools-for-stm32.13.3.rel1.win32_1.0.0.202411081344/tools/bin/../lib/gcc/arm-none-eabi/13.3.1/../../../../arm-none-eabi/lib/thumb/v7e-m+fp/hard/crt0.o (exit)
C:/ST/STM32CubeIDE_1.18.0/STM32CubeIDE/plugins/com.st.stm32cube.ide.mcu.externaltools.gnu-tools-for-stm32.13.3.rel1.win32_1.0.0.202411081344/tools/bin/../lib/gcc/arm-none-eabi/13.3.1/../../../../arm-none-eabi/lib/thumb/v7e-m+fp/hard\libc_nano.a(libc_a-strtol.o)
                              C:/ST/STM32CubeIDE_1.18.0/STM32CubeIDE/plugins/com.st.stm32cube.ide.mcu.externaltools.gnu-tools-for-stm32.13.3.rel1.win32_1.0.0.202411081344/tools/bin/../lib/gcc/arm-none-eabi/13.3.1/../../../../arm-none-eabi/lib/thumb/v7e-m+fp/hard\libc_nano.a(libc_a-atoi.o) (_strtol_r)
C:/ST/STM32CubeIDE_1.18.0/STM32CubeIDE/plugins/com.st.stm32cube.ide.mcu.externaltools.gnu-tools-for-stm32.13.3.rel1.win32_1.0.0.202411081344/tools/bin/../lib/gcc/arm-none-eabi/13.3.1/../../../../arm-none-eabi/lib/thumb/v7e-m+fp/hard\libc_nano.a(libc_a-ctype_.o)
                              C:/ST/STM32CubeIDE_1.18.0/STM32CubeIDE/plugins/com.st.stm32cube.ide.mcu.externaltools.gnu-tools-for-stm32.13.3.rel1.win32_1.0.0.202411081344/tools/bin/../lib/gcc/arm-none-eabi/13.3.1/../../../../arm-none-eabi/lib/thumb/v7e-m+fp/hard\libc_nano.a(libc_a-strtol.o) (_ctype_)
C:/ST/STM32CubeIDE_1.18.0/STM32CubeIDE/plugins/com.st.stm32cube.ide.mcu.externaltools.gnu-tools-for-stm32.13.3.rel1.win32_1.0.0.202411081344/tools/bin/../lib/gcc/arm-none-eabi/13.3.1/../../../../arm-none-eabi/lib/thumb/v7e-m+fp/hard\libc_nano.a(libc_a-findfp.o)
                              C:/ST/STM32CubeIDE_1.18.0/STM32CubeIDE/plugins/com.st.stm32cube.ide.mcu.externaltools.gnu-tools-for-stm32.13.3.rel1.win32_1.0.0.202411081344/tools/bin/../lib/gcc/arm-none-eabi/13.3.1/../../../../arm-none-eabi/lib/thumb/v7e-m+fp/hard\libc_nano.a(libc_a-exit.o) (__stdio_exit_handler)
C:/ST/STM32CubeIDE_1.18.0/STM32CubeIDE/plugins/com.st.stm32cube.ide.mcu.externaltools.gnu-tools-for-stm32.13.3.rel1.win32_1.0.0.202411081344/tools/bin/../lib/gcc/arm-none-eabi/13.3.1/../../../../arm-none-eabi/lib/thumb/v7e-m+fp/hard\libc_nano.a(libc_a-fwalk.o)
                              C:/ST/STM32CubeIDE_1.18.0/STM32CubeIDE/plugins/com.st.stm32cube.ide.mcu.externaltools.gnu-tools-for-stm32.13.3.rel1.win32_1.0.0.202411081344/tools/bin/../lib/gcc/arm-none-eabi/13.3.1/../../../../arm-none-eabi/lib/thumb/v7e-m+fp/hard\libc_nano.a(libc_a-findfp.o) (_fwalk_sglue)
C:/ST/STM32CubeIDE_1.18.0/STM32CubeIDE/plugins/com.st.stm32cube.ide.mcu.externaltools.gnu-tools-for-stm32.13.3.rel1.win32_1.0.0.202411081344/tools/bin/../lib/gcc/arm-none-eabi/13.3.1/../../../../arm-none-eabi/lib/thumb/v7e-m+fp/hard\libc_nano.a(libc_a-snprintf.o)
                              ./BSP/I2C_Slave/i2c_slave.o (snprintf)
C:/ST/STM32CubeIDE_1.18.0/STM32CubeIDE/plugins/com.st.stm32cube.ide.mcu.externaltools.gnu-tools-for-stm32.13.3.rel1.win32_1.0.0.202411081344/tools/bin/../lib/gcc/arm-none-eabi/13.3.1/../../../../arm-none-eabi/lib/thumb/v7e-m+fp/hard\libc_nano.a(libc_a-stdio.o)
                              C:/ST/STM32CubeIDE_1.18.0/STM32CubeIDE/plugins/com.st.stm32cube.ide.mcu.externaltools.gnu-tools-for-stm32.13.3.rel1.win32_1.0.0.202411081344/tools/bin/../lib/gcc/arm-none-eabi/13.3.1/../../../../arm-none-eabi/lib/thumb/v7e-m+fp/hard\libc_nano.a(libc_a-findfp.o) (__sread)
C:/ST/STM32CubeIDE_1.18.0/STM32CubeIDE/plugins/com.st.stm32cube.ide.mcu.externaltools.gnu-tools-for-stm32.13.3.rel1.win32_1.0.0.202411081344/tools/bin/../lib/gcc/arm-none-eabi/13.3.1/../../../../arm-none-eabi/lib/thumb/v7e-m+fp/hard\libc_nano.a(libc_a-memset.o)
                              C:/ST/STM32CubeIDE_1.18.0/STM32CubeIDE/plugins/com.st.stm32cube.ide.mcu.externaltools.gnu-tools-for-stm32.13.3.rel1.win32_1.0.0.202411081344/tools/bin/../lib/gcc/arm-none-eabi/13.3.1/../../../../arm-none-eabi/lib/thumb/v7e-m+fp/hard/crt0.o (memset)
C:/ST/STM32CubeIDE_1.18.0/STM32CubeIDE/plugins/com.st.stm32cube.ide.mcu.externaltools.gnu-tools-for-stm32.13.3.rel1.win32_1.0.0.202411081344/tools/bin/../lib/gcc/arm-none-eabi/13.3.1/../../../../arm-none-eabi/lib/thumb/v7e-m+fp/hard\libc_nano.a(libc_a-closer.o)
[...]
Memory Configuration

Name             Origin             Length             Attributes
CCMRAM           0x10000000         0x00010000         xrw
RAM              0x20000000         0x00020000         xrw
FLASH            0x08000000         0x0007c000         xr
*default*        0x00000000         0xffffffff

Linker script and memory map

LOAD C:/ST/STM32CubeIDE_1.18.0/STM32CubeIDE/plugins/com.st.stm32cube.ide.mcu.externaltools.gnu-tools-for-stm32.13.3.rel1.win32_1.0.0.202411081344/tools/bin/../lib/gcc/arm-none-eabi/13.3.1/thumb/v7e-m+fp/hard/crti.o
LOAD C:/ST/STM32CubeIDE_1.18.0/STM32CubeIDE/plugins/com.st.stm32cube.ide.mcu.externaltools.gnu-tools-for-stm32.13.3.rel1.win32_1.0.0.202411081344/tools/bin/../lib/gcc/arm-none-eabi/13.3.1/thumb/v7e-m+fp/hard/crtbegin.o
LOAD C:/ST/STM32CubeIDE_1.18.0/STM32CubeIDE/plugins/com.st.stm32cube.ide.mcu.externaltools.gnu-tools-for-stm32.13.3.rel1.win32_1.0.0.202411081344/tools/bin/../lib/gcc/arm-none-eabi/13.3.1/../../../../arm-none-eabi/lib/thumb/v7e-m+fp/hard/crt0.o
LOAD ./BSP/Delay/delay.o
LOAD ./BSP/I2C/i2c.o
LOAD ./BSP/I2C_Slave/i2c_slave.o
LOAD ./BSP/I2C_Slave/register.o
LOAD ./BSP/SysTick/systick.o
LOAD ./BSP/UART/uart.o
LOAD ./Core/CMDLine/cmdline.o
LOAD ./Core/CMDLine/command.o
LOAD ./Core/COPC/copc.o
LOAD ./Core/Devices/ADG1414/adg1414.o
LOAD ./Core/Devices/Auto_run/auto_run.o
LOAD ./Core/Devices/BMP390/bmp390.o
LOAD ./Core/Devices/DateTime/date_time.o
LOAD ./Core/Devices/Heater/heater.o
LOAD ./Core/Devices/IR_LED/ir_led.o
LOAD ./Core/Devices/LASER_BOARD/MCP4902/mcp4902.o
LOAD ./Core/Devices/LASER_BOARD/laser_board.o
LOAD ./Core/Devices/LT8722/lt8722.o
LOAD ./Core/Devices/MB85RS2MT/mb85rs2mt.o
LOAD ./Core/Devices/NTC/ntc.o
LOAD ./Core/Devices/PHOTO_BOARD/ADS8327/ads8327.o
LOAD ./Core/Devices/PHOTO_BOARD/photo_board.o
LOAD ./Core/LED/status_led.o
LOAD ./Core/Sensor_I2C/sensor_i2c.o
LOAD ./Core/Src/main.o
LOAD ./Core/Src/stm32f4xx_hal_msp.o
LOAD ./Core/Src/stm32f4xx_it.o
LOAD ./Core/Src/syscalls.o
LOAD ./Core/Src/sysmem.o
LOAD ./Core/Src/system_stm32f4xx.o
LOAD ./Core/Startup/startup_stm32f407vgtx.o
LOAD ./Core/Temperature/temperature.o
LOAD ./Core/WDog/watchdog.o
LOAD ./Drivers/STM32F4xx_HAL_Driver/Src/stm32f4xx_hal.o
LOAD ./Drivers/STM32F4xx_HAL_Driver/Src/stm32f4xx_hal_adc.o
LOAD ./Drivers/STM32F4xx_HAL_Driver/Src/stm32f4xx_hal_adc_ex.o
LOAD ./Drivers/STM32F4xx_HAL_Driver/Src/stm32f4xx_hal_cortex.o
LOAD ./Drivers/STM32F4xx_HAL_Driver/Src/stm32f4xx_hal_dma.o
LOAD ./Drivers/STM32F4xx_HAL_Driver/Src/stm32f4xx_hal_dma_ex.o
LOAD ./Drivers/STM32F4xx_HAL_Driver/Src/stm32f4xx_hal_exti.o
LOAD ./Drivers/STM32F4xx_HAL_Driver/Src/stm32f4xx_hal_flash.o
LOAD ./Drivers/STM32F4xx_HAL_Driver/Src/stm32f4xx_hal_flash_ex.o
LOAD ./Drivers/STM32F4xx_HAL_Driver/Src/stm32f4xx_hal_flash_ramfunc.o
LOAD ./Drivers/STM32F4xx_HAL_Driver/Src/stm32f4xx_hal_gpio.o
LOAD ./Drivers/STM32F4xx_HAL_Driver/Src/stm32f4xx_hal_pwr.o
LOAD ./Drivers/STM32F4xx_HAL_Driver/Src/stm32f4xx_hal_pwr_ex.o
LOAD ./Drivers/STM32F4xx_HAL_Driver/Src/stm32f4xx_hal_rcc.o
LOAD ./Drivers/STM32F4xx_HAL_Driver/Src/stm32f4xx_hal_rcc_ex.o
LOAD ./Drivers/STM32F4xx_HAL_Driver/Src/stm32f4xx_hal_tim.o
LOAD ./Drivers/STM32F4xx_HAL_Driver/Src/stm32f4xx_hal_tim_ex.o
LOAD ./Drivers/STM32F4xx_HAL_Driver/Src/stm32f4xx_ll_adc.o
LOAD ./Drivers/STM32F4xx_HAL_Driver/Src/stm32f4xx_ll_dma.o
LOAD ./Drivers/STM32F4xx_HAL_Driver/Src/stm32f4xx_ll_exti.o
LOAD ./Drivers/STM32F4xx_HAL_Driver/Src/stm32f4xx_ll_gpio.o
LOAD ./Drivers/STM32F4xx_HAL_Driver/Src/stm32f4xx_ll_i2c.o
LOAD ./Drivers/STM32F4xx_HAL_Driver/Src/stm32f4xx_ll_rcc.o
LOAD ./Drivers/STM32F4xx_HAL_Driver/Src/stm32f4xx_ll_spi.o
LOAD ./Drivers/STM32F4xx_HAL_Driver/Src/stm32f4xx_ll_tim.o
LOAD ./Drivers/STM32F4xx_HAL_Driver/Src/stm32f4xx_ll_usart.o
LOAD ./Drivers/STM32F4xx_HAL_Driver/Src/stm32f4xx_ll_utils.o
LOAD ./Scheduler/scheduler.o
LOAD ./ThirdParty/libfsp/crc16.o
LOAD ./ThirdParty/libfsp/fsp.o
START GROUP
LOAD C:/ST/STM32CubeIDE_1.18.0/STM32CubeIDE/plugins/com.st.stm32cube.ide.mcu.externaltools.gnu-tools-for-stm32.13.3.rel1.win32_1.0.0.202411081344/tools/bin/../lib/gcc/arm-none-eabi/13.3.1/../../../../arm-none-eabi/lib/thumb/v7e-m+fp/hard\libc_nano.a
LOAD C:/ST/STM32CubeIDE_1.18.0/STM32CubeIDE/plugins/com.st.stm32cube.ide.mcu.externaltools.gnu-tools-for-stm32.13.3.rel1.win32_1.0.0.202411081344/tools/bin/../lib/gcc/arm-none-eabi/13.3.1/../../../../arm-none-eabi/lib/thumb/v7e-m+fp/hard\libm.a
END GROUP
START GROUP
LOAD C:/ST/STM32CubeIDE_1.18.0/STM32CubeIDE/plugins/com.st.stm32cube.ide.mcu.externaltools.gnu-tools-for-stm32.13.3.rel1.win32_1.0.0.202411081344/tools/bin/../lib/gcc/arm-none-eabi/13.3.1/thumb/v7e-m+fp/hard\libgcc.a
LOAD C:/ST/STM32CubeIDE_1.18.0/STM32CubeIDE/plugins/com.st.stm32cube.ide.mcu.externaltools.gnu-tools-for-stm32.13.3.rel1.win32_1.0.0.202411081344/tools/bin/../lib/gcc/arm-none-eabi/13.3.1/../../../../arm-none-eabi/lib/thumb/v7e-m+fp/hard\libc_nano.a
END GROUP
START GROUP
LOAD C:/ST/STM32CubeIDE_1.18.0/STM32CubeIDE/plugins/com.st.stm32cube.ide.mcu.externaltools.gnu-tools-for-stm32.13.3.rel1.win32_1.0.0.202411081344/tools/bin/../lib/gcc/arm-none-eabi/13.3.1/thumb/v7e-m+fp/hard\libgcc.a
LOAD C:/ST/STM32CubeIDE_1.18.0/STM32CubeIDE/plugins/com.st.stm32cube.ide.mcu.externaltools.gnu-tools-for-stm32.13.3.rel1.win32_1.0.0.202411081344/tools/bin/../lib/gcc/arm-none-eabi/13.3.1/../../../../arm-none-eabi/lib/thumb/v7e-m+fp/hard\libc_nano.a
LOAD C:/ST/STM32CubeIDE_1.18.0/STM32CubeIDE/plugins/com.st.stm32cube.ide.mcu.externaltools.gnu-tools-for-stm32.13.3.rel1.win32_1.0.0.202411081344/tools/bin/../lib/gcc/arm-none-eabi/13.3.1/../../../../arm-none-eabi/lib/thumb/v7e-m+fp/hard\libnosys.a
END GROUP
START GROUP
LOAD C:/ST/STM32CubeIDE_1.18.0/STM32CubeIDE/plugins/com.st.stm32cube.ide.mcu.externaltools.gnu-tools-for-stm32.13.3.rel1.win32_1.0.0.202411081344/tools/bin/../lib/gcc/arm-none-eabi/13.3.1/thumb/v7e-m+fp/hard\libgcc.a
LOAD C:/ST/STM32CubeIDE_1.18.0/STM32CubeIDE/plugins/com.st.stm32cube.ide.mcu.externaltools.gnu-tools-for-stm32.13.3.rel1.win32_1.0.0.202411081344/tools/bin/../lib/gcc/arm-none-eabi/13.3.1/../../../../arm-none-eabi/lib/thumb/v7e-m+fp/hard\libc_nano.a
LOAD C:/ST/STM32CubeIDE_1.18.0/STM32CubeIDE/plugins/com.st.stm32cube.ide.mcu.externaltools.gnu-tools-for-stm32.13.3.rel1.win32_1.0.0.202411081344/tools/bin/../lib/gcc/arm-none-eabi/13.3.1/../../../../arm-none-eabi/lib/thumb/v7e-m+fp/hard\libnosys.a
END GROUP
LOAD C:/ST/STM32CubeIDE_1.18.0/STM32CubeIDE/plugins/com.st.stm32cube.ide.mcu.externaltools.gnu-tools-for-stm32.13.3.rel1.win32_1.0.0.202411081344/tools/bin/../lib/gcc/arm-none-eabi/13.3.1/thumb/v7e-m+fp/hard/crtend.o
LOAD C:/ST/STM32CubeIDE_1.18.0/STM32CubeIDE/plugins/com.st.stm32cube.ide.mcu.externaltools.gnu-tools-for-stm32.13.3.rel1.win32_1.0.0.202411081344/tools/bin/../lib/gcc/arm-none-eabi/13.3.1/thumb/v7e-m+fp/hard/crtn.o
                0x20020000                        _estack = (ORIGIN (RAM) + LENGTH (RAM))
                0x00000200                        _Min_Heap_Size = 0x200
                0x00000400                        _Min_Stack_Size = 0x400

.isr_vector     0x08000000      0x188
                0x08000000                        . = ALIGN (0x4)
 *(.isr_vector)
 .isr_vector    0x08000000      0x188 ./Core/Startup/startup_stm32f407vgtx.o
                0x08000000                g_pfnVectors
                0x08000188                        . = ALIGN (0x4)

.text           0x08000190     0xb778
                0x08000190                        . = ALIGN (0x4)
 *(.text)
 .text          0x08000190       0x40 C:/ST/STM32CubeIDE_1.18.0/STM32CubeIDE/plugins/com.st.stm32cube.ide.mcu.externaltools.gnu-tools-for-stm32.13.3.rel1.win32_1.0.0.202411081344/tools/bin/../lib/gcc/arm-none-eabi/13.3.1/thumb/v7e-m+fp/hard/crtbegin.o
 .text          0x080001d0       0x14 C:/ST/STM32CubeIDE_1.18.0/STM32CubeIDE/plugins/com.st.stm32cube.ide.mcu.externaltools.gnu-tools-for-stm32.13.3.rel1.win32_1.0.0.202411081344/tools/bin/../lib/gcc/arm-none-eabi/13.3.1/../../../../arm-none-eabi/lib/thumb/v7e-m+fp/hard\libc_nano.a(libc_a-strcmp.o)
                0x080001d0                strcmp
 .text          0x080001e4       0x10 C:/ST/STM32CubeIDE_1.18.0/STM32CubeIDE/plugins/com.st.stm32cube.ide.mcu.externaltools.gnu-tools-for-stm32.13.3.rel1.win32_1.0.0.202411081344/tools/bin/../lib/gcc/arm-none-eabi/13.3.1/../../../../arm-none-eabi/lib/thumb/v7e-m+fp/hard\libc_nano.a(libc_a-strlen.o)
                0x080001e4                strlen
 *fill*         0x080001f4        0xc 
 .text          0x08000200       0xa0 C:/ST/STM32CubeIDE_1.18.0/STM32CubeIDE/plugins/com.st.stm32cube.ide.mcu.externaltools.gnu-tools-for-stm32.13.3.rel1.win32_1.0.0.202411081344/tools/bin/../lib/gcc/arm-none-eabi/13.3.1/../../../../arm-none-eabi/lib/thumb/v7e-m+fp/hard\libc_nano.a(libc_a-memchr.o)
                0x08000200                memchr
 .text          0x080002a0       0xa0 C:/ST/STM32CubeIDE_1.18.0/STM32CubeIDE/plugins/com.st.stm32cube.ide.mcu.externaltools.gnu-tools-for-stm32.13.3.rel1.win32_1.0.0.202411081344/tools/bin/../lib/gcc/arm-none-eabi/13.3.1/thumb/v7e-m+fp/hard\libgcc.a(_aeabi_ldivmod.o)
                0x080002a0                __aeabi_ldivmod
 .text          0x08000340       0x30 C:/ST/STM32CubeIDE_1.18.0/STM32CubeIDE/plugins/com.st.stm32cube.ide.mcu.externaltools.gnu-tools-for-stm32.13.3.rel1.win32_1.0.0.202411081344/tools/bin/../lib/gcc/arm-none-eabi/13.3.1/thumb/v7e-m+fp/hard\libgcc.a(_aeabi_uldivmod.o)
                0x08000340                __aeabi_uldivmod
 .text          0x08000370      0x2f8 C:/ST/STM32CubeIDE_1.18.0/STM32CubeIDE/plugins/com.st.stm32cube.ide.mcu.externaltools.gnu-tools-for-stm32.13.3.rel1.win32_1.0.0.202411081344/tools/bin/../lib/gcc/arm-none-eabi/13.3.1/thumb/v7e-m+fp/hard\libgcc.a(_udivmoddi4.o)
                0x08000370                __udivmoddi4
 .text          0x08000668        0x4 C:/ST/STM32CubeIDE_1.18.0/STM32CubeIDE/plugins/com.st.stm32cube.ide.mcu.externaltools.gnu-tools-for-stm32.13.3.rel1.win32_1.0.0.202411081344/tools/bin/../lib/gcc/arm-none-eabi/13.3.1/thumb/v7e-m+fp/hard\libgcc.a(_dvmd_tls.o)
                0x08000668                __aeabi_idiv0
                0x08000668                __aeabi_ldiv0
 *(.text*)
 .text.LL_SYSTICK_IsActiveCounterFlag
                0x0800066c       0x28 ./BSP/Delay/delay.o
 .text.delay_us
                0x08000694       0x48 ./BSP/Delay/delay.o
                0x08000694                delay_us
 .text.LL_I2C_Enable
                0x080006dc       0x20 ./BSP/I2C_Slave/i2c_slave.o
 .text.LL_I2C_Disable
                0x080006fc       0x20 ./BSP/I2C_Slave/i2c_slave.o
 .text.LL_I2C_EnableClockStretching
                0x0800071c       0x20 ./BSP/I2C_Slave/i2c_slave.o
 .text.LL_I2C_DisableGeneralCall
                0x0800073c       0x20 ./BSP/I2C_Slave/i2c_slave.o
 .text.LL_I2C_DisableOwnAddress2
                0x0800075c       0x20 ./BSP/I2C_Slave/i2c_slave.o
 .text.LL_I2C_EnableIT_EVT
                0x0800077c       0x20 ./BSP/I2C_Slave/i2c_slave.o
 .text.LL_I2C_EnableIT_BUF
                0x0800079c       0x20 ./BSP/I2C_Slave/i2c_slave.o
 .text.LL_I2C_DisableIT_BUF
                0x080007bc       0x20 ./BSP/I2C_Slave/i2c_slave.o
 .text.LL_I2C_EnableIT_ERR
                0x080007dc       0x20 ./BSP/I2C_Slave/i2c_slave.o
 .text.LL_I2C_IsActiveFlag_TXE
                0x080007fc       0x26 ./BSP/I2C_Slave/i2c_slave.o
 .text.LL_I2C_IsActiveFlag_RXNE
                0x08000822       0x26 ./BSP/I2C_Slave/i2c_slave.o
 .text.LL_I2C_IsActiveFlag_ADDR
                0x08000848       0x26 ./BSP/I2C_Slave/i2c_slave.o
 .text.LL_I2C_IsActiveFlag_AF
                0x0800086e       0x28 ./BSP/I2C_Slave/i2c_slave.o
 .text.LL_I2C_IsActiveFlag_STOP
                0x08000896       0x26 ./BSP/I2C_Slave/i2c_slave.o
 .text.LL_I2C_IsActiveFlag_BERR
                0x080008bc       0x28 ./BSP/I2C_Slave/i2c_slave.o
 .text.LL_I2C_IsActiveFlag_ARLO
                0x080008e4       0x28 ./BSP/I2C_Slave/i2c_slave.o
 .text.LL_I2C_IsActiveFlag_OVR
                0x0800090c       0x28 ./BSP/I2C_Slave/i2c_slave.o
 .text.LL_I2C_ClearFlag_ADDR
                0x08000934       0x24 ./BSP/I2C_Slave/i2c_slave.o
 .text.LL_I2C_ClearFlag_AF
                0x08000958       0x20 ./BSP/I2C_Slave/i2c_slave.o
 .text.LL_I2C_ClearFlag_STOP
                0x08000978       0x28 ./BSP/I2C_Slave/i2c_slave.o
 .text.LL_I2C_ClearFlag_BERR
                0x080009a0       0x20 ./BSP/I2C_Slave/i2c_slave.o
 .text.LL_I2C_ClearFlag_ARLO
                0x080009c0       0x20 ./BSP/I2C_Slave/i2c_slave.o
 .text.LL_I2C_ClearFlag_OVR
                0x080009e0       0x20 ./BSP/I2C_Slave/i2c_slave.o
 .text.LL_I2C_GetTransferDirection
                0x08000a00       0x1c ./BSP/I2C_Slave/i2c_slave.o
 .text.LL_I2C_ReceiveData8
                0x08000a1c       0x1a ./BSP/I2C_Slave/i2c_slave.o
 .text.LL_I2C_TransmitData8
                0x08000a36       0x28 ./BSP/I2C_Slave/i2c_slave.o
 *fill*         0x08000a5e        0x2 
 .text.I2C_ReInit
                0x08000a60       0xa0 ./BSP/I2C_Slave/i2c_slave.o
                0x08000a60                I2C_ReInit
 .text.i2c_slave_clear
                0x08000b00       0x34 ./BSP/I2C_Slave/i2c_slave.o
                0x08000b00                i2c_slave_clear
 .text.i2c_slave_init
                0x08000b34       0x3c ./BSP/I2C_Slave/i2c_slave.o
                0x08000b34                i2c_slave_init
 .text.I2C_event_IRQ
                0x08000b70      0x210 ./BSP/I2C_Slave/i2c_slave.o
                0x08000b70                I2C_event_IRQ
 .text.I2C_error_IRQ
                0x08000d80       0x9c ./BSP/I2C_Slave/i2c_slave.o
                0x08000d80                I2C_error_IRQ
 .text.__NVIC_SetPriority
                0x08000e1c       0x54 ./BSP/SysTick/systick.o
 .text.SysTick_Config
                0x08000e70       0x44 ./BSP/SysTick/systick.o
 .text.systick_timer_start
                0x08000eb4       0x20 ./BSP/SysTick/systick.o
                0x08000eb4                systick_timer_start
 .text.systick_timer_init
                0x08000ed4       0x24 ./BSP/SysTick/systick.o
                0x08000ed4                systick_timer_init
 .text.LL_USART_IsActiveFlag_FE
                0x08000ef8       0x26 ./BSP/UART/uart.o
 .text.LL_USART_IsActiveFlag_NE
                0x08000f1e       0x26 ./BSP/UART/uart.o
 .text.LL_USART_IsActiveFlag_ORE
                0x08000f44       0x26 ./BSP/UART/uart.o
 .text.LL_USART_IsActiveFlag_RXNE
                0x08000f6a       0x26 ./BSP/UART/uart.o
 .text.LL_USART_IsActiveFlag_TXE
                0x08000f90       0x26 ./BSP/UART/uart.o
 .text.LL_USART_ClearFlag_FE
                0x08000fb6       0x24 ./BSP/UART/uart.o
 .text.LL_USART_ClearFlag_NE
                0x08000fda       0x24 ./BSP/UART/uart.o
 .text.LL_USART_ClearFlag_ORE
                0x08000ffe       0x24 ./BSP/UART/uart.o
 .text.LL_USART_EnableIT_RXNE
                0x08001022       0x46 ./BSP/UART/uart.o
 .text.LL_USART_EnableIT_TXE
                0x08001068       0x46 ./BSP/UART/uart.o
 .text.LL_USART_DisableIT_RXNE
                0x080010ae       0x46 ./BSP/UART/uart.o
 .text.LL_USART_DisableIT_TXE
                0x080010f4       0x46 ./BSP/UART/uart.o
 .text.LL_USART_IsEnabledIT_RXNE
                0x0800113a       0x26 ./BSP/UART/uart.o
 .text.LL_USART_IsEnabledIT_TXE
                0x08001160       0x26 ./BSP/UART/uart.o
 .text.LL_USART_ReceiveData8
                0x08001186       0x1a ./BSP/UART/uart.o
 .text.LL_USART_TransmitData8
                0x080011a0       0x1e ./BSP/UART/uart.o
 *fill*         0x080011be        0x2 
 .text.get_usart_buffer
                0x080011c0       0x54 ./BSP/UART/uart.o
                0x080011c0                get_usart_buffer
 .text.store_char
                0x08001214       0x56 ./BSP/UART/uart.o
                0x08001214                store_char
 .text.UART_ReadRing
                0x0800126a       0x70 ./BSP/UART/uart.o
                0x0800126a                UART_ReadRing
 .text.UART_WriteRing
                0x080012da       0x78 ./BSP/UART/uart.o
                0x080012da                UART_WriteRing
 .text.IsDataAvailable
                0x08001352       0x52 ./BSP/UART/uart.o
                0x08001352                IsDataAvailable
 .text.UART_SendStringRing
                0x080013a4       0x2e ./BSP/UART/uart.o
                0x080013a4                UART_SendStringRing
 .text.UART_Flush_RingRx
                0x080013d2       0x42 ./BSP/UART/uart.o
                0x080013d2                UART_Flush_RingRx
 .text.UART_Ring_ISR
                0x08001414       0xf0 ./BSP/UART/uart.o
                0x08001414                UART_Ring_ISR
 .text.CmdLineProcess
                0x08001504       0xb8 ./Core/CMDLine/cmdline.o
                0x08001504                CmdLineProcess
 .text.__NVIC_SystemReset
                0x080015bc       0x2c ./Core/CMDLine/command.o
 .text.LL_GPIO_SetOutputPin
                0x080015e8       0x1c ./Core/CMDLine/command.o
 .text.LL_GPIO_ResetOutputPin
                0x08001604       0x1e ./Core/CMDLine/command.o
 *fill*         0x08001622        0x2 
 .text.LL_APB2_GRP1_ForceReset
                0x08001624       0x24 ./Core/CMDLine/command.o
 .text.LL_APB2_GRP1_ReleaseReset
                0x08001648       0x28 ./Core/CMDLine/command.o
 .text.CommandLine_Init
                0x08001670       0x74 ./Core/CMDLine/command.o
                0x08001670                CommandLine_Init
 .text.CommandLine_Task_Update
                0x080016e4       0x64 ./Core/CMDLine/command.o
 .text.process_command
                0x08001748      0x510 ./Core/CMDLine/command.o
                0x08001748                process_command
 .text.ResetConfig
                0x08001c58       0x7c ./Core/CMDLine/command.o
 .text.Cmd_help
                0x08001cd4      0x114 ./Core/CMDLine/command.o
                0x08001cd4                Cmd_help
 .text.Cmd_system_reset
                0x08001de8       0x74 ./Core/CMDLine/command.o
                0x08001de8                Cmd_system_reset
 .text.Cmd_alive_check
                0x08001e5c       0x28 ./Core/CMDLine/command.o
                0x08001e5c                Cmd_alive_check
 .text.Cmd_ota_boot
                0x08001e84       0x74 ./Core/CMDLine/command.o
                0x08001e84                Cmd_ota_boot
 .text.Cmd_temp_pw
                0x08001ef8       0x50 ./Core/CMDLine/command.o
                0x08001ef8                Cmd_temp_pw
 .text.Cmd_set_temp
                0x08001f48       0xbc ./Core/CMDLine/command.o
                0x08001f48                Cmd_set_temp
 .text.Cmd_get_temp
                0x08002004       0xec ./Core/CMDLine/command.o
                0x08002004                Cmd_get_temp
 .text.Cmd_get_temp_setpoint
                0x080020f0       0x80 ./Core/CMDLine/command.o
                0x080020f0                Cmd_get_temp_setpoint
 .text.Cmd_tec_init
                0x08002170      0x158 ./Core/CMDLine/command.o
                0x08002170                Cmd_tec_init
 .text.Cmd_tec_set_vol
                0x080022c8       0xa8 ./Core/CMDLine/command.o
                0x080022c8                Cmd_tec_set_vol
 .text.Cmd_tec_get_vol
                0x08002370       0x94 ./Core/CMDLine/command.o
                0x08002370                Cmd_tec_get_vol
 .text.Cmd_tec_dir
                0x08002404       0x9c ./Core/CMDLine/command.o
                0x08002404                Cmd_tec_dir
 .text.Cmd_tec_ctrl
                0x080024a0       0xb8 ./Core/CMDLine/command.o
                0x080024a0                Cmd_tec_ctrl
 .text.Cmd_tec_read
                0x08002558      0x1e4 ./Core/CMDLine/command.o
                0x08002558                Cmd_tec_read
 .text.Cmd_heater_set_duty
                0x0800273c       0xac ./Core/CMDLine/command.o
                0x0800273c                Cmd_heater_set_duty
 .text.Cmd_heater_get_duty
                0x080027e8       0x78 ./Core/CMDLine/command.o
                0x080027e8                Cmd_heater_get_duty
 .text.Cmd_temp_set_auto
                0x08002860       0x9c ./Core/CMDLine/command.o
                0x08002860                Cmd_temp_set_auto
 .text.Cmd_temp_auto_0
                0x080028fc      0x18c ./Core/CMDLine/command.o
                0x080028fc                Cmd_temp_auto_0
 .text.Cmd_temp_auto_1
                0x08002a88      0x18c ./Core/CMDLine/command.o
                0x08002a88                Cmd_temp_auto_1
 .text.Cmd_temp_auto_2
                0x08002c14      0x18c ./Core/CMDLine/command.o
                0x08002c14                Cmd_temp_auto_2
 .text.Cmd_temp_auto_3
                0x08002da0      0x18c ./Core/CMDLine/command.o
                0x08002da0                Cmd_temp_auto_3
 .text.Cmd_ir_set_duty
                0x08002f2c       0x7c ./Core/CMDLine/command.o
                0x08002f2c                Cmd_ir_set_duty
 .text.Cmd_ir_get_duty
                0x08002fa8       0x50 ./Core/CMDLine/command.o
                0x08002fa8                Cmd_ir_get_duty
 .text.Cmd_acceleration_gyroscope_get
                0x08002ff8       0x18 ./Core/CMDLine/command.o
                0x08002ff8                Cmd_acceleration_gyroscope_get
 .text.Cmd_pressure_get
                0x08003010       0x18 ./Core/CMDLine/command.o
                0x08003010                Cmd_pressure_get
 .text.Cmd_int_ls_dac
                0x08003028       0x80 ./Core/CMDLine/command.o
                0x08003028                Cmd_int_ls_dac
 .text.Cmd_int_ls_set
                0x080030a8       0x60 ./Core/CMDLine/command.o
                0x080030a8                Cmd_int_ls_set
 .text.Cmd_int_ls_auto
                0x08003108      0x2fc ./Core/CMDLine/command.o
                0x08003108                Cmd_int_ls_auto
 .text.Cmd_ext_ls_dac
                0x08003404       0x80 ./Core/CMDLine/command.o
                0x08003404                Cmd_ext_ls_dac
 .text.Cmd_ext_ls_set
                0x08003484       0x54 ./Core/CMDLine/command.o
                0x08003484                Cmd_ext_ls_set
 .text.Cmd_ext_ls_auto
                0x080034d8       0x18 ./Core/CMDLine/command.o
                0x080034d8                Cmd_ext_ls_auto
 .text.Cmd_pd_set
                0x080034f0       0x60 ./Core/CMDLine/command.o
                0x080034f0                Cmd_pd_set
 .text.Cmd_pd_get_adc
                0x08003550       0x60 ./Core/CMDLine/command.o
                0x08003550                Cmd_pd_get_adc
 .text.Cmd_pd_auto
                0x080035b0       0xbc ./Core/CMDLine/command.o
                0x080035b0                Cmd_pd_auto
 .text.CommandLine_CreateTask
                0x0800366c       0x18 ./Core/CMDLine/command.o
                0x0800366c                CommandLine_CreateTask
 .text.LL_SPI_IsActiveFlag_TXE
                0x08003684       0x26 ./Core/Devices/ADG1414/adg1414.o
 .text.LL_SPI_IsActiveFlag_BSY
                0x080036aa       0x26 ./Core/Devices/ADG1414/adg1414.o
 .text.LL_SPI_TransmitData8
                0x080036d0       0x24 ./Core/Devices/ADG1414/adg1414.o
 .text.LL_GPIO_SetOutputPin
                0x080036f4       0x1c ./Core/Devices/ADG1414/adg1414.o
 .text.LL_GPIO_ResetOutputPin
                0x08003710       0x1e ./Core/Devices/ADG1414/adg1414.o
 *fill*         0x0800372e        0x2 
 .text.adg1414_set_timeout
                0x08003730       0x20 ./Core/Devices/ADG1414/adg1414.o
 .text.adg1414_get_timeout
                0x08003750       0x18 ./Core/Devices/ADG1414/adg1414.o
 .text.adg1414_Select
                0x08003768       0x20 ./Core/Devices/ADG1414/adg1414.o
 .text.adg1414_Deselect
                0x08003788       0x20 ./Core/Devices/ADG1414/adg1414.o
 .text.adg1414_SPI_Transmit
                0x080037a8       0x90 ./Core/Devices/ADG1414/adg1414.o
 .text.adg1414_init
                0x08003838       0x36 ./Core/Devices/ADG1414/adg1414.o
                0x08003838                adg1414_init
 .text.adg1414_SetSwChannel
                0x0800386e       0x4c ./Core/Devices/ADG1414/adg1414.o
                0x0800386e                adg1414_SetSwChannel
 .text.adg1414_Chain_init
                0x080038ba       0xb0 ./Core/Devices/ADG1414/adg1414.o
                0x080038ba                adg1414_Chain_init
 .text.adg1414_Chain_SetSwChannel
                0x0800396a       0xfc ./Core/Devices/ADG1414/adg1414.o
                0x0800396a                adg1414_Chain_SetSwChannel
 *fill*         0x08003a66        0x2 
 .text.auto_run_task_update
                0x08003a68      0x2b0 ./Core/Devices/Auto_run/auto_run.o
 .text.auto_get_temp
                0x08003d18       0xbc ./Core/Devices/Auto_run/auto_run.o
                0x08003d18                auto_get_temp
 .text.auto_set_pd
                0x08003dd4       0x38 ./Core/Devices/Auto_run/auto_run.o
                0x08003dd4                auto_set_pd
 .text.auto_set_ls
                0x08003e0c       0x38 ./Core/Devices/Auto_run/auto_run.o
                0x08003e0c                auto_set_ls
 .text.read_adc
                0x08003e44       0xb4 ./Core/Devices/Auto_run/auto_run.o
                0x08003e44                read_adc
 .text.read_adc_without_LF
                0x08003ef8       0x4c ./Core/Devices/Auto_run/auto_run.o
                0x08003ef8                read_adc_without_LF
 .text.AutoRun_CreateTask
                0x08003f44       0x18 ./Core/Devices/Auto_run/auto_run.o
                0x08003f44                AutoRun_CreateTask
 .text.SoftTime_Task_Update
                0x08003f5c      0x184 ./Core/Devices/DateTime/date_time.o
                0x08003f5c                SoftTime_Task_Update
 .text.SoftTime_CreateTask
                0x080040e0       0x5c ./Core/Devices/DateTime/date_time.o
                0x080040e0                SoftTime_CreateTask
 .text.DateTime_GetRTC
                0x0800413c       0x2c ./Core/Devices/DateTime/date_time.o
                0x0800413c                DateTime_GetRTC
 .text.LL_TIM_OC_SetCompareCH1
                0x08004168       0x1c ./Core/Devices/Heater/heater.o
 .text.LL_TIM_OC_SetCompareCH2
                0x08004184       0x1c ./Core/Devices/Heater/heater.o
 .text.LL_TIM_OC_SetCompareCH3
                0x080041a0       0x1c ./Core/Devices/Heater/heater.o
 .text.LL_TIM_OC_SetCompareCH4
                0x080041bc       0x1c ./Core/Devices/Heater/heater.o
 .text.heater_set_duty_pwm_channel
                0x080041d8       0x7c ./Core/Devices/Heater/heater.o
                0x080041d8                heater_set_duty_pwm_channel
 .text.LL_TIM_OC_SetCompareCH1
                0x08004254       0x1c ./Core/Devices/IR_LED/ir_led.o
 .text.ir_led_set_duty
                0x08004270       0x40 ./Core/Devices/IR_LED/ir_led.o
                0x08004270                ir_led_set_duty
 .text.ir_led_get_duty
                0x080042b0       0x28 ./Core/Devices/IR_LED/ir_led.o
                0x080042b0                ir_led_get_duty
 .text.LL_SPI_Enable
                0x080042d8       0x20 ./Core/Devices/LASER_BOARD/MCP4902/mcp4902.o
 .text.LL_SPI_IsEnabled
                0x080042f8       0x26 ./Core/Devices/LASER_BOARD/MCP4902/mcp4902.o
 .text.LL_SPI_IsActiveFlag_TXE
                0x0800431e       0x26 ./Core/Devices/LASER_BOARD/MCP4902/mcp4902.o
 .text.LL_SPI_IsActiveFlag_BSY
                0x08004344       0x26 ./Core/Devices/LASER_BOARD/MCP4902/mcp4902.o
 .text.LL_SPI_TransmitData8
                0x0800436a       0x24 ./Core/Devices/LASER_BOARD/MCP4902/mcp4902.o
 .text.LL_GPIO_SetOutputPin
                0x0800438e       0x1c ./Core/Devices/LASER_BOARD/MCP4902/mcp4902.o
 .text.LL_GPIO_ResetOutputPin
                0x080043aa       0x1e ./Core/Devices/LASER_BOARD/MCP4902/mcp4902.o
 .text.v2dac    0x080043c8       0x44 ./Core/Devices/LASER_BOARD/MCP4902/mcp4902.o
                0x080043c8                v2dac
 .text.MCP4902_Write
                0x0800440c      0x124 ./Core/Devices/LASER_BOARD/MCP4902/mcp4902.o
 .text.MCP4902_Set_DAC
                0x08004530       0x28 ./Core/Devices/LASER_BOARD/MCP4902/mcp4902.o
                0x08004530                MCP4902_Set_DAC
 .text.MCP4902_Set_Voltage
                0x08004558       0x32 ./Core/Devices/LASER_BOARD/MCP4902/mcp4902.o
                0x08004558                MCP4902_Set_Voltage
 .text.MCP4902_Device_Init
                0x0800458a       0xe2 ./Core/Devices/LASER_BOARD/MCP4902/mcp4902.o
                0x0800458a                MCP4902_Device_Init
 .text.Laser_board_init
                0x0800466c       0x44 ./Core/Devices/LASER_BOARD/laser_board.o
                0x0800466c                Laser_board_init
 .text.LL_SPI_IsActiveFlag_RXNE
                0x080046b0       0x26 ./Core/Devices/LT8722/lt8722.o
 .text.LL_SPI_ReceiveData8
                0x080046d6       0x1c ./Core/Devices/LT8722/lt8722.o
 .text.LL_SPI_TransmitData8
                0x080046f2       0x24 ./Core/Devices/LT8722/lt8722.o
 .text.LL_GPIO_SetOutputPin
                0x08004716       0x1c ./Core/Devices/LT8722/lt8722.o
 .text.LL_GPIO_ResetOutputPin
                0x08004732       0x1e ./Core/Devices/LT8722/lt8722.o
 .text.csLOW    0x08004750       0x34 ./Core/Devices/LT8722/lt8722.o
 .text.csHIGH   0x08004784       0x34 ./Core/Devices/LT8722/lt8722.o
 .text.SPI_LL_Transmit
                0x080047b8       0x38 ./Core/Devices/LT8722/lt8722.o
 .text.SPI_write_and_read_buffer
                0x080047f0       0x5e ./Core/Devices/LT8722/lt8722.o
                0x080047f0                SPI_write_and_read_buffer
 *fill*         0x0800484e        0x2 
 .text.lt8722_voltage_to_dac
                0x08004850       0x4c ./Core/Devices/LT8722/lt8722.o
                0x08004850                lt8722_voltage_to_dac
 .text.lt8722_dac_to_voltage
                0x0800489c       0x88 ./Core/Devices/LT8722/lt8722.o
                0x0800489c                lt8722_dac_to_voltage
 .text.lt8722_transaction
                0x08004924      0x100 ./Core/Devices/LT8722/lt8722.o
                0x08004924                lt8722_transaction
 .text.lt8722_reg_read
                0x08004a24       0x74 ./Core/Devices/LT8722/lt8722.o
                0x08004a24                lt8722_reg_read
 .text.lt8722_reg_write
                0x08004a98       0x58 ./Core/Devices/LT8722/lt8722.o
                0x08004a98                lt8722_reg_write
 .text.lt8722_reg_write_mask
                0x08004af0       0x50 ./Core/Devices/LT8722/lt8722.o
                0x08004af0                lt8722_reg_write_mask
 .text.lt8722_set_enable_req
                0x08004b40       0x26 ./Core/Devices/LT8722/lt8722.o
                0x08004b40                lt8722_set_enable_req
 .text.lt8722_set_swen_req
                0x08004b66       0x26 ./Core/Devices/LT8722/lt8722.o
                0x08004b66                lt8722_set_swen_req
 .text.lt8722_reset
                0x08004b8c       0x22 ./Core/Devices/LT8722/lt8722.o
                0x08004b8c                lt8722_reset
 .text.lt8722_clear_faults
                0x08004bae       0x32 ./Core/Devices/LT8722/lt8722.o
                0x08004bae                lt8722_clear_faults
 .text.lt8722_set_dac
                0x08004be0       0x28 ./Core/Devices/LT8722/lt8722.o
                0x08004be0                lt8722_set_dac
 .text.lt8722_init
                0x08004c08      0x1d4 ./Core/Devices/LT8722/lt8722.o
                0x08004c08                lt8722_init
 .text.lt8722_set_output_voltage_channel
                0x08004ddc       0xe4 ./Core/Devices/LT8722/lt8722.o
                0x08004ddc                lt8722_set_output_voltage_channel
 .text.Calculate_CRC8
                0x08004ec0       0x78 ./Core/Devices/LT8722/lt8722.o
                0x08004ec0                Calculate_CRC8
 .text.put_unaligned_be32
                0x08004f38       0x42 ./Core/Devices/LT8722/lt8722.o
                0x08004f38                put_unaligned_be32
 .text.get_unaligned_be32
                0x08004f7a       0x3a ./Core/Devices/LT8722/lt8722.o
                0x08004f7a                get_unaligned_be32
 .text.get_unaligned_be16
                0x08004fb4       0x24 ./Core/Devices/LT8722/lt8722.o
                0x08004fb4                get_unaligned_be16
 .text.find_first_set_bit
                0x08004fd8       0x3c ./Core/Devices/LT8722/lt8722.o
                0x08004fd8                find_first_set_bit
 .text.field_prep
                0x08005014       0x24 ./Core/Devices/LT8722/lt8722.o
                0x08005014                field_prep
 .text.LL_GPIO_SetOutputPin
                0x08005038       0x1c ./Core/Devices/MB85RS2MT/mb85rs2mt.o
 .text.MB85RS2MT_Deselect
                0x08005054       0x20 ./Core/Devices/MB85RS2MT/mb85rs2mt.o
 .text.MB85RS2MT_Init
                0x08005074       0x16 ./Core/Devices/MB85RS2MT/mb85rs2mt.o
                0x08005074                MB85RS2MT_Init
 .text.LL_ADC_Enable
                0x0800508a       0x20 ./Core/Devices/NTC/ntc.o
 .text.LL_ADC_IsEnabled
                0x080050aa       0x26 ./Core/Devices/NTC/ntc.o
 .text.LL_ADC_REG_StartConversionSWStart
                0x080050d0       0x20 ./Core/Devices/NTC/ntc.o
 .text.LL_DMA_EnableStream
                0x080050f0       0x40 ./Core/Devices/NTC/ntc.o
 .text.LL_DMA_SetDataTransferDirection
                0x08005130       0x48 ./Core/Devices/NTC/ntc.o
 .text.LL_DMA_SetMode
                0x08005178       0x48 ./Core/Devices/NTC/ntc.o
 .text.LL_DMA_SetPeriphIncMode
                0x080051c0       0x48 ./Core/Devices/NTC/ntc.o
 .text.LL_DMA_SetMemoryIncMode
                0x08005208       0x48 ./Core/Devices/NTC/ntc.o
 .text.LL_DMA_SetPeriphSize
                0x08005250       0x48 ./Core/Devices/NTC/ntc.o
 .text.LL_DMA_SetMemorySize
                0x08005298       0x48 ./Core/Devices/NTC/ntc.o
 .text.LL_DMA_SetDataLength
                0x080052e0       0x48 ./Core/Devices/NTC/ntc.o
 .text.LL_DMA_SetChannelSelection
                0x08005328       0x48 ./Core/Devices/NTC/ntc.o
 .text.LL_DMA_SetMemoryAddress
                0x08005370       0x30 ./Core/Devices/NTC/ntc.o
 .text.LL_DMA_SetPeriphAddress
                0x080053a0       0x30 ./Core/Devices/NTC/ntc.o
 .text.NTC_DMA_ADC_Init
                0x080053d0       0xa8 ./Core/Devices/NTC/ntc.o
                0x080053d0                NTC_DMA_ADC_Init
 .text.NTC_get_temperature
                0x08005478       0x80 ./Core/Devices/NTC/ntc.o
                0x08005478                NTC_get_temperature
 .text.LL_SPI_IsEnabled
                0x080054f8       0x26 ./Core/Devices/PHOTO_BOARD/ADS8327/ads8327.o
 .text.LL_SPI_IsActiveFlag_RXNE
                0x0800551e       0x26 ./Core/Devices/PHOTO_BOARD/ADS8327/ads8327.o
 .text.LL_SPI_IsActiveFlag_TXE
                0x08005544       0x26 ./Core/Devices/PHOTO_BOARD/ADS8327/ads8327.o
 .text.LL_SPI_IsActiveFlag_BSY
                0x0800556a       0x26 ./Core/Devices/PHOTO_BOARD/ADS8327/ads8327.o
 .text.LL_SPI_ReceiveData8
                0x08005590       0x1c ./Core/Devices/PHOTO_BOARD/ADS8327/ads8327.o
 .text.LL_SPI_TransmitData8
                0x080055ac       0x24 ./Core/Devices/PHOTO_BOARD/ADS8327/ads8327.o
 .text.LL_GPIO_IsInputPinSet
                0x080055d0       0x2a ./Core/Devices/PHOTO_BOARD/ADS8327/ads8327.o
 .text.LL_GPIO_SetOutputPin
                0x080055fa       0x1c ./Core/Devices/PHOTO_BOARD/ADS8327/ads8327.o
 .text.LL_GPIO_ResetOutputPin
                0x08005616       0x1e ./Core/Devices/PHOTO_BOARD/ADS8327/ads8327.o
 .text.ADS8327_set_timeout
                0x08005634       0x20 ./Core/Devices/PHOTO_BOARD/ADS8327/ads8327.o
 .text.ADS8327_get_timeout
                0x08005654       0x18 ./Core/Devices/PHOTO_BOARD/ADS8327/ads8327.o
 .text.ADS8327_Transmit16
                0x0800566c      0x192 ./Core/Devices/PHOTO_BOARD/ADS8327/ads8327.o
 .text.ADS8327_Wake_Up
                0x080057fe       0x44 ./Core/Devices/PHOTO_BOARD/ADS8327/ads8327.o
                0x080057fe                ADS8327_Wake_Up
 .text.ADS8327_Write_CFR
                0x08005842       0x6e ./Core/Devices/PHOTO_BOARD/ADS8327/ads8327.o
                0x08005842                ADS8327_Write_CFR
 .text.ADS8327_Default_CFR
                0x080058b0       0x70 ./Core/Devices/PHOTO_BOARD/ADS8327/ads8327.o
                0x080058b0                ADS8327_Default_CFR
 .text.ADS8327_Read_Data_Polling
                0x08005920       0x94 ./Core/Devices/PHOTO_BOARD/ADS8327/ads8327.o
                0x08005920                ADS8327_Read_Data_Polling
 .text.ADS8327_Device_Init
                0x080059b4       0x60 ./Core/Devices/PHOTO_BOARD/ADS8327/ads8327.o
                0x080059b4                ADS8327_Device_Init
 .text.Photo_board_init
                0x08005a14       0x48 ./Core/Devices/PHOTO_BOARD/photo_board.o
                0x08005a14                Photo_board_init
 .text.LL_GPIO_SetOutputPin
                0x08005a5c       0x1c ./Core/LED/status_led.o
 .text.LL_GPIO_ResetOutputPin
                0x08005a78       0x1e ./Core/LED/status_led.o
 *fill*         0x08005a96        0x2 
 .text.LED_Status_Init
                0x08005a98       0x34 ./Core/LED/status_led.o
                0x08005a98                LED_Status_Init
 .text.status_led_update
                0x08005acc       0x3c ./Core/LED/status_led.o
                0x08005acc                status_led_update
 .text.status_led_powerup
                0x08005b08       0x90 ./Core/LED/status_led.o
 .text.status_led_normal
                0x08005b98       0x44 ./Core/LED/status_led.o
 .text.status_led_error
                0x08005bdc       0x8c ./Core/LED/status_led.o
 .text.status_led_led_green_on
                0x08005c68       0x18 ./Core/LED/status_led.o
 .text.status_led_led_green_off
                0x08005c80       0x18 ./Core/LED/status_led.o
 .text.status_led_led_blue_on
                0x08005c98       0x18 ./Core/LED/status_led.o
 .text.status_led_led_blue_off
                0x08005cb0       0x18 ./Core/LED/status_led.o
 .text.LED_Status_CreateTask
                0x08005cc8       0x18 ./Core/LED/status_led.o
                0x08005cc8                LED_Status_CreateTask
 .text.__NVIC_GetPriorityGrouping
                0x08005ce0       0x1c ./Core/Src/main.o
 .text.__NVIC_EnableIRQ
                0x08005cfc       0x3c ./Core/Src/main.o
 .text.__NVIC_SetPriority
                0x08005d38       0x54 ./Core/Src/main.o
 .text.NVIC_EncodePriority
                0x08005d8c       0x66 ./Core/Src/main.o
 .text.LL_ADC_REG_SetSequencerRanks
                0x08005df2       0x7a ./Core/Src/main.o
 .text.LL_ADC_REG_SetFlagEndOfConversion
                0x08005e6c       0x26 ./Core/Src/main.o
 .text.LL_ADC_SetChannelSamplingTime
                0x08005e92       0xc2 ./Core/Src/main.o
 .text.LL_DMA_SetDataTransferDirection
                0x08005f54       0x48 ./Core/Src/main.o
 .text.LL_DMA_SetMode
                0x08005f9c       0x48 ./Core/Src/main.o
 .text.LL_DMA_SetPeriphIncMode
                0x08005fe4       0x48 ./Core/Src/main.o
 .text.LL_DMA_SetMemoryIncMode
                0x0800602c       0x48 ./Core/Src/main.o
 .text.LL_DMA_SetPeriphSize
                0x08006074       0x48 ./Core/Src/main.o
 .text.LL_DMA_SetMemorySize
                0x080060bc       0x48 ./Core/Src/main.o
 .text.LL_DMA_SetStreamPriorityLevel
                0x08006104       0x48 ./Core/Src/main.o
 .text.LL_DMA_SetChannelSelection
                0x0800614c       0x48 ./Core/Src/main.o
 .text.LL_DMA_DisableFifoMode
                0x08006194       0x40 ./Core/Src/main.o
 .text.LL_I2C_Enable
                0x080061d4       0x20 ./Core/Src/main.o
 .text.LL_I2C_EnableClockStretching
                0x080061f4       0x20 ./Core/Src/main.o
 .text.LL_I2C_DisableGeneralCall
                0x08006214       0x20 ./Core/Src/main.o
 .text.LL_I2C_SetOwnAddress2
                0x08006234       0x26 ./Core/Src/main.o
 .text.LL_I2C_DisableOwnAddress2
                0x0800625a       0x20 ./Core/Src/main.o
 .text.LL_I2C_EnableIT_EVT
                0x0800627a       0x20 ./Core/Src/main.o
 *fill*         0x0800629a        0x2 
 .text.LL_RCC_HSE_Enable
                0x0800629c       0x20 ./Core/Src/main.o
 .text.LL_RCC_HSE_IsReady
                0x080062bc       0x28 ./Core/Src/main.o
 .text.LL_RCC_SetSysClkSource
                0x080062e4       0x28 ./Core/Src/main.o
 .text.LL_RCC_GetSysClkSource
                0x0800630c       0x1c ./Core/Src/main.o
 .text.LL_RCC_SetAHBPrescaler
                0x08006328       0x28 ./Core/Src/main.o
 .text.LL_RCC_SetAPB1Prescaler
                0x08006350       0x28 ./Core/Src/main.o
 .text.LL_RCC_SetAPB2Prescaler
                0x08006378       0x28 ./Core/Src/main.o
 .text.LL_RCC_PLL_Enable
                0x080063a0       0x20 ./Core/Src/main.o
 .text.LL_RCC_PLL_IsReady
                0x080063c0       0x28 ./Core/Src/main.o
 .text.LL_RCC_PLL_ConfigDomain_SYS
                0x080063e8       0x4c ./Core/Src/main.o
 .text.LL_AHB1_GRP1_EnableClock
                0x08006434       0x30 ./Core/Src/main.o
 .text.LL_APB1_GRP1_EnableClock
                0x08006464       0x30 ./Core/Src/main.o
 .text.LL_APB2_GRP1_EnableClock
                0x08006494       0x30 ./Core/Src/main.o
 .text.LL_FLASH_SetLatency
                0x080064c4       0x28 ./Core/Src/main.o
 .text.LL_FLASH_GetLatency
                0x080064ec       0x1c ./Core/Src/main.o
 .text.LL_PWR_SetRegulVoltageScaling
                0x08006508       0x28 ./Core/Src/main.o
 .text.LL_PWR_IsActiveFlag_VOS
                0x08006530       0x28 ./Core/Src/main.o
 .text.LL_SPI_Enable
                0x08006558       0x20 ./Core/Src/main.o
 .text.LL_SPI_SetStandard
                0x08006578       0x26 ./Core/Src/main.o
 .text.LL_TIM_DisableARRPreload
                0x0800659e       0x20 ./Core/Src/main.o
 *fill*         0x080065be        0x2 
 .text.LL_TIM_OC_DisableFast
                0x080065c0       0x8c ./Core/Src/main.o
 .text.LL_TIM_OC_EnablePreload
                0x0800664c       0x88 ./Core/Src/main.o
 .text.LL_TIM_SetClockSource
                0x080066d4       0x2a ./Core/Src/main.o
 .text.LL_TIM_SetTriggerOutput
                0x080066fe       0x26 ./Core/Src/main.o
 .text.LL_TIM_DisableMasterSlaveMode
                0x08006724       0x20 ./Core/Src/main.o
 .text.LL_USART_Enable
                0x08006744       0x20 ./Core/Src/main.o
 .text.LL_USART_ConfigAsyncMode
                0x08006764       0x2c ./Core/Src/main.o
 .text.LL_GPIO_SetOutputPin
                0x08006790       0x1c ./Core/Src/main.o
 .text.LL_GPIO_ResetOutputPin
                0x080067ac       0x1e ./Core/Src/main.o
 *fill*         0x080067ca        0x2 
 .text.main     0x080067cc       0xbc ./Core/Src/main.o
                0x080067cc                main
 .text.SystemClock_Config
                0x08006888       0x9c ./Core/Src/main.o
                0x08006888                SystemClock_Config
 .text.MX_ADC1_Init
                0x08006924      0x244 ./Core/Src/main.o
 .text.MX_ADC3_Init
                0x08006b68       0xa4 ./Core/Src/main.o
 .text.MX_I2C1_Init
                0x08006c0c       0xb0 ./Core/Src/main.o
 .text.MX_I2C2_Init
                0x08006cbc       0xfc ./Core/Src/main.o
 .text.MX_SPI1_Init
                0x08006db8       0xac ./Core/Src/main.o
 .text.MX_SPI2_Init
                0x08006e64       0xac ./Core/Src/main.o
 .text.MX_SPI3_Init
                0x08006f10       0xac ./Core/Src/main.o
 .text.MX_TIM1_Init
                0x08006fbc      0x130 ./Core/Src/main.o
 .text.MX_TIM3_Init
                0x080070ec       0x60 ./Core/Src/main.o
 .text.MX_TIM4_Init
                0x0800714c       0xf4 ./Core/Src/main.o
 .text.MX_USART1_UART_Init
                0x08007240       0xc0 ./Core/Src/main.o
 .text.MX_USART6_UART_Init
                0x08007300       0xc0 ./Core/Src/main.o
 .text.MX_DMA_Init
                0x080073c0       0x30 ./Core/Src/main.o
 .text.MX_GPIO_Init
                0x080073f0      0x1d4 ./Core/Src/main.o
 .text.Error_Handler
                0x080075c4        0xc ./Core/Src/main.o
                0x080075c4                Error_Handler
 .text.HAL_MspInit
                0x080075d0       0x50 ./Core/Src/stm32f4xx_hal_msp.o
                0x080075d0                HAL_MspInit
 .text.HAL_ADC_MspInit
                0x08007620       0x88 ./Core/Src/stm32f4xx_hal_msp.o
                0x08007620                HAL_ADC_MspInit
 .text.HAL_TIM_OC_MspInit
                0x080076a8       0x44 ./Core/Src/stm32f4xx_hal_msp.o
                0x080076a8                HAL_TIM_OC_MspInit
 .text.HAL_TIM_MspPostInit
                0x080076ec       0x74 ./Core/Src/stm32f4xx_hal_msp.o
                0x080076ec                HAL_TIM_MspPostInit
 .text.NMI_Handler
                0x08007760        0x8 ./Core/Src/stm32f4xx_it.o
                0x08007760                NMI_Handler
 .text.HardFault_Handler
                0x08007768        0x8 ./Core/Src/stm32f4xx_it.o
                0x08007768                HardFault_Handler
 .text.MemManage_Handler
                0x08007770        0x8 ./Core/Src/stm32f4xx_it.o
                0x08007770                MemManage_Handler
 .text.BusFault_Handler
                0x08007778        0x8 ./Core/Src/stm32f4xx_it.o
                0x08007778                BusFault_Handler
 .text.UsageFault_Handler
                0x08007780        0x8 ./Core/Src/stm32f4xx_it.o
                0x08007780                UsageFault_Handler
 .text.SVC_Handler
                0x08007788        0xe ./Core/Src/stm32f4xx_it.o
                0x08007788                SVC_Handler
 .text.DebugMon_Handler
                0x08007796        0xe ./Core/Src/stm32f4xx_it.o
                0x08007796                DebugMon_Handler
 .text.PendSV_Handler
                0x080077a4        0xe ./Core/Src/stm32f4xx_it.o
                0x080077a4                PendSV_Handler
 *fill*         0x080077b2        0x2 
 .text.SysTick_Handler
                0x080077b4       0x58 ./Core/Src/stm32f4xx_it.o
                0x080077b4                SysTick_Handler
 .text.I2C2_EV_IRQHandler
                0x0800780c        0xc ./Core/Src/stm32f4xx_it.o
                0x0800780c                I2C2_EV_IRQHandler
 .text.I2C2_ER_IRQHandler
                0x08007818        0xc ./Core/Src/stm32f4xx_it.o
                0x08007818                I2C2_ER_IRQHandler
 .text.USART1_IRQHandler
                0x08007824       0x14 ./Core/Src/stm32f4xx_it.o
                0x08007824                USART1_IRQHandler
 .text.DMA2_Stream0_IRQHandler
                0x08007838        0xe ./Core/Src/stm32f4xx_it.o
                0x08007838                DMA2_Stream0_IRQHandler
 *fill*         0x08007846        0x2 
 .text.USART6_IRQHandler
                0x08007848       0x14 ./Core/Src/stm32f4xx_it.o
                0x08007848                USART6_IRQHandler
 .text._sbrk    0x0800785c       0x6c ./Core/Src/sysmem.o
                0x0800785c                _sbrk
 .text.SystemInit
                0x080078c8       0x24 ./Core/Src/system_stm32f4xx.o
                0x080078c8                SystemInit
 .text.Reset_Handler
                0x080078ec       0x50 ./Core/Startup/startup_stm32f407vgtx.o
                0x080078ec                Reset_Handler
 .text.Default_Handler
                0x0800793c        0x2 ./Core/Startup/startup_stm32f407vgtx.o
                0x0800793c                RTC_Alarm_IRQHandler
                0x0800793c                HASH_RNG_IRQHandler
                0x0800793c                EXTI2_IRQHandler
                0x0800793c                TIM8_CC_IRQHandler
                0x0800793c                TIM1_CC_IRQHandler
                0x0800793c                DMA2_Stream5_IRQHandler
                0x0800793c                DMA1_Stream5_IRQHandler
                0x0800793c                PVD_IRQHandler
                0x0800793c                SDIO_IRQHandler
                0x0800793c                TAMP_STAMP_IRQHandler
                0x0800793c                CAN2_RX1_IRQHandler
                0x0800793c                EXTI3_IRQHandler
                0x0800793c                TIM8_TRG_COM_TIM14_IRQHandler
                0x0800793c                TIM1_UP_TIM10_IRQHandler
                0x0800793c                TIM8_UP_TIM13_IRQHandler
                0x0800793c                I2C3_ER_IRQHandler
                0x0800793c                EXTI0_IRQHandler
                0x0800793c                DMA1_Stream2_IRQHandler
                0x0800793c                CAN1_RX0_IRQHandler
                0x0800793c                FPU_IRQHandler
                0x0800793c                OTG_HS_WKUP_IRQHandler
                0x0800793c                CAN2_SCE_IRQHandler
                0x0800793c                DMA2_Stream2_IRQHandler
                0x0800793c                SPI1_IRQHandler
                0x0800793c                TIM6_DAC_IRQHandler
                0x0800793c                TIM1_BRK_TIM9_IRQHandler
                0x0800793c                DCMI_IRQHandler
                0x0800793c                CAN2_RX0_IRQHandler
                0x0800793c                DMA2_Stream3_IRQHandler
                0x0800793c                USART3_IRQHandler
                0x0800793c                CAN1_RX1_IRQHandler
                0x0800793c                UART5_IRQHandler
                0x0800793c                TIM4_IRQHandler
                0x0800793c                I2C1_EV_IRQHandler
                0x0800793c                DMA1_Stream6_IRQHandler
                0x0800793c                DMA1_Stream1_IRQHandler
                0x0800793c                UART4_IRQHandler
                0x0800793c                TIM3_IRQHandler
                0x0800793c                RCC_IRQHandler
                0x0800793c                TIM8_BRK_TIM12_IRQHandler
                0x0800793c                Default_Handler
                0x0800793c                EXTI15_10_IRQHandler
                0x0800793c                ADC_IRQHandler
                0x0800793c                DMA1_Stream7_IRQHandler
                0x0800793c                TIM7_IRQHandler
                0x0800793c                CAN2_TX_IRQHandler
                0x0800793c                TIM5_IRQHandler
                0x0800793c                DMA2_Stream7_IRQHandler
                0x0800793c                I2C3_EV_IRQHandler
                0x0800793c                EXTI9_5_IRQHandler
                0x0800793c                RTC_WKUP_IRQHandler
                0x0800793c                ETH_WKUP_IRQHandler
                0x0800793c                SPI2_IRQHandler
                0x0800793c                OTG_HS_EP1_IN_IRQHandler
                0x0800793c                DMA1_Stream0_IRQHandler
                0x0800793c                CAN1_TX_IRQHandler
                0x0800793c                EXTI4_IRQHandler
                0x0800793c                FSMC_IRQHandler
                0x0800793c                ETH_IRQHandler
                0x0800793c                OTG_HS_EP1_OUT_IRQHandler
                0x0800793c                WWDG_IRQHandler
                0x0800793c                TIM2_IRQHandler
                0x0800793c                OTG_FS_WKUP_IRQHandler
                0x0800793c                TIM1_TRG_COM_TIM11_IRQHandler
                0x0800793c                OTG_HS_IRQHandler
                0x0800793c                EXTI1_IRQHandler
                0x0800793c                USART2_IRQHandler
                0x0800793c                DMA2_Stream1_IRQHandler
                0x0800793c                CAN1_SCE_IRQHandler
                0x0800793c                FLASH_IRQHandler
                0x0800793c                DMA2_Stream4_IRQHandler
                0x0800793c                OTG_FS_IRQHandler
                0x0800793c                SPI3_IRQHandler
                0x0800793c                DMA1_Stream4_IRQHandler
                0x0800793c                I2C1_ER_IRQHandler
                0x0800793c                DMA2_Stream6_IRQHandler
                0x0800793c                DMA1_Stream3_IRQHandler
 *fill*         0x0800793e        0x2 
 .text.temperature_update
                0x08007940      0x108 ./Core/Temperature/temperature.o
 .text.temperature_auto_ctrl
                0x08007a48      0x198 ./Core/Temperature/temperature.o
                0x08007a48                temperature_auto_ctrl
 .text.Temperature_GetSet_CreateTask
                0x08007be0       0x18 ./Core/Temperature/temperature.o
                0x08007be0                Temperature_GetSet_CreateTask
 .text.temperature_set_setpoint
                0x08007bf8       0x2c ./Core/Temperature/temperature.o
                0x08007bf8                temperature_set_setpoint
 .text.temperature_get_setpoint
                0x08007c24       0x28 ./Core/Temperature/temperature.o
                0x08007c24                temperature_get_setpoint
 .text.temperature_set_tec_vol
                0x08007c4c       0x58 ./Core/Temperature/temperature.o
                0x08007c4c                temperature_set_tec_vol
 .text.temperature_get_tec_vol_set
                0x08007ca4       0x38 ./Core/Temperature/temperature.o
                0x08007ca4                temperature_get_tec_vol_set
 .text.temperature_set_heater_duty
                0x08007cdc       0x50 ./Core/Temperature/temperature.o
                0x08007cdc                temperature_set_heater_duty
 .text.temperature_get_heater_duty
                0x08007d2c       0x3c ./Core/Temperature/temperature.o
                0x08007d2c                temperature_get_heater_duty
 .text.temperature_set_auto_ctrl
                0x08007d68       0x9c ./Core/Temperature/temperature.o
                0x08007d68                temperature_set_auto_ctrl
 .text.tec_set_dir
                0x08007e04       0x64 ./Core/Temperature/temperature.o
                0x08007e04                tec_set_dir
 .text.LL_GPIO_SetOutputPin
                0x08007e68       0x1c ./Core/WDog/watchdog.o
 .text.LL_GPIO_ResetOutputPin
                0x08007e84       0x1e ./Core/WDog/watchdog.o
 *fill*         0x08007ea2        0x2 
 .text.Ex_Watchdog_Init
                0x08007ea4       0x18 ./Core/WDog/watchdog.o
                0x08007ea4                Ex_Watchdog_Init
 .text.Ex_Watchdog_CreateTask
                0x08007ebc       0x18 ./Core/WDog/watchdog.o
                0x08007ebc                Ex_Watchdog_CreateTask
 .text.status_wdt_update
                0x08007ed4       0x60 ./Core/WDog/watchdog.o
                0x08007ed4                status_wdt_update
 .text.HAL_Init
                0x08007f34       0x44 ./Drivers/STM32F4xx_HAL_Driver/Src/stm32f4xx_hal.o
                0x08007f34                HAL_Init
 .text.HAL_DeInit
                0x08007f78       0x5c ./Drivers/STM32F4xx_HAL_Driver/Src/stm32f4xx_hal.o
                0x08007f78                HAL_DeInit
 .text.HAL_MspDeInit
                0x08007fd4        0xe ./Drivers/STM32F4xx_HAL_Driver/Src/stm32f4xx_hal.o
                0x08007fd4                HAL_MspDeInit
 *fill*         0x08007fe2        0x2 
 .text.HAL_InitTick
                0x08007fe4       0x60 ./Drivers/STM32F4xx_HAL_Driver/Src/stm32f4xx_hal.o
                0x08007fe4                HAL_InitTick
 .text.HAL_IncTick
                0x08008044       0x28 ./Drivers/STM32F4xx_HAL_Driver/Src/stm32f4xx_hal.o
                0x08008044                HAL_IncTick
 .text.HAL_GetTick
                0x0800806c       0x18 ./Drivers/STM32F4xx_HAL_Driver/Src/stm32f4xx_hal.o
                0x0800806c                HAL_GetTick
 .text.HAL_ADC_Init
                0x08008084       0x86 ./Drivers/STM32F4xx_HAL_Driver/Src/stm32f4xx_hal_adc.o
                0x08008084                HAL_ADC_Init
 *fill*         0x0800810a        0x2 
 .text.HAL_ADC_ConfigChannel
                0x0800810c      0x244 ./Drivers/STM32F4xx_HAL_Driver/Src/stm32f4xx_hal_adc.o
                0x0800810c                HAL_ADC_ConfigChannel
 .text.ADC_Init
                0x08008350      0x1f8 ./Drivers/STM32F4xx_HAL_Driver/Src/stm32f4xx_hal_adc.o
 .text.__NVIC_SetPriorityGrouping
                0x08008548       0x48 ./Drivers/STM32F4xx_HAL_Driver/Src/stm32f4xx_hal_cortex.o
 .text.__NVIC_GetPriorityGrouping
                0x08008590       0x1c ./Drivers/STM32F4xx_HAL_Driver/Src/stm32f4xx_hal_cortex.o
 .text.__NVIC_SetPriority
                0x080085ac       0x54 ./Drivers/STM32F4xx_HAL_Driver/Src/stm32f4xx_hal_cortex.o
 .text.NVIC_EncodePriority
                0x08008600       0x66 ./Drivers/STM32F4xx_HAL_Driver/Src/stm32f4xx_hal_cortex.o
 *fill*         0x08008666        0x2 
 .text.SysTick_Config
                0x08008668       0x44 ./Drivers/STM32F4xx_HAL_Driver/Src/stm32f4xx_hal_cortex.o
 .text.HAL_NVIC_SetPriorityGrouping
                0x080086ac       0x16 ./Drivers/STM32F4xx_HAL_Driver/Src/stm32f4xx_hal_cortex.o
                0x080086ac                HAL_NVIC_SetPriorityGrouping
 .text.HAL_NVIC_SetPriority
                0x080086c2       0x38 ./Drivers/STM32F4xx_HAL_Driver/Src/stm32f4xx_hal_cortex.o
                0x080086c2                HAL_NVIC_SetPriority
 .text.HAL_SYSTICK_Config
                0x080086fa       0x18 ./Drivers/STM32F4xx_HAL_Driver/Src/stm32f4xx_hal_cortex.o
                0x080086fa                HAL_SYSTICK_Config
 *fill*         0x08008712        0x2 
 .text.HAL_GPIO_Init
                0x08008714      0x338 ./Drivers/STM32F4xx_HAL_Driver/Src/stm32f4xx_hal_gpio.o
                0x08008714                HAL_GPIO_Init
 .text.HAL_RCC_DeInit
                0x08008a4c      0x19c ./Drivers/STM32F4xx_HAL_Driver/Src/stm32f4xx_hal_rcc_ex.o
                0x08008a4c                HAL_RCC_DeInit
 .text.HAL_TIM_OC_Init
                0x08008be8       0x9e ./Drivers/STM32F4xx_HAL_Driver/Src/stm32f4xx_hal_tim.o
                0x08008be8                HAL_TIM_OC_Init
 *fill*         0x08008c86        0x2 
 .text.HAL_TIM_OC_ConfigChannel
                0x08008c88       0xb8 ./Drivers/STM32F4xx_HAL_Driver/Src/stm32f4xx_hal_tim.o
                0x08008c88                HAL_TIM_OC_ConfigChannel
 .text.TIM_Base_SetConfig
                0x08008d40      0x158 ./Drivers/STM32F4xx_HAL_Driver/Src/stm32f4xx_hal_tim.o
                0x08008d40                TIM_Base_SetConfig
 .text.TIM_OC1_SetConfig
                0x08008e98       0xe0 ./Drivers/STM32F4xx_HAL_Driver/Src/stm32f4xx_hal_tim.o
 .text.TIM_OC2_SetConfig
                0x08008f78       0xec ./Drivers/STM32F4xx_HAL_Driver/Src/stm32f4xx_hal_tim.o
                0x08008f78                TIM_OC2_SetConfig
 .text.TIM_OC3_SetConfig
                0x08009064       0xe8 ./Drivers/STM32F4xx_HAL_Driver/Src/stm32f4xx_hal_tim.o
 .text.TIM_OC4_SetConfig
                0x0800914c       0xac ./Drivers/STM32F4xx_HAL_Driver/Src/stm32f4xx_hal_tim.o
 .text.HAL_TIMEx_MasterConfigSynchronization
                0x080091f8       0xf8 ./Drivers/STM32F4xx_HAL_Driver/Src/stm32f4xx_hal_tim_ex.o
                0x080091f8                HAL_TIMEx_MasterConfigSynchronization
 .text.LL_ADC_REG_SetSequencerLength
                0x080092f0       0x26 ./Drivers/STM32F4xx_HAL_Driver/Src/stm32f4xx_ll_adc.o
 .text.LL_ADC_IsEnabled
                0x08009316       0x26 ./Drivers/STM32F4xx_HAL_Driver/Src/stm32f4xx_ll_adc.o
 .text.LL_ADC_CommonInit
                0x0800933c       0x90 ./Drivers/STM32F4xx_HAL_Driver/Src/stm32f4xx_ll_adc.o
                0x0800933c                LL_ADC_CommonInit
 .text.LL_ADC_Init
                0x080093cc       0x58 ./Drivers/STM32F4xx_HAL_Driver/Src/stm32f4xx_ll_adc.o
                0x080093cc                LL_ADC_Init
 .text.LL_ADC_REG_Init
                0x08009424       0x84 ./Drivers/STM32F4xx_HAL_Driver/Src/stm32f4xx_ll_adc.o
                0x08009424                LL_ADC_REG_Init
 .text.LL_GPIO_SetPinMode
                0x080094a8       0x7a ./Drivers/STM32F4xx_HAL_Driver/Src/stm32f4xx_ll_gpio.o
 .text.LL_GPIO_SetPinOutputType
                0x08009522       0x30 ./Drivers/STM32F4xx_HAL_Driver/Src/stm32f4xx_ll_gpio.o
 .text.LL_GPIO_SetPinSpeed
                0x08009552       0x7a ./Drivers/STM32F4xx_HAL_Driver/Src/stm32f4xx_ll_gpio.o
 .text.LL_GPIO_SetPinPull
                0x080095cc       0x7a ./Drivers/STM32F4xx_HAL_Driver/Src/stm32f4xx_ll_gpio.o
 .text.LL_GPIO_SetAFPin_0_7
                0x08009646       0x7a ./Drivers/STM32F4xx_HAL_Driver/Src/stm32f4xx_ll_gpio.o
 .text.LL_GPIO_SetAFPin_8_15
                0x080096c0       0x7e ./Drivers/STM32F4xx_HAL_Driver/Src/stm32f4xx_ll_gpio.o
 .text.LL_GPIO_Init
                0x0800973e      0x102 ./Drivers/STM32F4xx_HAL_Driver/Src/stm32f4xx_ll_gpio.o
                0x0800973e                LL_GPIO_Init
 .text.LL_I2C_Enable
                0x08009840       0x20 ./Drivers/STM32F4xx_HAL_Driver/Src/stm32f4xx_ll_i2c.o
 .text.LL_I2C_Disable
                0x08009860       0x20 ./Drivers/STM32F4xx_HAL_Driver/Src/stm32f4xx_ll_i2c.o
 .text.LL_I2C_SetOwnAddress1
                0x08009880       0x30 ./Drivers/STM32F4xx_HAL_Driver/Src/stm32f4xx_ll_i2c.o
 .text.LL_I2C_ConfigSpeed
                0x080098b0      0x130 ./Drivers/STM32F4xx_HAL_Driver/Src/stm32f4xx_ll_i2c.o
 .text.LL_I2C_SetMode
                0x080099e0       0x26 ./Drivers/STM32F4xx_HAL_Driver/Src/stm32f4xx_ll_i2c.o
 .text.LL_I2C_AcknowledgeNextData
                0x08009a06       0x26 ./Drivers/STM32F4xx_HAL_Driver/Src/stm32f4xx_ll_i2c.o
 .text.LL_APB1_GRP1_ForceReset
                0x08009a2c       0x24 ./Drivers/STM32F4xx_HAL_Driver/Src/stm32f4xx_ll_i2c.o
 .text.LL_APB1_GRP1_ReleaseReset
                0x08009a50       0x28 ./Drivers/STM32F4xx_HAL_Driver/Src/stm32f4xx_ll_i2c.o
 .text.LL_I2C_DeInit
                0x08009a78       0x74 ./Drivers/STM32F4xx_HAL_Driver/Src/stm32f4xx_ll_i2c.o
                0x08009a78                LL_I2C_DeInit
 .text.LL_I2C_Init
                0x08009aec       0x62 ./Drivers/STM32F4xx_HAL_Driver/Src/stm32f4xx_ll_i2c.o
                0x08009aec                LL_I2C_Init
 *fill*         0x08009b4e        0x2 
 .text.LL_RCC_GetSysClkSource
                0x08009b50       0x1c ./Drivers/STM32F4xx_HAL_Driver/Src/stm32f4xx_ll_rcc.o
 .text.LL_RCC_GetAHBPrescaler
                0x08009b6c       0x1c ./Drivers/STM32F4xx_HAL_Driver/Src/stm32f4xx_ll_rcc.o
 .text.LL_RCC_GetAPB1Prescaler
                0x08009b88       0x1c ./Drivers/STM32F4xx_HAL_Driver/Src/stm32f4xx_ll_rcc.o
 .text.LL_RCC_GetAPB2Prescaler
                0x08009ba4       0x1c ./Drivers/STM32F4xx_HAL_Driver/Src/stm32f4xx_ll_rcc.o
 .text.LL_RCC_PLL_GetMainSource
                0x08009bc0       0x1c ./Drivers/STM32F4xx_HAL_Driver/Src/stm32f4xx_ll_rcc.o
 .text.LL_RCC_PLL_GetN
                0x08009bdc       0x1c ./Drivers/STM32F4xx_HAL_Driver/Src/stm32f4xx_ll_rcc.o
 .text.LL_RCC_PLL_GetP
                0x08009bf8       0x1c ./Drivers/STM32F4xx_HAL_Driver/Src/stm32f4xx_ll_rcc.o
 .text.LL_RCC_PLL_GetDivider
                0x08009c14       0x1c ./Drivers/STM32F4xx_HAL_Driver/Src/stm32f4xx_ll_rcc.o
 .text.LL_RCC_GetSystemClocksFreq
                0x08009c30       0x4a ./Drivers/STM32F4xx_HAL_Driver/Src/stm32f4xx_ll_rcc.o
                0x08009c30                LL_RCC_GetSystemClocksFreq
 *fill*         0x08009c7a        0x2 
 .text.RCC_GetSystemClockFreq
                0x08009c7c       0x50 ./Drivers/STM32F4xx_HAL_Driver/Src/stm32f4xx_ll_rcc.o
                0x08009c7c                RCC_GetSystemClockFreq
 .text.RCC_GetHCLKClockFreq
                0x08009ccc       0x2c ./Drivers/STM32F4xx_HAL_Driver/Src/stm32f4xx_ll_rcc.o
                0x08009ccc                RCC_GetHCLKClockFreq
 .text.RCC_GetPCLK1ClockFreq
                0x08009cf8       0x28 ./Drivers/STM32F4xx_HAL_Driver/Src/stm32f4xx_ll_rcc.o
                0x08009cf8                RCC_GetPCLK1ClockFreq
 .text.RCC_GetPCLK2ClockFreq
                0x08009d20       0x28 ./Drivers/STM32F4xx_HAL_Driver/Src/stm32f4xx_ll_rcc.o
                0x08009d20                RCC_GetPCLK2ClockFreq
 .text.RCC_PLL_GetFreqDomain_SYS
                0x08009d48       0x7c ./Drivers/STM32F4xx_HAL_Driver/Src/stm32f4xx_ll_rcc.o
                0x08009d48                RCC_PLL_GetFreqDomain_SYS
 .text.LL_SPI_IsEnabled
                0x08009dc4       0x26 ./Drivers/STM32F4xx_HAL_Driver/Src/stm32f4xx_ll_spi.o
 .text.LL_SPI_SetCRCPolynomial
                0x08009dea       0x20 ./Drivers/STM32F4xx_HAL_Driver/Src/stm32f4xx_ll_spi.o
 .text.LL_SPI_Init
                0x08009e0a       0xa4 ./Drivers/STM32F4xx_HAL_Driver/Src/stm32f4xx_ll_spi.o
                0x08009e0a                LL_SPI_Init
 .text.LL_TIM_SetPrescaler
                0x08009eae       0x1c ./Drivers/STM32F4xx_HAL_Driver/Src/stm32f4xx_ll_tim.o
 .text.LL_TIM_SetAutoReload
                0x08009eca       0x1c ./Drivers/STM32F4xx_HAL_Driver/Src/stm32f4xx_ll_tim.o
 .text.LL_TIM_SetRepetitionCounter
                0x08009ee6       0x1c ./Drivers/STM32F4xx_HAL_Driver/Src/stm32f4xx_ll_tim.o
 .text.LL_TIM_OC_SetCompareCH1
                0x08009f02       0x1c ./Drivers/STM32F4xx_HAL_Driver/Src/stm32f4xx_ll_tim.o
 .text.LL_TIM_OC_SetCompareCH2
                0x08009f1e       0x1c ./Drivers/STM32F4xx_HAL_Driver/Src/stm32f4xx_ll_tim.o
 .text.LL_TIM_OC_SetCompareCH3
                0x08009f3a       0x1c ./Drivers/STM32F4xx_HAL_Driver/Src/stm32f4xx_ll_tim.o
 .text.LL_TIM_OC_SetCompareCH4
                0x08009f56       0x1c ./Drivers/STM32F4xx_HAL_Driver/Src/stm32f4xx_ll_tim.o
 .text.LL_TIM_GenerateEvent_UPDATE
                0x08009f72       0x20 ./Drivers/STM32F4xx_HAL_Driver/Src/stm32f4xx_ll_tim.o
 *fill*         0x08009f92        0x2 
 .text.LL_TIM_Init
                0x08009f94      0x134 ./Drivers/STM32F4xx_HAL_Driver/Src/stm32f4xx_ll_tim.o
                0x08009f94                LL_TIM_Init
 .text.LL_TIM_OC_Init
                0x0800a0c8       0x82 ./Drivers/STM32F4xx_HAL_Driver/Src/stm32f4xx_ll_tim.o
                0x0800a0c8                LL_TIM_OC_Init
 .text.LL_TIM_BDTR_Init
                0x0800a14a       0x84 ./Drivers/STM32F4xx_HAL_Driver/Src/stm32f4xx_ll_tim.o
                0x0800a14a                LL_TIM_BDTR_Init
 *fill*         0x0800a1ce        0x2 
 .text.OC1Config
                0x0800a1d0       0xd8 ./Drivers/STM32F4xx_HAL_Driver/Src/stm32f4xx_ll_tim.o
 .text.OC2Config
                0x0800a2a8       0xe0 ./Drivers/STM32F4xx_HAL_Driver/Src/stm32f4xx_ll_tim.o
 .text.OC3Config
                0x0800a388       0xe0 ./Drivers/STM32F4xx_HAL_Driver/Src/stm32f4xx_ll_tim.o
 .text.OC4Config
                0x0800a468       0xb0 ./Drivers/STM32F4xx_HAL_Driver/Src/stm32f4xx_ll_tim.o
 .text.LL_USART_IsEnabled
                0x0800a518       0x28 ./Drivers/STM32F4xx_HAL_Driver/Src/stm32f4xx_ll_usart.o
 .text.LL_USART_SetStopBitsLength
                0x0800a540       0x26 ./Drivers/STM32F4xx_HAL_Driver/Src/stm32f4xx_ll_usart.o
 .text.LL_USART_SetHWFlowCtrl
                0x0800a566       0x26 ./Drivers/STM32F4xx_HAL_Driver/Src/stm32f4xx_ll_usart.o
 .text.LL_USART_SetBaudRate
                0x0800a58c      0x45c ./Drivers/STM32F4xx_HAL_Driver/Src/stm32f4xx_ll_usart.o
 .text.LL_USART_Init
                0x0800a9e8      0x100 ./Drivers/STM32F4xx_HAL_Driver/Src/stm32f4xx_ll_usart.o
                0x0800a9e8                LL_USART_Init
 .text.LL_mDelay
                0x0800aae8       0x4c ./Drivers/STM32F4xx_HAL_Driver/Src/stm32f4xx_ll_utils.o
                0x0800aae8                LL_mDelay
 .text.LL_SetSystemCoreClock
                0x0800ab34       0x20 ./Drivers/STM32F4xx_HAL_Driver/Src/stm32f4xx_ll_utils.o
                0x0800ab34                LL_SetSystemCoreClock
 .text.SCH_Initialize
                0x0800ab54       0x54 ./Scheduler/scheduler.o
                0x0800ab54                SCH_Initialize
 .text.SCH_TIM_Start
                0x0800aba8       0x2c ./Scheduler/scheduler.o
                0x0800aba8                SCH_TIM_Start
 .text.SCH_TIM_HasCompleted
                0x0800abd4       0x2c ./Scheduler/scheduler.o
                0x0800abd4                SCH_TIM_HasCompleted
 .text.SCH_TASK_CreateTask
                0x0800ac00       0x80 ./Scheduler/scheduler.o
                0x0800ac00                SCH_TASK_CreateTask
 .text.SCH_RunSystemTickTimer
                0x0800ac80      0x128 ./Scheduler/scheduler.o
                0x0800ac80                SCH_RunSystemTickTimer
 .text.SCH_StartSchedular
                0x0800ada8        0xc ./Scheduler/scheduler.o
                0x0800ada8                SCH_StartSchedular
 .text.SCH_HandleScheduledTask
                0x0800adb4       0xb4 ./Scheduler/scheduler.o
                0x0800adb4                SCH_HandleScheduledTask
 .text.atoi     0x0800ae68        0x8 C:/ST/STM32CubeIDE_1.18.0/STM32CubeIDE/plugins/com.st.stm32cube.ide.mcu.externaltools.gnu-tools-for-stm32.13.3.rel1.win32_1.0.0.202411081344/tools/bin/../lib/gcc/arm-none-eabi/13.3.1/../../../../arm-none-eabi/lib/thumb/v7e-m+fp/hard\libc_nano.a(libc_a-atoi.o)
                0x0800ae68                atoi
 .text._strtol_l.isra.0
                0x0800ae70       0xf4 C:/ST/STM32CubeIDE_1.18.0/STM32CubeIDE/plugins/com.st.stm32cube.ide.mcu.externaltools.gnu-tools-for-stm32.13.3.rel1.win32_1.0.0.202411081344/tools/bin/../lib/gcc/arm-none-eabi/13.3.1/../../../../arm-none-eabi/lib/thumb/v7e-m+fp/hard\libc_nano.a(libc_a-strtol.o)
 .text.strtol   0x0800af64       0x14 C:/ST/STM32CubeIDE_1.18.0/STM32CubeIDE/plugins/com.st.stm32cube.ide.mcu.externaltools.gnu-tools-for-stm32.13.3.rel1.win32_1.0.0.202411081344/tools/bin/../lib/gcc/arm-none-eabi/13.3.1/../../../../arm-none-eabi/lib/thumb/v7e-m+fp/hard\libc_nano.a(libc_a-strtol.o)
                0x0800af64                strtol
 .text.snprintf
                0x0800af78       0x6c C:/ST/STM32CubeIDE_1.18.0/STM32CubeIDE/plugins/com.st.stm32cube.ide.mcu.externaltools.gnu-tools-for-stm32.13.3.rel1.win32_1.0.0.202411081344/tools/bin/../lib/gcc/arm-none-eabi/13.3.1/../../../../arm-none-eabi/lib/thumb/v7e-m+fp/hard\libc_nano.a(libc_a-snprintf.o)
                0x0800af78                sniprintf
                0x0800af78                snprintf
 .text.memset   0x0800afe4       0x10 C:/ST/STM32CubeIDE_1.18.0/STM32CubeIDE/plugins/com.st.stm32cube.ide.mcu.externaltools.gnu-tools-for-stm32.13.3.rel1.win32_1.0.0.202411081344/tools/bin/../lib/gcc/arm-none-eabi/13.3.1/../../../../arm-none-eabi/lib/thumb/v7e-m+fp/hard\libc_nano.a(libc_a-memset.o)
                0x0800afe4                memset
 .text.__errno  0x0800aff4        0xc C:/ST/STM32CubeIDE_1.18.0/STM32CubeIDE/plugins/com.st.stm32cube.ide.mcu.externaltools.gnu-tools-for-stm32.13.3.rel1.win32_1.0.0.202411081344/tools/bin/../lib/gcc/arm-none-eabi/13.3.1/../../../../arm-none-eabi/lib/thumb/v7e-m+fp/hard\libc_nano.a(libc_a-errno.o)
                0x0800aff4                __errno
 .text.__libc_init_array
                0x0800b000       0x48 C:/ST/STM32CubeIDE_1.18.0/STM32CubeIDE/plugins/com.st.stm32cube.ide.mcu.externaltools.gnu-tools-for-stm32.13.3.rel1.win32_1.0.0.202411081344/tools/bin/../lib/gcc/arm-none-eabi/13.3.1/../../../../arm-none-eabi/lib/thumb/v7e-m+fp/hard\libc_nano.a(libc_a-init.o)
                0x0800b000                __libc_init_array
 .text.__retarget_lock_acquire_recursive
                0x0800b048        0x2 C:/ST/STM32CubeIDE_1.18.0/STM32CubeIDE/plugins/com.st.stm32cube.ide.mcu.externaltools.gnu-tools-for-stm32.13.3.rel1.win32_1.0.0.202411081344/tools/bin/../lib/gcc/arm-none-eabi/13.3.1/../../../../arm-none-eabi/lib/thumb/v7e-m+fp/hard\libc_nano.a(libc_a-lock.o)
                0x0800b048                __retarget_lock_acquire_recursive
 .text.__retarget_lock_release_recursive
                0x0800b04a        0x2 C:/ST/STM32CubeIDE_1.18.0/STM32CubeIDE/plugins/com.st.stm32cube.ide.mcu.externaltools.gnu-tools-for-stm32.13.3.rel1.win32_1.0.0.202411081344/tools/bin/../lib/gcc/arm-none-eabi/13.3.1/../../../../arm-none-eabi/lib/thumb/v7e-m+fp/hard\libc_nano.a(libc_a-lock.o)
                0x0800b04a                __retarget_lock_release_recursive
 .text.strcpy   0x0800b04c       0x10 C:/ST/STM32CubeIDE_1.18.0/STM32CubeIDE/plugins/com.st.stm32cube.ide.mcu.externaltools.gnu-tools-for-stm32.13.3.rel1.win32_1.0.0.202411081344/tools/bin/../lib/gcc/arm-none-eabi/13.3.1/../../../../arm-none-eabi/lib/thumb/v7e-m+fp/hard\libc_nano.a(libc_a-strcpy.o)
                0x0800b04c                strcpy
 .text._free_r  0x0800b05c       0x94 C:/ST/STM32CubeIDE_1.18.0/STM32CubeIDE/plugins/com.st.stm32cube.ide.mcu.externaltools.gnu-tools-for-stm32.13.3.rel1.win32_1.0.0.202411081344/tools/bin/../lib/gcc/arm-none-eabi/13.3.1/../../../../arm-none-eabi/lib/thumb/v7e-m+fp/hard\libc_nano.a(libc_a-freer.o)
                0x0800b05c                _free_r
 .text.sbrk_aligned
                0x0800b0f0       0x44 C:/ST/STM32CubeIDE_1.18.0/STM32CubeIDE/plugins/com.st.stm32cube.ide.mcu.externaltools.gnu-tools-for-stm32.13.3.rel1.win32_1.0.0.202411081344/tools/bin/../lib/gcc/arm-none-eabi/13.3.1/../../../../arm-none-eabi/lib/thumb/v7e-m+fp/hard\libc_nano.a(libc_a-mallocr.o)
 .text._malloc_r
                0x0800b134      0x100 C:/ST/STM32CubeIDE_1.18.0/STM32CubeIDE/plugins/com.st.stm32cube.ide.mcu.externaltools.gnu-tools-for-stm32.13.3.rel1.win32_1.0.0.202411081344/tools/bin/../lib/gcc/arm-none-eabi/13.3.1/../../../../arm-none-eabi/lib/thumb/v7e-m+fp/hard\libc_nano.a(libc_a-mallocr.o)
                0x0800b134                _malloc_r
 .text.__malloc_lock
                0x0800b234        0xc C:/ST/STM32CubeIDE_1.18.0/STM32CubeIDE/plugins/com.st.stm32cube.ide.mcu.externaltools.gnu-tools-for-stm32.13.3.rel1.win32_1.0.0.202411081344/tools/bin/../lib/gcc/arm-none-eabi/13.3.1/../../../../arm-none-eabi/lib/thumb/v7e-m+fp/hard\libc_nano.a(libc_a-mlock.o)
                0x0800b234                __malloc_lock
 .text.__malloc_unlock
                0x0800b240        0xc C:/ST/STM32CubeIDE_1.18.0/STM32CubeIDE/plugins/com.st.stm32cube.ide.mcu.externaltools.gnu-tools-for-stm32.13.3.rel1.win32_1.0.0.202411081344/tools/bin/../lib/gcc/arm-none-eabi/13.3.1/../../../../arm-none-eabi/lib/thumb/v7e-m+fp/hard\libc_nano.a(libc_a-mlock.o)
                0x0800b240                __malloc_unlock
 .text.__ssputs_r
                0x0800b24c       0xb6 C:/ST/STM32CubeIDE_1.18.0/STM32CubeIDE/plugins/com.st.stm32cube.ide.mcu.externaltools.gnu-tools-for-stm32.13.3.rel1.win32_1.0.0.202411081344/tools/bin/../lib/gcc/arm-none-eabi/13.3.1/../../../../arm-none-eabi/lib/thumb/v7e-m+fp/hard\libc_nano.a(libc_a-nano-svfprintf.o)
                0x0800b24c                __ssputs_r
 *fill*         0x0800b302        0x2 
 .text._svfprintf_r
                0x0800b304      0x1f8 C:/ST/STM32CubeIDE_1.18.0/STM32CubeIDE/plugins/com.st.stm32cube.ide.mcu.externaltools.gnu-tools-for-stm32.13.3.rel1.win32_1.0.0.202411081344/tools/bin/../lib/gcc/arm-none-eabi/13.3.1/../../../../arm-none-eabi/lib/thumb/v7e-m+fp/hard\libc_nano.a(libc_a-nano-svfprintf.o)
                0x0800b304                _svfiprintf_r
                0x0800b304                _svfprintf_r
 .text._printf_common
                0x0800b4fc       0xda C:/ST/STM32CubeIDE_1.18.0/STM32CubeIDE/plugins/com.st.stm32cube.ide.mcu.externaltools.gnu-tools-for-stm32.13.3.rel1.win32_1.0.0.202411081344/tools/bin/../lib/gcc/arm-none-eabi/13.3.1/../../../../arm-none-eabi/lib/thumb/v7e-m+fp/hard\libc_nano.a(libc_a-nano-vfprintf_i.o)
                0x0800b4fc                _printf_common
 *fill*         0x0800b5d6        0x2 
 .text._printf_i
                0x0800b5d8      0x23c C:/ST/STM32CubeIDE_1.18.0/STM32CubeIDE/plugins/com.st.stm32cube.ide.mcu.externaltools.gnu-tools-for-stm32.13.3.rel1.win32_1.0.0.202411081344/tools/bin/../lib/gcc/arm-none-eabi/13.3.1/../../../../arm-none-eabi/lib/thumb/v7e-m+fp/hard\libc_nano.a(libc_a-nano-vfprintf_i.o)
                0x0800b5d8                _printf_i
 .text.memmove  0x0800b814       0x34 C:/ST/STM32CubeIDE_1.18.0/STM32CubeIDE/plugins/com.st.stm32cube.ide.mcu.externaltools.gnu-tools-for-stm32.13.3.rel1.win32_1.0.0.202411081344/tools/bin/../lib/gcc/arm-none-eabi/13.3.1/../../../../arm-none-eabi/lib/thumb/v7e-m+fp/hard\libc_nano.a(libc_a-memmove.o)
                0x0800b814                memmove
 .text._sbrk_r  0x0800b848       0x20 C:/ST/STM32CubeIDE_1.18.0/STM32CubeIDE/plugins/com.st.stm32cube.ide.mcu.externaltools.gnu-tools-for-stm32.13.3.rel1.win32_1.0.0.202411081344/tools/bin/../lib/gcc/arm-none-eabi/13.3.1/../../../../arm-none-eabi/lib/thumb/v7e-m+fp/hard\libc_nano.a(libc_a-sbrkr.o)
                0x0800b848                _sbrk_r
 .text.memcpy   0x0800b868       0x1c C:/ST/STM32CubeIDE_1.18.0/STM32CubeIDE/plugins/com.st.stm32cube.ide.mcu.externaltools.gnu-tools-for-stm32.13.3.rel1.win32_1.0.0.202411081344/tools/bin/../lib/gcc/arm-none-eabi/13.3.1/../../../../arm-none-eabi/lib/thumb/v7e-m+fp/hard\libc_nano.a(libc_a-memcpy-stub.o)
                0x0800b868                memcpy
 .text._realloc_r
                0x0800b884       0x5c C:/ST/STM32CubeIDE_1.18.0/STM32CubeIDE/plugins/com.st.stm32cube.ide.mcu.externaltools.gnu-tools-for-stm32.13.3.rel1.win32_1.0.0.202411081344/tools/bin/../lib/gcc/arm-none-eabi/13.3.1/../../../../arm-none-eabi/lib/thumb/v7e-m+fp/hard\libc_nano.a(libc_a-reallocr.o)
                0x0800b884                _realloc_r
 .text._malloc_usable_size_r
                0x0800b8e0       0x10 C:/ST/STM32CubeIDE_1.18.0/STM32CubeIDE/plugins/com.st.stm32cube.ide.mcu.externaltools.gnu-tools-for-stm32.13.3.rel1.win32_1.0.0.202411081344/tools/bin/../lib/gcc/arm-none-eabi/13.3.1/../../../../arm-none-eabi/lib/thumb/v7e-m+fp/hard\libc_nano.a(libc_a-msizer.o)
                0x0800b8e0                _malloc_usable_size_r
 *(.glue_7)
 .glue_7        0x0800b8f0        0x0 linker stubs
 *(.glue_7t)
 .glue_7t       0x0800b8f0        0x0 linker stubs
 *(.eh_frame)
 .eh_frame      0x0800b8f0        0x0 C:/ST/STM32CubeIDE_1.18.0/STM32CubeIDE/plugins/com.st.stm32cube.ide.mcu.externaltools.gnu-tools-for-stm32.13.3.rel1.win32_1.0.0.202411081344/tools/bin/../lib/gcc/arm-none-eabi/13.3.1/thumb/v7e-m+fp/hard/crtbegin.o
 *(.init)
 .init          0x0800b8f0        0x4 C:/ST/STM32CubeIDE_1.18.0/STM32CubeIDE/plugins/com.st.stm32cube.ide.mcu.externaltools.gnu-tools-for-stm32.13.3.rel1.win32_1.0.0.202411081344/tools/bin/../lib/gcc/arm-none-eabi/13.3.1/thumb/v7e-m+fp/hard/crti.o
                0x0800b8f0                _init
 .init          0x0800b8f4        0x8 C:/ST/STM32CubeIDE_1.18.0/STM32CubeIDE/plugins/com.st.stm32cube.ide.mcu.externaltools.gnu-tools-for-stm32.13.3.rel1.win32_1.0.0.202411081344/tools/bin/../lib/gcc/arm-none-eabi/13.3.1/thumb/v7e-m+fp/hard/crtn.o
 *(.fini)
 .fini          0x0800b8fc        0x4 C:/ST/STM32CubeIDE_1.18.0/STM32CubeIDE/plugins/com.st.stm32cube.ide.mcu.externaltools.gnu-tools-for-stm32.13.3.rel1.win32_1.0.0.202411081344/tools/bin/../lib/gcc/arm-none-eabi/13.3.1/thumb/v7e-m+fp/hard/crti.o
                0x0800b8fc                _fini
 .fini          0x0800b900        0x8 C:/ST/STM32CubeIDE_1.18.0/STM32CubeIDE/plugins/com.st.stm32cube.ide.mcu.externaltools.gnu-tools-for-stm32.13.3.rel1.win32_1.0.0.202411081344/tools/bin/../lib/gcc/arm-none-eabi/13.3.1/thumb/v7e-m+fp/hard/crtn.o
                0x0800b908                        . = ALIGN (0x4)
                0x0800b908                        _etext = .

.vfp11_veneer   0x0800b908        0x0
 .vfp11_veneer  0x0800b908        0x0 linker stubs

.v4_bx          0x0800b908        0x0
 .v4_bx         0x0800b908        0x0 linker stubs

.iplt           0x0800b908        0x0
 .iplt          0x0800b908        0x0 C:/ST/STM32CubeIDE_1.18.0/STM32CubeIDE/plugins/com.st.stm32cube.ide.mcu.externaltools.gnu-tools-for-stm32.13.3.rel1.win32_1.0.0.202411081344/tools/bin/../lib/gcc/arm-none-eabi/13.3.1/thumb/v7e-m+fp/hard/crtbegin.o

.rodata         0x0800b908     0x1e1c
                0x0800b908                        . = ALIGN (0x4)
 *(.rodata)
 .rodata        0x0800b908       0x97 ./BSP/I2C_Slave/i2c_slave.o
 *fill*         0x0800b99f        0x1 
 .rodata        0x0800b9a0     0x1b23 ./Core/CMDLine/command.o
 *fill*         0x0800d4c3        0x1 
 .rodata        0x0800d4c4       0xc4 ./Core/Devices/Auto_run/auto_run.o
 .rodata        0x0800d588        0xa ./Core/Devices/LT8722/lt8722.o
 *fill*         0x0800d592        0x2 
 .rodata        0x0800d594       0x18 ./Core/Src/main.o
 *(.rodata*)
 .rodata.daysInMonth.0
                0x0800d5ac        0xc ./Core/Devices/DateTime/date_time.o
 .rodata.STREAM_OFFSET_TAB
                0x0800d5b8        0x8 ./Core/Devices/NTC/ntc.o
 .rodata.STREAM_OFFSET_TAB
                0x0800d5c0        0x8 ./Core/Src/main.o
 .rodata.OFFSET_TAB_CCMRx
                0x0800d5c8        0x7 ./Core/Src/main.o
 *fill*         0x0800d5cf        0x1 
 .rodata.SHIFT_TAB_OCxx
                0x0800d5d0        0x7 ./Core/Src/main.o
 *fill*         0x0800d5d7        0x1 
 .rodata.AHBPrescTable
                0x0800d5d8       0x10 ./Core/Src/system_stm32f4xx.o
                0x0800d5d8                AHBPrescTable
 .rodata.APBPrescTable
                0x0800d5e8        0x8 ./Core/Src/system_stm32f4xx.o
                0x0800d5e8                APBPrescTable
 .rodata._ctype_
                0x0800d5f0      0x101 C:/ST/STM32CubeIDE_1.18.0/STM32CubeIDE/plugins/com.st.stm32cube.ide.mcu.externaltools.gnu-tools-for-stm32.13.3.rel1.win32_1.0.0.202411081344/tools/bin/../lib/gcc/arm-none-eabi/13.3.1/../../../../arm-none-eabi/lib/thumb/v7e-m+fp/hard\libc_nano.a(libc_a-ctype_.o)
                0x0800d5f0                _ctype_
 .rodata._svfprintf_r.str1.1
                0x0800d6f1       0x33 C:/ST/STM32CubeIDE_1.18.0/STM32CubeIDE/plugins/com.st.stm32cube.ide.mcu.externaltools.gnu-tools-for-stm32.13.3.rel1.win32_1.0.0.202411081344/tools/bin/../lib/gcc/arm-none-eabi/13.3.1/../../../../arm-none-eabi/lib/thumb/v7e-m+fp/hard\libc_nano.a(libc_a-nano-svfprintf.o)
                                 0x11 (size before relaxing)
 .rodata._printf_i.str1.1
                0x0800d724       0x22 C:/ST/STM32CubeIDE_1.18.0/STM32CubeIDE/plugins/com.st.stm32cube.ide.mcu.externaltools.gnu-tools-for-stm32.13.3.rel1.win32_1.0.0.202411081344/tools/bin/../lib/gcc/arm-none-eabi/13.3.1/../../../../arm-none-eabi/lib/thumb/v7e-m+fp/hard\libc_nano.a(libc_a-nano-vfprintf_i.o)
                0x0800d748                        . = ALIGN (0x4)

.ARM.extab      0x0800d724        0x0
                0x0800d724                        . = ALIGN (0x4)
 *(.ARM.extab* .gnu.linkonce.armextab.*)
                0x0800d724                        . = ALIGN (0x4)

.ARM            0x0800d724        0x8
                0x0800d724                        . = ALIGN (0x4)
                0x0800d724                        __exidx_start = .
 *(.ARM.exidx*)
 .ARM.exidx     0x0800d724        0x8 C:/ST/STM32CubeIDE_1.18.0/STM32CubeIDE/plugins/com.st.stm32cube.ide.mcu.externaltools.gnu-tools-for-stm32.13.3.rel1.win32_1.0.0.202411081344/tools/bin/../lib/gcc/arm-none-eabi/13.3.1/../../../../arm-none-eabi/lib/thumb/v7e-m+fp/hard\libc_nano.a(libc_a-strcmp.o)
 .ARM.exidx     0x0800d72c        0x0 C:/ST/STM32CubeIDE_1.18.0/STM32CubeIDE/plugins/com.st.stm32cube.ide.mcu.externaltools.gnu-tools-for-stm32.13.3.rel1.win32_1.0.0.202411081344/tools/bin/../lib/gcc/arm-none-eabi/13.3.1/../../../../arm-none-eabi/lib/thumb/v7e-m+fp/hard\libc_nano.a(libc_a-strlen.o)
                                  0x8 (size before relaxing)
 .ARM.exidx     0x0800d72c        0x0 C:/ST/STM32CubeIDE_1.18.0/STM32CubeIDE/plugins/com.st.stm32cube.ide.mcu.externaltools.gnu-tools-for-stm32.13.3.rel1.win32_1.0.0.202411081344/tools/bin/../lib/gcc/arm-none-eabi/13.3.1/../../../../arm-none-eabi/lib/thumb/v7e-m+fp/hard\libc_nano.a(libc_a-memchr.o)
                                  0x8 (size before relaxing)
 .ARM.exidx     0x0800d72c        0x0 C:/ST/STM32CubeIDE_1.18.0/STM32CubeIDE/plugins/com.st.stm32cube.ide.mcu.externaltools.gnu-tools-for-stm32.13.3.rel1.win32_1.0.0.202411081344/tools/bin/../lib/gcc/arm-none-eabi/13.3.1/thumb/v7e-m+fp/hard\libgcc.a(_udivmoddi4.o)
                                  0x8 (size before relaxing)
                0x0800d72c                        __exidx_end = .
                0x0800d72c                        . = ALIGN (0x4)

.preinit_array  0x0800d72c        0x0
                0x0800d72c                        . = ALIGN (0x4)
                0x0800d72c                        PROVIDE (__preinit_array_start = .)
 *(.preinit_array*)
                0x0800d72c                        PROVIDE (__preinit_array_end = .)
                0x0800d72c                        . = ALIGN (0x4)

.init_array     0x0800d72c        0x4
                0x0800d72c                        . = ALIGN (0x4)
                0x0800d72c                        PROVIDE (__init_array_start = .)
 *(SORT_BY_NAME(.init_array.*))
 *(.init_array*)
 .init_array    0x0800d72c        0x4 C:/ST/STM32CubeIDE_1.18.0/STM32CubeIDE/plugins/com.st.stm32cube.ide.mcu.externaltools.gnu-tools-for-stm32.13.3.rel1.win32_1.0.0.202411081344/tools/bin/../lib/gcc/arm-none-eabi/13.3.1/thumb/v7e-m+fp/hard/crtbegin.o
                0x0800d730                        PROVIDE (__init_array_end = .)
                0x0800d730                        . = ALIGN (0x4)

.fini_array     0x0800d730        0x4
                0x0800d730                        . = ALIGN (0x4)
                [!provide]                        PROVIDE (__fini_array_start = .)
 *(SORT_BY_NAME(.fini_array.*))
 *(.fini_array*)
 .fini_array    0x0800d730        0x4 C:/ST/STM32CubeIDE_1.18.0/STM32CubeIDE/plugins/com.st.stm32cube.ide.mcu.externaltools.gnu-tools-for-stm32.13.3.rel1.win32_1.0.0.202411081344/tools/bin/../lib/gcc/arm-none-eabi/13.3.1/thumb/v7e-m+fp/hard/crtbegin.o
                [!provide]                        PROVIDE (__fini_array_end = .)
                0x0800d734                        . = ALIGN (0x4)
                0x0800d734                        _sidata = LOADADDR (.data)

.rel.dyn        0x0800d734        0x0
 .rel.iplt      0x0800d734        0x0 C:/ST/STM32CubeIDE_1.18.0/STM32CubeIDE/plugins/com.st.stm32cube.ide.mcu.externaltools.gnu-tools-for-stm32.13.3.rel1.win32_1.0.0.202411081344/tools/bin/../lib/gcc/arm-none-eabi/13.3.1/thumb/v7e-m+fp/hard/crtbegin.o

.data           0x20000000     0x4434 load address 0x0800d734
                0x20000000                        . = ALIGN (0x4)
                0x20000000                        _sdata = .
 *(.data)
 *(.data*)
 .data.usart_buffers
                0x20000000       0x48 ./BSP/UART/uart.o
                0x20000000                usart_buffers
 .data.ErrorCode
                0x20000048       0x18 ./Core/CMDLine/command.o
                0x20000048                ErrorCode
 .data.g_psCmdTable
                0x20000060      0x1a4 ./Core/CMDLine/command.o
                0x20000060                g_psCmdTable
 .data.s_CommandTaskContext
                0x20000204       0x14 ./Core/CMDLine/command.o
 .data.s_auto_runTaskContext
                0x20000218       0x14 ./Core/Devices/Auto_run/auto_run.o
 .data.pair_slot
                0x2000022c        0x1 ./Core/Devices/Auto_run/auto_run.o
                0x2000022c                pair_slot
 .data.current_column
                0x2000022d        0x1 ./Core/Devices/Auto_run/auto_run.o
                0x2000022d                current_column
 .data.current_row
                0x2000022e        0x1 ./Core/Devices/Auto_run/auto_run.o
                0x2000022e                current_row
 .data.first_time
                0x2000022f        0x1 ./Core/Devices/Auto_run/auto_run.o
                0x2000022f                first_time
 .data.first_rest
                0x20000230        0x1 ./Core/Devices/Auto_run/auto_run.o
                0x20000230                first_rest
 *fill*         0x20000231        0x3 
 .data.s_RealTimeClock_context
                0x20000234        0x6 ./Core/Devices/DateTime/date_time.o
 *fill*         0x2000023a        0x2 
 .data.s_SoftTime_task_context
                0x2000023c       0x18 ./Core/Devices/DateTime/date_time.o
 .data.int_laser
                0x20000254       0x10 ./Core/Devices/LASER_BOARD/laser_board.o
                0x20000254                int_laser
 .data.ext_laser
                0x20000264        0xc ./Core/Devices/LASER_BOARD/laser_board.o
                0x20000264                ext_laser
 .data.lt8722_regs
                0x20000270       0x60 ./Core/Devices/LT8722/lt8722.o
                0x20000270                lt8722_regs
 .data.cs_port  0x200002d0       0x10 ./Core/Devices/LT8722/lt8722.o
                0x200002d0                cs_port
 .data.cs_pin   0x200002e0       0x10 ./Core/Devices/LT8722/lt8722.o
                0x200002e0                cs_pin
 .data.en_port  0x200002f0       0x10 ./Core/Devices/LT8722/lt8722.o
                0x200002f0                en_port
 .data.en_pin   0x20000300       0x10 ./Core/Devices/LT8722/lt8722.o
                0x20000300                en_pin
 .data.swen_port
                0x20000310       0x10 ./Core/Devices/LT8722/lt8722.o
                0x20000310                swen_port
 .data.swen_pin
                0x20000320       0x10 ./Core/Devices/LT8722/lt8722.o
                0x20000320                swen_pin
 .data.NTC_table
                0x20000330     0x4000 ./Core/Devices/NTC/ntc.o
                0x20000330                NTC_table
 .data.CFR_user_default
                0x20004330        0x2 ./Core/Devices/PHOTO_BOARD/ADS8327/ads8327.o
 *fill*         0x20004332        0x2 
 .data.photo_sw
                0x20004334       0x10 ./Core/Devices/PHOTO_BOARD/photo_board.o
                0x20004334                photo_sw
 .data.s_task_context
                0x20004344       0x18 ./Core/LED/status_led.o
 .data.SystemCoreClock
                0x2000435c        0x4 ./Core/Src/system_stm32f4xx.o
                0x2000435c                SystemCoreClock
 .data.temp_task_context
                0x20004360       0x18 ./Core/Temperature/temperature.o
 .data.s_Temperature_CurrentState
                0x20004378       0x50 ./Core/Temperature/temperature.o
                0x20004378                s_Temperature_CurrentState
 .data.wdt_task_context
                0x200043c8       0x14 ./Core/WDog/watchdog.o
 .data.uwTickPrio
                0x200043dc        0x4 ./Drivers/STM32F4xx_HAL_Driver/Src/stm32f4xx_hal.o
                0x200043dc                uwTickPrio
 .data.uwTickFreq
                0x200043e0        0x1 ./Drivers/STM32F4xx_HAL_Driver/Src/stm32f4xx_hal.o
                0x200043e0                uwTickFreq
 *fill*         0x200043e1        0x3 
 .data._impure_ptr
                0x200043e4        0x4 C:/ST/STM32CubeIDE_1.18.0/STM32CubeIDE/plugins/com.st.stm32cube.ide.mcu.externaltools.gnu-tools-for-stm32.13.3.rel1.win32_1.0.0.202411081344/tools/bin/../lib/gcc/arm-none-eabi/13.3.1/../../../../arm-none-eabi/lib/thumb/v7e-m+fp/hard\libc_nano.a(libc_a-impure.o)
                0x200043e4                _impure_ptr
 .data._impure_data
                0x200043e8       0x4c C:/ST/STM32CubeIDE_1.18.0/STM32CubeIDE/plugins/com.st.stm32cube.ide.mcu.externaltools.gnu-tools-for-stm32.13.3.rel1.win32_1.0.0.202411081344/tools/bin/../lib/gcc/arm-none-eabi/13.3.1/../../../../arm-none-eabi/lib/thumb/v7e-m+fp/hard\libc_nano.a(libc_a-impure.o)
                0x200043e8                _impure_data
 *(.RamFunc)
 *(.RamFunc*)
                0x20004434                        . = ALIGN (0x4)
                0x20004434                        _edata = .
                0x08011b68                        _siccmram = LOADADDR (.ccmram)

.igot.plt       0x20004434        0x0 load address 0x08011b68
 .igot.plt      0x20004434        0x0 C:/ST/STM32CubeIDE_1.18.0/STM32CubeIDE/plugins/com.st.stm32cube.ide.mcu.externaltools.gnu-tools-for-stm32.13.3.rel1.win32_1.0.0.202411081344/tools/bin/../lib/gcc/arm-none-eabi/13.3.1/thumb/v7e-m+fp/hard/crtbegin.o

.ccmram         0x10000000        0x0 load address 0x08011b68
                0x10000000                        . = ALIGN (0x4)
                0x10000000                        _sccmram = .
 *(.ccmram)
 *(.ccmram*)
                0x10000000                        . = ALIGN (0x4)
                0x10000000                        _eccmram = .
                0x10000000                        . = ALIGN (0x4)

.bss            0x20004434     0x1574
                0x20004434                        _sbss = .
                0x20004434                        __bss_start__ = _sbss
 *(.bss)
 .bss           0x20004434       0x1c C:/ST/STM32CubeIDE_1.18.0/STM32CubeIDE/plugins/com.st.stm32cube.ide.mcu.externaltools.gnu-tools-for-stm32.13.3.rel1.win32_1.0.0.202411081344/tools/bin/../lib/gcc/arm-none-eabi/13.3.1/thumb/v7e-m+fp/hard/crtbegin.o
 *(.bss*)
 .bss.external_memory
                0x20004450      0x100 ./BSP/I2C_Slave/i2c_slave.o
                0x20004450                external_memory
 .bss.I2C_slave_obj
                0x20004550        0xc ./BSP/I2C_Slave/i2c_slave.o
                0x20004550                I2C_slave_obj
 .bss.I2C_Slave_Status
                0x2000455c        0x1 ./BSP/I2C_Slave/register.o
                0x2000455c                I2C_Slave_Status
 *fill*         0x2000455d        0x3 
 .bss.g_registers
                0x20004560      0x2fd ./BSP/I2C_Slave/register.o
                0x20004560                g_registers
 *fill*         0x2000485d        0x3 
 .bss.usart1_rx_data
                0x20004860      0x3ff ./BSP/UART/uart.o
                0x20004860                usart1_rx_data
 *fill*         0x20004c5f        0x1 
 .bss.usart1_tx_data
                0x20004c60      0x3ff ./BSP/UART/uart.o
                0x20004c60                usart1_tx_data
 *fill*         0x2000505f        0x1 
 .bss.usart6_rx_data
                0x20005060       0xff ./BSP/UART/uart.o
                0x20005060                usart6_rx_data
 *fill*         0x2000515f        0x1 
 .bss.usart6_tx_data
                0x20005160       0xff ./BSP/UART/uart.o
                0x20005160                usart6_tx_data
 *fill*         0x2000525f        0x1 
 .bss.g_ppcArgv
                0x20005260       0x24 ./Core/CMDLine/cmdline.o
 .bss.pContext  0x20005284      0x246 ./Core/CMDLine/command.o
                0x20005284                pContext
 *fill*         0x200054ca        0x2 
 .bss.UART_CMDLINE
                0x200054cc        0x4 ./Core/CMDLine/command.o
                0x200054cc                UART_CMDLINE
 .bss.s_commandBuffer
                0x200054d0       0x40 ./Core/CMDLine/command.o
 .bss.s_commandBufferIndex
                0x20005510        0x1 ./Core/CMDLine/command.o
 .bss.adg1414_timeout
                0x20005511        0x1 ./Core/Devices/ADG1414/adg1414.o
                0x20005511                adg1414_timeout
 .bss.data_times
                0x20005512        0x1 ./Core/Devices/Auto_run/auto_run.o
                0x20005512                data_times
 *fill*         0x20005513        0x1 
 .bss.laser_interval
                0x20005514        0x4 ./Core/Devices/Auto_run/auto_run.o