Archive member included to satisfy reference by file (symbol)

C:/ST/STM32CubeIDE_1.15.1/STM32CubeIDE/plugins/com.st.stm32cube.ide.mcu.externaltools.gnu-tools-for-stm32.12.3.rel1.win32_1.0.100.202403111256/tools/bin/../lib/gcc/arm-none-eabi/12.3.1/../../../../arm-none-eabi/lib/thumb/v7e-m+fp/hard\libc_nano.a(libc_a-atoi.o)
                              ./Core/CMDLine/command.o (atoi)
C:/ST/STM32CubeIDE_1.15.1/STM32CubeIDE/plugins/com.st.stm32cube.ide.mcu.externaltools.gnu-tools-for-stm32.12.3.rel1.win32_1.0.100.202403111256/tools/bin/../lib/gcc/arm-none-eabi/12.3.1/../../../../arm-none-eabi/lib/thumb/v7e-m+fp/hard\libc_nano.a(libc_a-exit.o)
                              C:/ST/STM32CubeIDE_1.15.1/STM32CubeIDE/plugins/com.st.stm32cube.ide.mcu.externaltools.gnu-tools-for-stm32.12.3.rel1.win32_1.0.100.202403111256/tools/bin/../lib/gcc/arm-none-eabi/12.3.1/../../../../arm-none-eabi/lib/thumb/v7e-m+fp/hard/crt0.o (exit)
C:/ST/STM32CubeIDE_1.15.1/STM32CubeIDE/plugins/com.st.stm32cube.ide.mcu.externaltools.gnu-tools-for-stm32.12.3.rel1.win32_1.0.100.202403111256/tools/bin/../lib/gcc/arm-none-eabi/12.3.1/../../../../arm-none-eabi/lib/thumb/v7e-m+fp/hard\libc_nano.a(libc_a-strtol.o)
                              C:/ST/STM32CubeIDE_1.15.1/STM32CubeIDE/plugins/com.st.stm32cube.ide.mcu.externaltools.gnu-tools-for-stm32.12.3.rel1.win32_1.0.100.202403111256/tools/bin/../lib/gcc/arm-none-eabi/12.3.1/../../../../arm-none-eabi/lib/thumb/v7e-m+fp/hard\libc_nano.a(libc_a-atoi.o) (_strtol_r)
C:/ST/STM32CubeIDE_1.15.1/STM32CubeIDE/plugins/com.st.stm32cube.ide.mcu.externaltools.gnu-tools-for-stm32.12.3.rel1.win32_1.0.100.202403111256/tools/bin/../lib/gcc/arm-none-eabi/12.3.1/../../../../arm-none-eabi/lib/thumb/v7e-m+fp/hard\libc_nano.a(libc_a-ctype_.o)
                              C:/ST/STM32CubeIDE_1.15.1/STM32CubeIDE/plugins/com.st.stm32cube.ide.mcu.externaltools.gnu-tools-for-stm32.12.3.rel1.win32_1.0.100.202403111256/tools/bin/../lib/gcc/arm-none-eabi/12.3.1/../../../../arm-none-eabi/lib/thumb/v7e-m+fp/hard\libc_nano.a(libc_a-strtol.o) (_ctype_)
C:/ST/STM32CubeIDE_1.15.1/STM32CubeIDE/plugins/com.st.stm32cube.ide.mcu.externaltools.gnu-tools-for-stm32.12.3.rel1.win32_1.0.100.202403111256/tools/bin/../lib/gcc/arm-none-eabi/12.3.1/../../../../arm-none-eabi/lib/thumb/v7e-m+fp/hard\libc_nano.a(libc_a-findfp.o)
                              C:/ST/STM32CubeIDE_1.15.1/STM32CubeIDE/plugins/com.st.stm32cube.ide.mcu.externaltools.gnu-tools-for-stm32.12.3.rel1.win32_1.0.100.202403111256/tools/bin/../lib/gcc/arm-none-eabi/12.3.1/../../../../arm-none-eabi/lib/thumb/v7e-m+fp/hard\libc_nano.a(libc_a-exit.o) (__stdio_exit_handler)
C:/ST/STM32CubeIDE_1.15.1/STM32CubeIDE/plugins/com.st.stm32cube.ide.mcu.externaltools.gnu-tools-for-stm32.12.3.rel1.win32_1.0.100.202403111256/tools/bin/../lib/gcc/arm-none-eabi/12.3.1/../../../../arm-none-eabi/lib/thumb/v7e-m+fp/hard\libc_nano.a(libc_a-fwalk.o)
                              C:/ST/STM32CubeIDE_1.15.1/STM32CubeIDE/plugins/com.st.stm32cube.ide.mcu.externaltools.gnu-tools-for-stm32.12.3.rel1.win32_1.0.100.202403111256/tools/bin/../lib/gcc/arm-none-eabi/12.3.1/../../../../arm-none-eabi/lib/thumb/v7e-m+fp/hard\libc_nano.a(libc_a-findfp.o) (_fwalk_sglue)
C:/ST/STM32CubeIDE_1.15.1/STM32CubeIDE/plugins/com.st.stm32cube.ide.mcu.externaltools.gnu-tools-for-stm32.12.3.rel1.win32_1.0.100.202403111256/tools/bin/../lib/gcc/arm-none-eabi/12.3.1/../../../../arm-none-eabi/lib/thumb/v7e-m+fp/hard\libc_nano.a(libc_a-snprintf.o)
                              ./BSP/I2C_Slave/i2c_slave.o (snprintf)
C:/ST/STM32CubeIDE_1.15.1/STM32CubeIDE/plugins/com.st.stm32cube.ide.mcu.externaltools.gnu-tools-for-stm32.12.3.rel1.win32_1.0.100.202403111256/tools/bin/../lib/gcc/arm-none-eabi/12.3.1/../../../../arm-none-eabi/lib/thumb/v7e-m+fp/hard\libc_nano.a(libc_a-stdio.o)
                              C:/ST/STM32CubeIDE_1.15.1/STM32CubeIDE/plugins/com.st.stm32cube.ide.mcu.externaltools.gnu-tools-for-stm32.12.3.rel1.win32_1.0.100.202403111256/tools/bin/../lib/gcc/arm-none-eabi/12.3.1/../../../../arm-none-eabi/lib/thumb/v7e-m+fp/hard\libc_nano.a(libc_a-findfp.o) (__sread)
C:/ST/STM32CubeIDE_1.15.1/STM32CubeIDE/plugins/com.st.stm32cube.ide.mcu.externaltools.gnu-tools-for-stm32.12.3.rel1.win32_1.0.100.202403111256/tools/bin/../lib/gcc/arm-none-eabi/12.3.1/../../../../arm-none-eabi/lib/thumb/v7e-m+fp/hard\libc_nano.a(libc_a-memset.o)
                              C:/ST/STM32CubeIDE_1.15.1/STM32CubeIDE/plugins/com.st.stm32cube.ide.mcu.externaltools.gnu-tools-for-stm32.12.3.rel1.win32_1.0.100.202403111256/tools/bin/../lib/gcc/arm-none-eabi/12.3.1/../../../../arm-none-eabi/lib/thumb/v7e-m+fp/hard/crt0.o (memset)
C:/ST/STM32CubeIDE_1.15.1/STM32CubeIDE/plugins/com.st.stm32cube.ide.mcu.externaltools.gnu-tools-for-stm32.12.3.rel1.win32_1.0.100.202403111256/tools/bin/../lib/gcc/arm-none-eabi/12.3.1/../../../../arm-none-eabi/lib/thumb/v7e-m+fp/hard\libc_nano.a(libc_a-closer.o)
[...]
Memory Configuration

Name             Origin             Length             Attributes
CCMRAM           0x10000000         0x00010000         xrw
RAM              0x20000000         0x00020000         xrw
FLASH            0x08000000         0x00100000         xr
*default*        0x00000000         0xffffffff

Linker script and memory map

LOAD C:/ST/STM32CubeIDE_1.15.1/STM32CubeIDE/plugins/com.st.stm32cube.ide.mcu.externaltools.gnu-tools-for-stm32.12.3.rel1.win32_1.0.100.202403111256/tools/bin/../lib/gcc/arm-none-eabi/12.3.1/thumb/v7e-m+fp/hard/crti.o
LOAD C:/ST/STM32CubeIDE_1.15.1/STM32CubeIDE/plugins/com.st.stm32cube.ide.mcu.externaltools.gnu-tools-for-stm32.12.3.rel1.win32_1.0.100.202403111256/tools/bin/../lib/gcc/arm-none-eabi/12.3.1/thumb/v7e-m+fp/hard/crtbegin.o
LOAD C:/ST/STM32CubeIDE_1.15.1/STM32CubeIDE/plugins/com.st.stm32cube.ide.mcu.externaltools.gnu-tools-for-stm32.12.3.rel1.win32_1.0.100.202403111256/tools/bin/../lib/gcc/arm-none-eabi/12.3.1/../../../../arm-none-eabi/lib/thumb/v7e-m+fp/hard/crt0.o
LOAD ./BSP/Delay/delay.o
LOAD ./BSP/I2C/i2c.o
LOAD ./BSP/I2C_Slave/i2c_slave.o
LOAD ./BSP/I2C_Slave/register.o
LOAD ./BSP/SysTick/systick.o
LOAD ./BSP/UART/uart.o
LOAD ./Core/CMDLine/cmdline.o
LOAD ./Core/CMDLine/command.o
LOAD ./Core/COPC/copc.o
LOAD ./Core/Devices/Auto_run/auto_run.o
LOAD ./Core/Devices/BMP390/bmp390.o
LOAD ./Core/Devices/DAC/mcp4902.o
LOAD ./Core/Devices/DateTime/date_time.o
LOAD ./Core/Devices/Heater/heater.o
LOAD ./Core/Devices/IR_LED/ir_led.o
LOAD ./Core/Devices/LT8722/lt8722.o
LOAD ./Core/Devices/NTC/ntc.o
LOAD ./Core/LED/status_led.o
LOAD ./Core/Sensor_I2C/sensor_i2c.o
LOAD ./Core/Src/main.o
LOAD ./Core/Src/stm32f4xx_hal_msp.o
LOAD ./Core/Src/stm32f4xx_it.o
LOAD ./Core/Src/syscalls.o
LOAD ./Core/Src/sysmem.o
LOAD ./Core/Src/system_stm32f4xx.o
LOAD ./Core/Startup/startup_stm32f407vgtx.o
LOAD ./Core/Temperature/temperature.o
LOAD ./Core/WDog/watchdog.o
LOAD ./Drivers/STM32F4xx_HAL_Driver/Src/stm32f4xx_hal.o
LOAD ./Drivers/STM32F4xx_HAL_Driver/Src/stm32f4xx_hal_adc.o
LOAD ./Drivers/STM32F4xx_HAL_Driver/Src/stm32f4xx_hal_adc_ex.o
LOAD ./Drivers/STM32F4xx_HAL_Driver/Src/stm32f4xx_hal_cortex.o
LOAD ./Drivers/STM32F4xx_HAL_Driver/Src/stm32f4xx_hal_dma.o
LOAD ./Drivers/STM32F4xx_HAL_Driver/Src/stm32f4xx_hal_dma_ex.o
LOAD ./Drivers/STM32F4xx_HAL_Driver/Src/stm32f4xx_hal_exti.o
LOAD ./Drivers/STM32F4xx_HAL_Driver/Src/stm32f4xx_hal_flash.o
LOAD ./Drivers/STM32F4xx_HAL_Driver/Src/stm32f4xx_hal_flash_ex.o
LOAD ./Drivers/STM32F4xx_HAL_Driver/Src/stm32f4xx_hal_flash_ramfunc.o
LOAD ./Drivers/STM32F4xx_HAL_Driver/Src/stm32f4xx_hal_gpio.o
LOAD ./Drivers/STM32F4xx_HAL_Driver/Src/stm32f4xx_hal_i2c.o
LOAD ./Drivers/STM32F4xx_HAL_Driver/Src/stm32f4xx_hal_i2c_ex.o
LOAD ./Drivers/STM32F4xx_HAL_Driver/Src/stm32f4xx_hal_pwr.o
LOAD ./Drivers/STM32F4xx_HAL_Driver/Src/stm32f4xx_hal_pwr_ex.o
LOAD ./Drivers/STM32F4xx_HAL_Driver/Src/stm32f4xx_hal_rcc.o
LOAD ./Drivers/STM32F4xx_HAL_Driver/Src/stm32f4xx_hal_rcc_ex.o
LOAD ./Drivers/STM32F4xx_HAL_Driver/Src/stm32f4xx_hal_spi.o
LOAD ./Drivers/STM32F4xx_HAL_Driver/Src/stm32f4xx_hal_tim.o
LOAD ./Drivers/STM32F4xx_HAL_Driver/Src/stm32f4xx_hal_tim_ex.o
LOAD ./Drivers/STM32F4xx_HAL_Driver/Src/stm32f4xx_ll_adc.o
LOAD ./Drivers/STM32F4xx_HAL_Driver/Src/stm32f4xx_ll_dma.o
LOAD ./Drivers/STM32F4xx_HAL_Driver/Src/stm32f4xx_ll_exti.o
LOAD ./Drivers/STM32F4xx_HAL_Driver/Src/stm32f4xx_ll_gpio.o
LOAD ./Drivers/STM32F4xx_HAL_Driver/Src/stm32f4xx_ll_i2c.o
LOAD ./Drivers/STM32F4xx_HAL_Driver/Src/stm32f4xx_ll_rcc.o
LOAD ./Drivers/STM32F4xx_HAL_Driver/Src/stm32f4xx_ll_spi.o
LOAD ./Drivers/STM32F4xx_HAL_Driver/Src/stm32f4xx_ll_tim.o
LOAD ./Drivers/STM32F4xx_HAL_Driver/Src/stm32f4xx_ll_usart.o
LOAD ./Drivers/STM32F4xx_HAL_Driver/Src/stm32f4xx_ll_utils.o
LOAD ./Scheduler/scheduler.o
LOAD ./ThirdParty/libfsp/crc16.o
LOAD ./ThirdParty/libfsp/fsp.o
START GROUP
LOAD C:/ST/STM32CubeIDE_1.15.1/STM32CubeIDE/plugins/com.st.stm32cube.ide.mcu.externaltools.gnu-tools-for-stm32.12.3.rel1.win32_1.0.100.202403111256/tools/bin/../lib/gcc/arm-none-eabi/12.3.1/../../../../arm-none-eabi/lib/thumb/v7e-m+fp/hard\libc_nano.a
LOAD C:/ST/STM32CubeIDE_1.15.1/STM32CubeIDE/plugins/com.st.stm32cube.ide.mcu.externaltools.gnu-tools-for-stm32.12.3.rel1.win32_1.0.100.202403111256/tools/bin/../lib/gcc/arm-none-eabi/12.3.1/../../../../arm-none-eabi/lib/thumb/v7e-m+fp/hard\libm.a
END GROUP
START GROUP
LOAD C:/ST/STM32CubeIDE_1.15.1/STM32CubeIDE/plugins/com.st.stm32cube.ide.mcu.externaltools.gnu-tools-for-stm32.12.3.rel1.win32_1.0.100.202403111256/tools/bin/../lib/gcc/arm-none-eabi/12.3.1/thumb/v7e-m+fp/hard\libgcc.a
LOAD C:/ST/STM32CubeIDE_1.15.1/STM32CubeIDE/plugins/com.st.stm32cube.ide.mcu.externaltools.gnu-tools-for-stm32.12.3.rel1.win32_1.0.100.202403111256/tools/bin/../lib/gcc/arm-none-eabi/12.3.1/../../../../arm-none-eabi/lib/thumb/v7e-m+fp/hard\libc_nano.a
END GROUP
START GROUP
LOAD C:/ST/STM32CubeIDE_1.15.1/STM32CubeIDE/plugins/com.st.stm32cube.ide.mcu.externaltools.gnu-tools-for-stm32.12.3.rel1.win32_1.0.100.202403111256/tools/bin/../lib/gcc/arm-none-eabi/12.3.1/thumb/v7e-m+fp/hard\libgcc.a
LOAD C:/ST/STM32CubeIDE_1.15.1/STM32CubeIDE/plugins/com.st.stm32cube.ide.mcu.externaltools.gnu-tools-for-stm32.12.3.rel1.win32_1.0.100.202403111256/tools/bin/../lib/gcc/arm-none-eabi/12.3.1/../../../../arm-none-eabi/lib/thumb/v7e-m+fp/hard\libc_nano.a
LOAD C:/ST/STM32CubeIDE_1.15.1/STM32CubeIDE/plugins/com.st.stm32cube.ide.mcu.externaltools.gnu-tools-for-stm32.12.3.rel1.win32_1.0.100.202403111256/tools/bin/../lib/gcc/arm-none-eabi/12.3.1/../../../../arm-none-eabi/lib/thumb/v7e-m+fp/hard\libnosys.a
END GROUP
START GROUP
LOAD C:/ST/STM32CubeIDE_1.15.1/STM32CubeIDE/plugins/com.st.stm32cube.ide.mcu.externaltools.gnu-tools-for-stm32.12.3.rel1.win32_1.0.100.202403111256/tools/bin/../lib/gcc/arm-none-eabi/12.3.1/thumb/v7e-m+fp/hard\libgcc.a
LOAD C:/ST/STM32CubeIDE_1.15.1/STM32CubeIDE/plugins/com.st.stm32cube.ide.mcu.externaltools.gnu-tools-for-stm32.12.3.rel1.win32_1.0.100.202403111256/tools/bin/../lib/gcc/arm-none-eabi/12.3.1/../../../../arm-none-eabi/lib/thumb/v7e-m+fp/hard\libc_nano.a
LOAD C:/ST/STM32CubeIDE_1.15.1/STM32CubeIDE/plugins/com.st.stm32cube.ide.mcu.externaltools.gnu-tools-for-stm32.12.3.rel1.win32_1.0.100.202403111256/tools/bin/../lib/gcc/arm-none-eabi/12.3.1/../../../../arm-none-eabi/lib/thumb/v7e-m+fp/hard\libnosys.a
END GROUP
LOAD C:/ST/STM32CubeIDE_1.15.1/STM32CubeIDE/plugins/com.st.stm32cube.ide.mcu.externaltools.gnu-tools-for-stm32.12.3.rel1.win32_1.0.100.202403111256/tools/bin/../lib/gcc/arm-none-eabi/12.3.1/thumb/v7e-m+fp/hard/crtend.o
LOAD C:/ST/STM32CubeIDE_1.15.1/STM32CubeIDE/plugins/com.st.stm32cube.ide.mcu.externaltools.gnu-tools-for-stm32.12.3.rel1.win32_1.0.100.202403111256/tools/bin/../lib/gcc/arm-none-eabi/12.3.1/thumb/v7e-m+fp/hard/crtn.o
                0x20020000                        _estack = (ORIGIN (RAM) + LENGTH (RAM))
                0x00000200                        _Min_Heap_Size = 0x200
                0x00000400                        _Min_Stack_Size = 0x400

.isr_vector     0x08000000      0x188
                0x08000000                        . = ALIGN (0x4)
 *(.isr_vector)
 .isr_vector    0x08000000      0x188 ./Core/Startup/startup_stm32f407vgtx.o
                0x08000000                g_pfnVectors
                0x08000188                        . = ALIGN (0x4)

.text           0x08000190     0xbda4
                0x08000190                        . = ALIGN (0x4)
 *(.text)
 .text          0x08000190       0x40 C:/ST/STM32CubeIDE_1.15.1/STM32CubeIDE/plugins/com.st.stm32cube.ide.mcu.externaltools.gnu-tools-for-stm32.12.3.rel1.win32_1.0.100.202403111256/tools/bin/../lib/gcc/arm-none-eabi/12.3.1/thumb/v7e-m+fp/hard/crtbegin.o
 .text          0x080001d0       0x14 C:/ST/STM32CubeIDE_1.15.1/STM32CubeIDE/plugins/com.st.stm32cube.ide.mcu.externaltools.gnu-tools-for-stm32.12.3.rel1.win32_1.0.100.202403111256/tools/bin/../lib/gcc/arm-none-eabi/12.3.1/../../../../arm-none-eabi/lib/thumb/v7e-m+fp/hard\libc_nano.a(libc_a-strcmp.o)
                0x080001d0                strcmp
 .text          0x080001e4       0x10 C:/ST/STM32CubeIDE_1.15.1/STM32CubeIDE/plugins/com.st.stm32cube.ide.mcu.externaltools.gnu-tools-for-stm32.12.3.rel1.win32_1.0.100.202403111256/tools/bin/../lib/gcc/arm-none-eabi/12.3.1/../../../../arm-none-eabi/lib/thumb/v7e-m+fp/hard\libc_nano.a(libc_a-strlen.o)
                0x080001e4                strlen
 *fill*         0x080001f4        0xc 
 .text          0x08000200       0xa0 C:/ST/STM32CubeIDE_1.15.1/STM32CubeIDE/plugins/com.st.stm32cube.ide.mcu.externaltools.gnu-tools-for-stm32.12.3.rel1.win32_1.0.100.202403111256/tools/bin/../lib/gcc/arm-none-eabi/12.3.1/../../../../arm-none-eabi/lib/thumb/v7e-m+fp/hard\libc_nano.a(libc_a-memchr.o)
                0x08000200                memchr
 .text          0x080002a0       0xa0 C:/ST/STM32CubeIDE_1.15.1/STM32CubeIDE/plugins/com.st.stm32cube.ide.mcu.externaltools.gnu-tools-for-stm32.12.3.rel1.win32_1.0.100.202403111256/tools/bin/../lib/gcc/arm-none-eabi/12.3.1/thumb/v7e-m+fp/hard\libgcc.a(_aeabi_ldivmod.o)
                0x080002a0                __aeabi_ldivmod
 .text          0x08000340       0x30 C:/ST/STM32CubeIDE_1.15.1/STM32CubeIDE/plugins/com.st.stm32cube.ide.mcu.externaltools.gnu-tools-for-stm32.12.3.rel1.win32_1.0.100.202403111256/tools/bin/../lib/gcc/arm-none-eabi/12.3.1/thumb/v7e-m+fp/hard\libgcc.a(_aeabi_uldivmod.o)
                0x08000340                __aeabi_uldivmod
 .text          0x08000370      0x2bc C:/ST/STM32CubeIDE_1.15.1/STM32CubeIDE/plugins/com.st.stm32cube.ide.mcu.externaltools.gnu-tools-for-stm32.12.3.rel1.win32_1.0.100.202403111256/tools/bin/../lib/gcc/arm-none-eabi/12.3.1/thumb/v7e-m+fp/hard\libgcc.a(_udivmoddi4.o)
                0x08000370                __udivmoddi4
 .text          0x0800062c        0x4 C:/ST/STM32CubeIDE_1.15.1/STM32CubeIDE/plugins/com.st.stm32cube.ide.mcu.externaltools.gnu-tools-for-stm32.12.3.rel1.win32_1.0.100.202403111256/tools/bin/../lib/gcc/arm-none-eabi/12.3.1/thumb/v7e-m+fp/hard\libgcc.a(_dvmd_tls.o)
                0x0800062c                __aeabi_idiv0
                0x0800062c                __aeabi_ldiv0
 *(.text*)
 .text.LL_SYSTICK_IsActiveCounterFlag
                0x08000630       0x28 ./BSP/Delay/delay.o
 .text.delay_us
                0x08000658       0x48 ./BSP/Delay/delay.o
                0x08000658                delay_us
 .text.LL_I2C_Enable
                0x080006a0       0x20 ./BSP/I2C_Slave/i2c_slave.o
 .text.LL_I2C_Disable
                0x080006c0       0x20 ./BSP/I2C_Slave/i2c_slave.o
 .text.LL_I2C_EnableClockStretching
                0x080006e0       0x20 ./BSP/I2C_Slave/i2c_slave.o
 .text.LL_I2C_DisableGeneralCall
                0x08000700       0x20 ./BSP/I2C_Slave/i2c_slave.o
 .text.LL_I2C_DisableOwnAddress2
                0x08000720       0x20 ./BSP/I2C_Slave/i2c_slave.o
 .text.LL_I2C_EnableIT_EVT
                0x08000740       0x20 ./BSP/I2C_Slave/i2c_slave.o
 .text.LL_I2C_EnableIT_BUF
                0x08000760       0x20 ./BSP/I2C_Slave/i2c_slave.o
 .text.LL_I2C_DisableIT_BUF
                0x08000780       0x20 ./BSP/I2C_Slave/i2c_slave.o
 .text.LL_I2C_EnableIT_ERR
                0x080007a0       0x20 ./BSP/I2C_Slave/i2c_slave.o
 .text.LL_I2C_IsActiveFlag_TXE
                0x080007c0       0x26 ./BSP/I2C_Slave/i2c_slave.o
 .text.LL_I2C_IsActiveFlag_RXNE
                0x080007e6       0x26 ./BSP/I2C_Slave/i2c_slave.o
 .text.LL_I2C_IsActiveFlag_ADDR
                0x0800080c       0x26 ./BSP/I2C_Slave/i2c_slave.o
 .text.LL_I2C_IsActiveFlag_AF
                0x08000832       0x28 ./BSP/I2C_Slave/i2c_slave.o
 .text.LL_I2C_IsActiveFlag_STOP
                0x0800085a       0x26 ./BSP/I2C_Slave/i2c_slave.o
 .text.LL_I2C_IsActiveFlag_BERR
                0x08000880       0x28 ./BSP/I2C_Slave/i2c_slave.o
 .text.LL_I2C_IsActiveFlag_ARLO
                0x080008a8       0x28 ./BSP/I2C_Slave/i2c_slave.o
 .text.LL_I2C_IsActiveFlag_OVR
                0x080008d0       0x28 ./BSP/I2C_Slave/i2c_slave.o
 .text.LL_I2C_ClearFlag_ADDR
                0x080008f8       0x24 ./BSP/I2C_Slave/i2c_slave.o
 .text.LL_I2C_ClearFlag_AF
                0x0800091c       0x20 ./BSP/I2C_Slave/i2c_slave.o
 .text.LL_I2C_ClearFlag_STOP
                0x0800093c       0x28 ./BSP/I2C_Slave/i2c_slave.o
 .text.LL_I2C_ClearFlag_BERR
                0x08000964       0x20 ./BSP/I2C_Slave/i2c_slave.o
 .text.LL_I2C_ClearFlag_ARLO
                0x08000984       0x20 ./BSP/I2C_Slave/i2c_slave.o
 .text.LL_I2C_ClearFlag_OVR
                0x080009a4       0x20 ./BSP/I2C_Slave/i2c_slave.o
 .text.LL_I2C_GetTransferDirection
                0x080009c4       0x1c ./BSP/I2C_Slave/i2c_slave.o
 .text.LL_I2C_ReceiveData8
                0x080009e0       0x1a ./BSP/I2C_Slave/i2c_slave.o
 .text.LL_I2C_TransmitData8
                0x080009fa       0x28 ./BSP/I2C_Slave/i2c_slave.o
 *fill*         0x08000a22        0x2 
 .text.I2C_ReInit
                0x08000a24       0xa0 ./BSP/I2C_Slave/i2c_slave.o
                0x08000a24                I2C_ReInit
 .text.i2c_slave_clear
                0x08000ac4       0x34 ./BSP/I2C_Slave/i2c_slave.o
                0x08000ac4                i2c_slave_clear
 .text.i2c_slave_init
                0x08000af8       0x3c ./BSP/I2C_Slave/i2c_slave.o
                0x08000af8                i2c_slave_init
 .text.I2C_event_IRQ
                0x08000b34      0x210 ./BSP/I2C_Slave/i2c_slave.o
                0x08000b34                I2C_event_IRQ
 .text.I2C_error_IRQ
                0x08000d44       0x9c ./BSP/I2C_Slave/i2c_slave.o
                0x08000d44                I2C_error_IRQ
 .text.Register_Init
                0x08000de0      0x104 ./BSP/I2C_Slave/register.o
                0x08000de0                Register_Init
 .text.__NVIC_SetPriority
                0x08000ee4       0x54 ./BSP/SysTick/systick.o
 .text.SysTick_Config
                0x08000f38       0x44 ./BSP/SysTick/systick.o
 .text.systick_timer_start
                0x08000f7c       0x20 ./BSP/SysTick/systick.o
                0x08000f7c                systick_timer_start
 .text.systick_timer_init
                0x08000f9c       0x24 ./BSP/SysTick/systick.o
                0x08000f9c                systick_timer_init
 .text.LL_USART_IsActiveFlag_FE
                0x08000fc0       0x26 ./BSP/UART/uart.o
 .text.LL_USART_IsActiveFlag_NE
                0x08000fe6       0x26 ./BSP/UART/uart.o
 .text.LL_USART_IsActiveFlag_ORE
                0x0800100c       0x26 ./BSP/UART/uart.o
 .text.LL_USART_IsActiveFlag_RXNE
                0x08001032       0x26 ./BSP/UART/uart.o
 .text.LL_USART_IsActiveFlag_TXE
                0x08001058       0x26 ./BSP/UART/uart.o
 .text.LL_USART_ClearFlag_FE
                0x0800107e       0x24 ./BSP/UART/uart.o
 .text.LL_USART_ClearFlag_NE
                0x080010a2       0x24 ./BSP/UART/uart.o
 .text.LL_USART_ClearFlag_ORE
                0x080010c6       0x24 ./BSP/UART/uart.o
 .text.LL_USART_EnableIT_RXNE
                0x080010ea       0x46 ./BSP/UART/uart.o
 .text.LL_USART_EnableIT_TXE
                0x08001130       0x46 ./BSP/UART/uart.o
 .text.LL_USART_DisableIT_RXNE
                0x08001176       0x46 ./BSP/UART/uart.o
 .text.LL_USART_DisableIT_TXE
                0x080011bc       0x46 ./BSP/UART/uart.o
 .text.LL_USART_IsEnabledIT_RXNE
                0x08001202       0x26 ./BSP/UART/uart.o
 .text.LL_USART_IsEnabledIT_TXE
                0x08001228       0x26 ./BSP/UART/uart.o
 .text.LL_USART_ReceiveData8
                0x0800124e       0x1a ./BSP/UART/uart.o
 .text.LL_USART_TransmitData8
                0x08001268       0x1e ./BSP/UART/uart.o
 *fill*         0x08001286        0x2 
 .text.get_usart_buffer
                0x08001288       0x54 ./BSP/UART/uart.o
                0x08001288                get_usart_buffer
 .text.store_char
                0x080012dc       0x56 ./BSP/UART/uart.o
                0x080012dc                store_char
 .text.UART_ReadRing
                0x08001332       0x70 ./BSP/UART/uart.o
                0x08001332                UART_ReadRing
 .text.UART_WriteRing
                0x080013a2       0x78 ./BSP/UART/uart.o
                0x080013a2                UART_WriteRing
 .text.IsDataAvailable
                0x0800141a       0x52 ./BSP/UART/uart.o
                0x0800141a                IsDataAvailable
 .text.UART_SendStringRing
                0x0800146c       0x2e ./BSP/UART/uart.o
                0x0800146c                UART_SendStringRing
 .text.UART_Flush_RingRx
                0x0800149a       0x42 ./BSP/UART/uart.o
                0x0800149a                UART_Flush_RingRx
 .text.UART_Ring_ISR
                0x080014dc       0xf0 ./BSP/UART/uart.o
                0x080014dc                UART_Ring_ISR
 .text.CmdLineProcess
                0x080015cc       0xb8 ./Core/CMDLine/cmdline.o
                0x080015cc                CmdLineProcess
 .text.LL_SPI_IsActiveFlag_TXE
                0x08001684       0x26 ./Core/CMDLine/command.o
 .text.LL_SPI_IsActiveFlag_BSY
                0x080016aa       0x26 ./Core/CMDLine/command.o
 .text.LL_SPI_TransmitData8
                0x080016d0       0x24 ./Core/CMDLine/command.o
 .text.LL_GPIO_SetOutputPin
                0x080016f4       0x1c ./Core/CMDLine/command.o
 .text.LL_GPIO_ResetOutputPin
                0x08001710       0x1e ./Core/CMDLine/command.o
 .text.LL_GPIO_TogglePin
                0x0800172e       0x32 ./Core/CMDLine/command.o
 .text.CommandLine_Init
                0x08001760       0x78 ./Core/CMDLine/command.o
                0x08001760                CommandLine_Init
 .text.CommandLine_Task_Update
                0x080017d8       0x64 ./Core/CMDLine/command.o
 .text.process_command
                0x0800183c      0x49c ./Core/CMDLine/command.o
                0x0800183c                process_command
 .text.ResetConfig
                0x08001cd8       0x7c ./Core/CMDLine/command.o
 .text.Cmd_help
                0x08001d54      0x114 ./Core/CMDLine/command.o
                0x08001d54                Cmd_help
 .text.Cmd_temp_pw
                0x08001e68       0x50 ./Core/CMDLine/command.o
                0x08001e68                Cmd_temp_pw
 .text.Cmd_set_temp
                0x08001eb8       0xd8 ./Core/CMDLine/command.o
                0x08001eb8                Cmd_set_temp
 .text.Cmd_get_temp
                0x08001f90       0xe4 ./Core/CMDLine/command.o
                0x08001f90                Cmd_get_temp
 .text.Cmd_get_temp_setpoint
                0x08002074       0x80 ./Core/CMDLine/command.o
                0x08002074                Cmd_get_temp_setpoint
 .text.Cmd_tec_set_vol
                0x080020f4      0x100 ./Core/CMDLine/command.o
                0x080020f4                Cmd_tec_set_vol
 .text.Cmd_tec_get_vol
                0x080021f4       0x90 ./Core/CMDLine/command.o
                0x080021f4                Cmd_tec_get_vol
 .text.Cmd_tec_dir
                0x08002284       0x9c ./Core/CMDLine/command.o
                0x08002284                Cmd_tec_dir
 .text.Cmd_tec_ctrl
                0x08002320       0x74 ./Core/CMDLine/command.o
                0x08002320                Cmd_tec_ctrl
 .text.Cmd_heater_set_duty
                0x08002394       0xf0 ./Core/CMDLine/command.o
                0x08002394                Cmd_heater_set_duty
 .text.Cmd_heater_get_duty
                0x08002484       0x90 ./Core/CMDLine/command.o
                0x08002484                Cmd_heater_get_duty
 .text.Cmd_tec_init
                0x08002514       0xa8 ./Core/CMDLine/command.o
                0x08002514                Cmd_tec_init
 .text.Cmd_temp_ctrl
                0x080025bc      0x12c ./Core/CMDLine/command.o
                0x080025bc                Cmd_temp_ctrl
 .text.Cmd_temp_auto_ctrl
                0x080026e8       0x9c ./Core/CMDLine/command.o
                0x080026e8                Cmd_temp_auto_ctrl
 .text.Cmd_ir_set_duty
                0x08002784      0x14c ./Core/CMDLine/command.o
                0x08002784                Cmd_ir_set_duty
 .text.Cmd_ir_get_duty
                0x080028d0       0xa8 ./Core/CMDLine/command.o
                0x080028d0                Cmd_ir_get_duty
 .text.Cmd_acceleration_gyroscope_get
                0x08002978       0x18 ./Core/CMDLine/command.o
                0x08002978                Cmd_acceleration_gyroscope_get
 .text.Cmd_pressure_get
                0x08002990       0x18 ./Core/CMDLine/command.o
                0x08002990                Cmd_pressure_get
 .text.Cmd_get_all
                0x080029a8       0x28 ./Core/CMDLine/command.o
                0x080029a8                Cmd_get_all
 .text.Cmd_dac_set
                0x080029d0       0x70 ./Core/CMDLine/command.o
                0x080029d0                Cmd_dac_set
 .text.Cmd_ls_set
                0x08002a40       0xf8 ./Core/CMDLine/command.o
                0x08002a40                Cmd_ls_set
 .text.Cmd_pd_set
                0x08002b38       0xfc ./Core/CMDLine/command.o
                0x08002b38                Cmd_pd_set
 .text.Cmd_get_adc
                0x08002c34       0xa8 ./Core/CMDLine/command.o
                0x08002c34                Cmd_get_adc
 .text.Cmd_auto_laser
                0x08002cdc      0x308 ./Core/CMDLine/command.o
                0x08002cdc                Cmd_auto_laser
 .text.Cmd_auto_adc
                0x08002fe4       0xbc ./Core/CMDLine/command.o
                0x08002fe4                Cmd_auto_adc
 .text.Cmd_read
                0x080030a0      0x1e4 ./Core/CMDLine/command.o
                0x080030a0                Cmd_read
 .text.CommandLine_CreateTask
                0x08003284       0x18 ./Core/CMDLine/command.o
                0x08003284                CommandLine_CreateTask
 .text.Command_SendSplash
                0x0800329c       0xbc ./Core/CMDLine/command.o
                0x0800329c                Command_SendSplash
 .text.LL_SPI_IsActiveFlag_TXE
                0x08003358       0x26 ./Core/Devices/Auto_run/auto_run.o
 .text.LL_SPI_IsActiveFlag_BSY
                0x0800337e       0x26 ./Core/Devices/Auto_run/auto_run.o
 .text.LL_SPI_TransmitData8
                0x080033a4       0x24 ./Core/Devices/Auto_run/auto_run.o
 .text.LL_GPIO_SetOutputPin
                0x080033c8       0x1c ./Core/Devices/Auto_run/auto_run.o
 .text.LL_GPIO_ResetOutputPin
                0x080033e4       0x1e ./Core/Devices/Auto_run/auto_run.o
 *fill*         0x08003402        0x2 
 .text.auto_run_task_update
                0x08003404      0x2b0 ./Core/Devices/Auto_run/auto_run.o
 .text.auto_get_temp
                0x080036b4       0xbc ./Core/Devices/Auto_run/auto_run.o
                0x080036b4                auto_get_temp
 .text.auto_set_pd
                0x08003770       0xcc ./Core/Devices/Auto_run/auto_run.o
                0x08003770                auto_set_pd
 .text.auto_set_ls
                0x0800383c       0xd0 ./Core/Devices/Auto_run/auto_run.o
                0x0800383c                auto_set_ls
 .text.read_adc
                0x0800390c       0xfc ./Core/Devices/Auto_run/auto_run.o
                0x0800390c                read_adc
 .text.read_adc_without_LF
                0x08003a08       0x98 ./Core/Devices/Auto_run/auto_run.o
                0x08003a08                read_adc_without_LF
 .text.AutoRun_CreateTask
                0x08003aa0       0x18 ./Core/Devices/Auto_run/auto_run.o
                0x08003aa0                AutoRun_CreateTask
 .text.LL_GPIO_SetOutputPin
                0x08003ab8       0x1c ./Core/Devices/DAC/mcp4902.o
 .text.LL_GPIO_ResetOutputPin
                0x08003ad4       0x1e ./Core/Devices/DAC/mcp4902.o
 .text.LL_SPI_IsActiveFlag_TXE
                0x08003af2       0x26 ./Core/Devices/DAC/mcp4902.o
 .text.LL_SPI_IsActiveFlag_BSY
                0x08003b18       0x26 ./Core/Devices/DAC/mcp4902.o
 .text.LL_SPI_TransmitData8
                0x08003b3e       0x24 ./Core/Devices/DAC/mcp4902.o
 *fill*         0x08003b62        0x2 
 .text.DAC_Write
                0x08003b64       0xcc ./Core/Devices/DAC/mcp4902.o
                0x08003b64                DAC_Write
 .text.SoftTime_Task_Update
                0x08003c30      0x184 ./Core/Devices/DateTime/date_time.o
                0x08003c30                SoftTime_Task_Update
 .text.SoftTime_CreateTask
                0x08003db4       0x5c ./Core/Devices/DateTime/date_time.o
                0x08003db4                SoftTime_CreateTask
 .text.DateTime_GetRTC
                0x08003e10       0x2c ./Core/Devices/DateTime/date_time.o
                0x08003e10                DateTime_GetRTC
 .text.LL_TIM_OC_SetCompareCH1
                0x08003e3c       0x1c ./Core/Devices/Heater/heater.o
 .text.LL_TIM_OC_SetCompareCH2
                0x08003e58       0x1c ./Core/Devices/Heater/heater.o
 .text.LL_TIM_OC_SetCompareCH3
                0x08003e74       0x1c ./Core/Devices/Heater/heater.o
 .text.LL_TIM_OC_SetCompareCH4
                0x08003e90       0x1c ./Core/Devices/Heater/heater.o
 .text.heater_set_duty_pwm_channel
                0x08003eac       0x7c ./Core/Devices/Heater/heater.o
                0x08003eac                heater_set_duty_pwm_channel
 .text.LL_TIM_OC_SetCompareCH1
                0x08003f28       0x1c ./Core/Devices/IR_LED/ir_led.o
 .text.LL_TIM_OC_SetCompareCH2
                0x08003f44       0x1c ./Core/Devices/IR_LED/ir_led.o
 .text.LL_TIM_OC_SetCompareCH3
                0x08003f60       0x1c ./Core/Devices/IR_LED/ir_led.o
 .text.LL_TIM_OC_SetCompareCH4
                0x08003f7c       0x1c ./Core/Devices/IR_LED/ir_led.o
 .text.ir_led_set_duty
                0x08003f98       0x98 ./Core/Devices/IR_LED/ir_led.o
                0x08003f98                ir_led_set_duty
 .text.ir_led_get_duty
                0x08004030       0x24 ./Core/Devices/IR_LED/ir_led.o
                0x08004030                ir_led_get_duty
 .text.LL_SPI_IsActiveFlag_RXNE
                0x08004054       0x26 ./Core/Devices/LT8722/lt8722.o
 .text.LL_SPI_ReceiveData8
                0x0800407a       0x1c ./Core/Devices/LT8722/lt8722.o
 .text.LL_SPI_TransmitData8
                0x08004096       0x24 ./Core/Devices/LT8722/lt8722.o
 .text.LL_GPIO_SetOutputPin
                0x080040ba       0x1c ./Core/Devices/LT8722/lt8722.o
 .text.LL_GPIO_ResetOutputPin
                0x080040d6       0x1e ./Core/Devices/LT8722/lt8722.o
 .text.csLOW    0x080040f4       0x34 ./Core/Devices/LT8722/lt8722.o
 .text.csHIGH   0x08004128       0x34 ./Core/Devices/LT8722/lt8722.o
 .text.SPI_LL_Transmit
                0x0800415c       0x38 ./Core/Devices/LT8722/lt8722.o
 .text.SPI_write_and_read_buffer
                0x08004194       0x5e ./Core/Devices/LT8722/lt8722.o
                0x08004194                SPI_write_and_read_buffer
 *fill*         0x080041f2        0x6 
 .text.lt8722_voltage_to_dac
                0x080041f8       0x4c ./Core/Devices/LT8722/lt8722.o
                0x080041f8                lt8722_voltage_to_dac
 .text.lt8722_dac_to_voltage
                0x08004244       0x88 ./Core/Devices/LT8722/lt8722.o
                0x08004244                lt8722_dac_to_voltage
 .text.lt8722_transaction
                0x080042cc       0xfe ./Core/Devices/LT8722/lt8722.o
                0x080042cc                lt8722_transaction
 *fill*         0x080043ca        0x2 
 .text.lt8722_reg_read
                0x080043cc       0x74 ./Core/Devices/LT8722/lt8722.o
                0x080043cc                lt8722_reg_read
 .text.lt8722_reg_write
                0x08004440       0x58 ./Core/Devices/LT8722/lt8722.o
                0x08004440                lt8722_reg_write
 .text.lt8722_reg_write_mask
                0x08004498       0x50 ./Core/Devices/LT8722/lt8722.o
                0x08004498                lt8722_reg_write_mask
 .text.lt8722_set_enable_req
                0x080044e8       0x26 ./Core/Devices/LT8722/lt8722.o
                0x080044e8                lt8722_set_enable_req
 .text.lt8722_set_swen_req
                0x0800450e       0x26 ./Core/Devices/LT8722/lt8722.o
                0x0800450e                lt8722_set_swen_req
 .text.lt8722_reset
                0x08004534       0x22 ./Core/Devices/LT8722/lt8722.o
                0x08004534                lt8722_reset
 .text.lt8722_clear_faults
                0x08004556       0x32 ./Core/Devices/LT8722/lt8722.o
                0x08004556                lt8722_clear_faults
 .text.lt8722_set_dac
                0x08004588       0x28 ./Core/Devices/LT8722/lt8722.o
                0x08004588                lt8722_set_dac
 .text.lt8722_init
                0x080045b0      0x1d4 ./Core/Devices/LT8722/lt8722.o
                0x080045b0                lt8722_init
 .text.lt8722_set_output_voltage_channel
                0x08004784       0xe4 ./Core/Devices/LT8722/lt8722.o
                0x08004784                lt8722_set_output_voltage_channel
 .text.Calculate_CRC8
                0x08004868       0x76 ./Core/Devices/LT8722/lt8722.o
                0x08004868                Calculate_CRC8
 .text.put_unaligned_be32
                0x080048de       0x42 ./Core/Devices/LT8722/lt8722.o
                0x080048de                put_unaligned_be32
 .text.get_unaligned_be32
                0x08004920       0x3a ./Core/Devices/LT8722/lt8722.o
                0x08004920                get_unaligned_be32
 .text.get_unaligned_be16
                0x0800495a       0x24 ./Core/Devices/LT8722/lt8722.o
                0x0800495a                get_unaligned_be16
 .text.find_first_set_bit
                0x0800497e       0x3c ./Core/Devices/LT8722/lt8722.o
                0x0800497e                find_first_set_bit
 .text.field_prep
                0x080049ba       0x24 ./Core/Devices/LT8722/lt8722.o
                0x080049ba                field_prep
 .text.LL_ADC_Enable
                0x080049de       0x20 ./Core/Devices/NTC/ntc.o
 .text.LL_ADC_IsEnabled
                0x080049fe       0x26 ./Core/Devices/NTC/ntc.o
 .text.LL_ADC_REG_StartConversionSWStart
                0x08004a24       0x20 ./Core/Devices/NTC/ntc.o
 .text.LL_DMA_EnableStream
                0x08004a44       0x40 ./Core/Devices/NTC/ntc.o
 .text.LL_DMA_SetDataTransferDirection
                0x08004a84       0x48 ./Core/Devices/NTC/ntc.o
 .text.LL_DMA_SetMode
                0x08004acc       0x48 ./Core/Devices/NTC/ntc.o
 .text.LL_DMA_SetPeriphIncMode
                0x08004b14       0x48 ./Core/Devices/NTC/ntc.o
 .text.LL_DMA_SetMemoryIncMode
                0x08004b5c       0x48 ./Core/Devices/NTC/ntc.o
 .text.LL_DMA_SetPeriphSize
                0x08004ba4       0x48 ./Core/Devices/NTC/ntc.o
 .text.LL_DMA_SetMemorySize
                0x08004bec       0x48 ./Core/Devices/NTC/ntc.o
 .text.LL_DMA_SetDataLength
                0x08004c34       0x48 ./Core/Devices/NTC/ntc.o
 .text.LL_DMA_SetChannelSelection
                0x08004c7c       0x48 ./Core/Devices/NTC/ntc.o
 .text.LL_DMA_SetMemoryAddress
                0x08004cc4       0x30 ./Core/Devices/NTC/ntc.o
 .text.LL_DMA_SetPeriphAddress
                0x08004cf4       0x30 ./Core/Devices/NTC/ntc.o
 .text.NTC_DMA_ADC_Init
                0x08004d24       0xa8 ./Core/Devices/NTC/ntc.o
                0x08004d24                NTC_DMA_ADC_Init
 .text.NTC_get_temperature
                0x08004dcc       0x7c ./Core/Devices/NTC/ntc.o
                0x08004dcc                NTC_get_temperature
 .text.LL_GPIO_SetOutputPin
                0x08004e48       0x1c ./Core/LED/status_led.o
 .text.LL_GPIO_ResetOutputPin
                0x08004e64       0x1e ./Core/LED/status_led.o
 *fill*         0x08004e82        0x2 
 .text.LED_Status_Init
                0x08004e84       0x34 ./Core/LED/status_led.o
                0x08004e84                LED_Status_Init
 .text.status_led_update
                0x08004eb8       0x3c ./Core/LED/status_led.o
                0x08004eb8                status_led_update
 .text.status_led_powerup
                0x08004ef4       0x90 ./Core/LED/status_led.o
 .text.status_led_normal
                0x08004f84       0x44 ./Core/LED/status_led.o
 .text.status_led_error
                0x08004fc8       0x8c ./Core/LED/status_led.o
 .text.status_led_led_green_on
                0x08005054       0x18 ./Core/LED/status_led.o
 .text.status_led_led_green_off
                0x0800506c       0x18 ./Core/LED/status_led.o
 .text.status_led_led_blue_on
                0x08005084       0x18 ./Core/LED/status_led.o
 .text.status_led_led_blue_off
                0x0800509c       0x18 ./Core/LED/status_led.o
 .text.LED_Status_CreateTask
                0x080050b4       0x18 ./Core/LED/status_led.o
                0x080050b4                LED_Status_CreateTask
 .text.__NVIC_GetPriorityGrouping
                0x080050cc       0x1c ./Core/Src/main.o
 .text.__NVIC_EnableIRQ
                0x080050e8       0x3c ./Core/Src/main.o
 .text.__NVIC_SetPriority
                0x08005124       0x54 ./Core/Src/main.o
 .text.NVIC_EncodePriority
                0x08005178       0x66 ./Core/Src/main.o
 .text.LL_ADC_REG_SetSequencerRanks
                0x080051de       0x7a ./Core/Src/main.o
 .text.LL_ADC_REG_SetFlagEndOfConversion
                0x08005258       0x26 ./Core/Src/main.o
 .text.LL_ADC_SetChannelSamplingTime
                0x0800527e       0xc2 ./Core/Src/main.o
 .text.LL_DMA_SetDataTransferDirection
                0x08005340       0x48 ./Core/Src/main.o
 .text.LL_DMA_SetMode
                0x08005388       0x48 ./Core/Src/main.o
 .text.LL_DMA_SetPeriphIncMode
                0x080053d0       0x48 ./Core/Src/main.o
 .text.LL_DMA_SetMemoryIncMode
                0x08005418       0x48 ./Core/Src/main.o
 .text.LL_DMA_SetPeriphSize
                0x08005460       0x48 ./Core/Src/main.o
 .text.LL_DMA_SetMemorySize
                0x080054a8       0x48 ./Core/Src/main.o
 .text.LL_DMA_SetStreamPriorityLevel
                0x080054f0       0x48 ./Core/Src/main.o
 .text.LL_DMA_SetChannelSelection
                0x08005538       0x48 ./Core/Src/main.o
 .text.LL_DMA_DisableFifoMode
                0x08005580       0x40 ./Core/Src/main.o
 .text.LL_I2C_Enable
                0x080055c0       0x20 ./Core/Src/main.o
 .text.LL_I2C_EnableClockStretching
                0x080055e0       0x20 ./Core/Src/main.o
 .text.LL_I2C_DisableGeneralCall
                0x08005600       0x20 ./Core/Src/main.o
 .text.LL_I2C_SetOwnAddress2
                0x08005620       0x26 ./Core/Src/main.o
 .text.LL_I2C_DisableOwnAddress2
                0x08005646       0x20 ./Core/Src/main.o
 .text.LL_I2C_EnableIT_EVT
                0x08005666       0x20 ./Core/Src/main.o
 *fill*         0x08005686        0x2 
 .text.LL_RCC_HSE_Enable
                0x08005688       0x20 ./Core/Src/main.o
 .text.LL_RCC_HSE_IsReady
                0x080056a8       0x28 ./Core/Src/main.o
 .text.LL_RCC_SetSysClkSource
                0x080056d0       0x28 ./Core/Src/main.o
 .text.LL_RCC_GetSysClkSource
                0x080056f8       0x1c ./Core/Src/main.o
 .text.LL_RCC_SetAHBPrescaler
                0x08005714       0x28 ./Core/Src/main.o
 .text.LL_RCC_SetAPB1Prescaler
                0x0800573c       0x28 ./Core/Src/main.o
 .text.LL_RCC_SetAPB2Prescaler
                0x08005764       0x28 ./Core/Src/main.o
 .text.LL_AHB1_GRP1_EnableClock
                0x0800578c       0x30 ./Core/Src/main.o
 .text.LL_APB1_GRP1_EnableClock
                0x080057bc       0x30 ./Core/Src/main.o
 .text.LL_APB2_GRP1_EnableClock
                0x080057ec       0x30 ./Core/Src/main.o
 .text.LL_FLASH_SetLatency
                0x0800581c       0x28 ./Core/Src/main.o
 .text.LL_FLASH_GetLatency
                0x08005844       0x1c ./Core/Src/main.o
 .text.LL_PWR_SetRegulVoltageScaling
                0x08005860       0x28 ./Core/Src/main.o
 .text.LL_SPI_Enable
                0x08005888       0x20 ./Core/Src/main.o
 .text.LL_SPI_SetStandard
                0x080058a8       0x26 ./Core/Src/main.o
 .text.LL_SPI_TransmitData8
                0x080058ce       0x24 ./Core/Src/main.o
 .text.LL_TIM_DisableARRPreload
                0x080058f2       0x20 ./Core/Src/main.o
 *fill*         0x08005912        0x2 
 .text.LL_TIM_OC_DisableFast
                0x08005914       0x8c ./Core/Src/main.o
 .text.LL_TIM_OC_EnablePreload
                0x080059a0       0x88 ./Core/Src/main.o
 .text.LL_TIM_SetClockSource
                0x08005a28       0x2a ./Core/Src/main.o
 .text.LL_TIM_SetTriggerOutput
                0x08005a52       0x26 ./Core/Src/main.o
 .text.LL_TIM_DisableMasterSlaveMode
                0x08005a78       0x20 ./Core/Src/main.o
 .text.LL_USART_Enable
                0x08005a98       0x20 ./Core/Src/main.o
 .text.LL_USART_ConfigAsyncMode
                0x08005ab8       0x2c ./Core/Src/main.o
 .text.LL_GPIO_SetOutputPin
                0x08005ae4       0x1c ./Core/Src/main.o
 .text.LL_GPIO_ResetOutputPin
                0x08005b00       0x1e ./Core/Src/main.o
 *fill*         0x08005b1e        0x2 
 .text.main     0x08005b20       0xd8 ./Core/Src/main.o
                0x08005b20                main
 .text.SystemClock_Config
                0x08005bf8       0x70 ./Core/Src/main.o
                0x08005bf8                SystemClock_Config
 .text.MX_ADC1_Init
                0x08005c68      0x244 ./Core/Src/main.o
 .text.MX_ADC3_Init
                0x08005eac       0xa4 ./Core/Src/main.o
 .text.MX_I2C1_Init
                0x08005f50       0x5c ./Core/Src/main.o
 .text.MX_I2C2_Init
                0x08005fac       0xfc ./Core/Src/main.o
 .text.MX_SPI1_Init
                0x080060a8       0xac ./Core/Src/main.o
 .text.MX_SPI2_Init
                0x08006154       0x6c ./Core/Src/main.o
 .text.MX_SPI3_Init
                0x080061c0       0xac ./Core/Src/main.o
 .text.MX_TIM1_Init
                0x0800626c      0x130 ./Core/Src/main.o
 .text.MX_TIM3_Init
                0x0800639c       0x60 ./Core/Src/main.o
 .text.MX_TIM4_Init
                0x080063fc       0xf4 ./Core/Src/main.o
 .text.MX_USART1_UART_Init
                0x080064f0       0xc0 ./Core/Src/main.o
 .text.MX_USART6_UART_Init
                0x080065b0       0xc0 ./Core/Src/main.o
 .text.MX_DMA_Init
                0x08006670       0x30 ./Core/Src/main.o
 .text.MX_GPIO_Init
                0x080066a0      0x1a0 ./Core/Src/main.o
 .text.Error_Handler
                0x08006840        0xc ./Core/Src/main.o
                0x08006840                Error_Handler
 .text.HAL_MspInit
                0x0800684c       0x50 ./Core/Src/stm32f4xx_hal_msp.o
                0x0800684c                HAL_MspInit
 .text.HAL_ADC_MspInit
                0x0800689c       0x88 ./Core/Src/stm32f4xx_hal_msp.o
                0x0800689c                HAL_ADC_MspInit
 .text.HAL_I2C_MspInit
                0x08006924       0x90 ./Core/Src/stm32f4xx_hal_msp.o
                0x08006924                HAL_I2C_MspInit
 .text.HAL_SPI_MspInit
                0x080069b4       0x90 ./Core/Src/stm32f4xx_hal_msp.o
                0x080069b4                HAL_SPI_MspInit
 .text.HAL_TIM_OC_MspInit
                0x08006a44       0x44 ./Core/Src/stm32f4xx_hal_msp.o
                0x08006a44                HAL_TIM_OC_MspInit
 .text.HAL_TIM_MspPostInit
                0x08006a88       0x74 ./Core/Src/stm32f4xx_hal_msp.o
                0x08006a88                HAL_TIM_MspPostInit
 .text.NMI_Handler
                0x08006afc        0x8 ./Core/Src/stm32f4xx_it.o
                0x08006afc                NMI_Handler
 .text.HardFault_Handler
                0x08006b04        0x8 ./Core/Src/stm32f4xx_it.o
                0x08006b04                HardFault_Handler
 .text.MemManage_Handler
                0x08006b0c        0x8 ./Core/Src/stm32f4xx_it.o
                0x08006b0c                MemManage_Handler
 .text.BusFault_Handler
                0x08006b14        0x8 ./Core/Src/stm32f4xx_it.o
                0x08006b14                BusFault_Handler
 .text.UsageFault_Handler
                0x08006b1c        0x8 ./Core/Src/stm32f4xx_it.o
                0x08006b1c                UsageFault_Handler
 .text.SVC_Handler
                0x08006b24        0xe ./Core/Src/stm32f4xx_it.o
                0x08006b24                SVC_Handler
 .text.DebugMon_Handler
                0x08006b32        0xe ./Core/Src/stm32f4xx_it.o
                0x08006b32                DebugMon_Handler
 .text.PendSV_Handler
                0x08006b40        0xe ./Core/Src/stm32f4xx_it.o
                0x08006b40                PendSV_Handler
 *fill*         0x08006b4e        0x2 
 .text.SysTick_Handler
                0x08006b50       0x20 ./Core/Src/stm32f4xx_it.o
                0x08006b50                SysTick_Handler
 .text.I2C2_EV_IRQHandler
                0x08006b70        0xc ./Core/Src/stm32f4xx_it.o
                0x08006b70                I2C2_EV_IRQHandler
 .text.I2C2_ER_IRQHandler
                0x08006b7c        0xc ./Core/Src/stm32f4xx_it.o
                0x08006b7c                I2C2_ER_IRQHandler
 .text.USART1_IRQHandler
                0x08006b88       0x14 ./Core/Src/stm32f4xx_it.o
                0x08006b88                USART1_IRQHandler
 .text.DMA2_Stream0_IRQHandler
                0x08006b9c        0xe ./Core/Src/stm32f4xx_it.o
                0x08006b9c                DMA2_Stream0_IRQHandler
 *fill*         0x08006baa        0x2 
 .text.USART6_IRQHandler
                0x08006bac       0x14 ./Core/Src/stm32f4xx_it.o
                0x08006bac                USART6_IRQHandler
 .text._sbrk    0x08006bc0       0x6c ./Core/Src/sysmem.o
                0x08006bc0                _sbrk
 .text.SystemInit
                0x08006c2c       0x24 ./Core/Src/system_stm32f4xx.o
                0x08006c2c                SystemInit
 .text.Reset_Handler
                0x08006c50       0x50 ./Core/Startup/startup_stm32f407vgtx.o
                0x08006c50                Reset_Handler
 .text.Default_Handler
                0x08006ca0        0x2 ./Core/Startup/startup_stm32f407vgtx.o
                0x08006ca0                RTC_Alarm_IRQHandler
                0x08006ca0                HASH_RNG_IRQHandler
                0x08006ca0                EXTI2_IRQHandler
                0x08006ca0                TIM8_CC_IRQHandler
                0x08006ca0                TIM1_CC_IRQHandler
                0x08006ca0                DMA2_Stream5_IRQHandler
                0x08006ca0                DMA1_Stream5_IRQHandler
                0x08006ca0                PVD_IRQHandler
                0x08006ca0                SDIO_IRQHandler
                0x08006ca0                TAMP_STAMP_IRQHandler
                0x08006ca0                CAN2_RX1_IRQHandler
                0x08006ca0                EXTI3_IRQHandler
                0x08006ca0                TIM8_TRG_COM_TIM14_IRQHandler
                0x08006ca0                TIM1_UP_TIM10_IRQHandler
                0x08006ca0                TIM8_UP_TIM13_IRQHandler
                0x08006ca0                I2C3_ER_IRQHandler
                0x08006ca0                EXTI0_IRQHandler
                0x08006ca0                DMA1_Stream2_IRQHandler
                0x08006ca0                CAN1_RX0_IRQHandler
                0x08006ca0                FPU_IRQHandler
                0x08006ca0                OTG_HS_WKUP_IRQHandler
                0x08006ca0                CAN2_SCE_IRQHandler
                0x08006ca0                DMA2_Stream2_IRQHandler
                0x08006ca0                SPI1_IRQHandler
                0x08006ca0                TIM6_DAC_IRQHandler
                0x08006ca0                TIM1_BRK_TIM9_IRQHandler
                0x08006ca0                DCMI_IRQHandler
                0x08006ca0                CAN2_RX0_IRQHandler
                0x08006ca0                DMA2_Stream3_IRQHandler
                0x08006ca0                USART3_IRQHandler
                0x08006ca0                CAN1_RX1_IRQHandler
                0x08006ca0                UART5_IRQHandler
                0x08006ca0                TIM4_IRQHandler
                0x08006ca0                I2C1_EV_IRQHandler
                0x08006ca0                DMA1_Stream6_IRQHandler
                0x08006ca0                DMA1_Stream1_IRQHandler
                0x08006ca0                UART4_IRQHandler
                0x08006ca0                TIM3_IRQHandler
                0x08006ca0                RCC_IRQHandler
                0x08006ca0                TIM8_BRK_TIM12_IRQHandler
                0x08006ca0                Default_Handler
                0x08006ca0                EXTI15_10_IRQHandler
                0x08006ca0                ADC_IRQHandler
                0x08006ca0                DMA1_Stream7_IRQHandler
                0x08006ca0                TIM7_IRQHandler
                0x08006ca0                CAN2_TX_IRQHandler
                0x08006ca0                TIM5_IRQHandler
                0x08006ca0                DMA2_Stream7_IRQHandler
                0x08006ca0                I2C3_EV_IRQHandler
                0x08006ca0                EXTI9_5_IRQHandler
                0x08006ca0                RTC_WKUP_IRQHandler
                0x08006ca0                ETH_WKUP_IRQHandler
                0x08006ca0                SPI2_IRQHandler
                0x08006ca0                OTG_HS_EP1_IN_IRQHandler
                0x08006ca0                DMA1_Stream0_IRQHandler
                0x08006ca0                CAN1_TX_IRQHandler
                0x08006ca0                EXTI4_IRQHandler
                0x08006ca0                FSMC_IRQHandler
                0x08006ca0                ETH_IRQHandler
                0x08006ca0                OTG_HS_EP1_OUT_IRQHandler
                0x08006ca0                WWDG_IRQHandler
                0x08006ca0                TIM2_IRQHandler
                0x08006ca0                OTG_FS_WKUP_IRQHandler
                0x08006ca0                TIM1_TRG_COM_TIM11_IRQHandler
                0x08006ca0                OTG_HS_IRQHandler
                0x08006ca0                EXTI1_IRQHandler
                0x08006ca0                USART2_IRQHandler
                0x08006ca0                DMA2_Stream1_IRQHandler
                0x08006ca0                CAN1_SCE_IRQHandler
                0x08006ca0                FLASH_IRQHandler
                0x08006ca0                DMA2_Stream4_IRQHandler
                0x08006ca0                OTG_FS_IRQHandler
                0x08006ca0                SPI3_IRQHandler
                0x08006ca0                DMA1_Stream4_IRQHandler
                0x08006ca0                I2C1_ER_IRQHandler
                0x08006ca0                DMA2_Stream6_IRQHandler
                0x08006ca0                DMA1_Stream3_IRQHandler
 *fill*         0x08006ca2        0x2 
 .text.temperature_update
                0x08006ca4      0x26c ./Core/Temperature/temperature.o
 .text.temperature_auto_ctrl
                0x08006f10      0x190 ./Core/Temperature/temperature.o
                0x08006f10                temperature_auto_ctrl
 .text.temperature_manual_ctrl
                0x080070a0       0xbc ./Core/Temperature/temperature.o
                0x080070a0                temperature_manual_ctrl
 .text.Temperature_GetSet_CreateTask
                0x0800715c       0x18 ./Core/Temperature/temperature.o
                0x0800715c                Temperature_GetSet_CreateTask
 .text.temperature_set_setpoint
                0x08007174       0x2c ./Core/Temperature/temperature.o
                0x08007174                temperature_set_setpoint
 .text.temperature_get_setpoint
                0x080071a0       0x24 ./Core/Temperature/temperature.o
                0x080071a0                temperature_get_setpoint
 .text.temperature_set_tec_vol
                0x080071c4       0x40 ./Core/Temperature/temperature.o
                0x080071c4                temperature_set_tec_vol
 .text.temperature_get_tec_vol
                0x08007204       0x38 ./Core/Temperature/temperature.o
                0x08007204                temperature_get_tec_vol
 .text.temperature_set_heater_duty
                0x0800723c       0x48 ./Core/Temperature/temperature.o
                0x0800723c                temperature_set_heater_duty
 .text.temperature_get_heater_duty
                0x08007284       0x40 ./Core/Temperature/temperature.o
                0x08007284                temperature_get_heater_duty
 .text.temperature_set_auto_ctrl
                0x080072c4       0x64 ./Core/Temperature/temperature.o
                0x080072c4                temperature_set_auto_ctrl
 .text.temperature_set_ctrl
                0x08007328      0x338 ./Core/Temperature/temperature.o
                0x08007328                temperature_set_ctrl
 .text.tec_set_mode
                0x08007660       0xc4 ./Core/Temperature/temperature.o
                0x08007660                tec_set_mode
 .text.tec_on   0x08007724       0xc4 ./Core/Temperature/temperature.o
                0x08007724                tec_on
 .text.LL_GPIO_SetOutputPin
                0x080077e8       0x1c ./Core/WDog/watchdog.o
 .text.LL_GPIO_ResetOutputPin
                0x08007804       0x1e ./Core/WDog/watchdog.o
 *fill*         0x08007822        0x2 
 .text.Ex_Watchdog_Init
                0x08007824       0x18 ./Core/WDog/watchdog.o
                0x08007824                Ex_Watchdog_Init
 .text.Ex_Watchdog_CreateTask
                0x0800783c       0x18 ./Core/WDog/watchdog.o
                0x0800783c                Ex_Watchdog_CreateTask
 .text.status_wdt_update
                0x08007854       0x60 ./Core/WDog/watchdog.o
                0x08007854                status_wdt_update
 .text.HAL_Init
                0x080078b4       0x44 ./Drivers/STM32F4xx_HAL_Driver/Src/stm32f4xx_hal.o
                0x080078b4                HAL_Init
 .text.HAL_InitTick
                0x080078f8       0x60 ./Drivers/STM32F4xx_HAL_Driver/Src/stm32f4xx_hal.o
                0x080078f8                HAL_InitTick
 .text.HAL_IncTick
                0x08007958       0x28 ./Drivers/STM32F4xx_HAL_Driver/Src/stm32f4xx_hal.o
                0x08007958                HAL_IncTick
 .text.HAL_GetTick
                0x08007980       0x18 ./Drivers/STM32F4xx_HAL_Driver/Src/stm32f4xx_hal.o
                0x08007980                HAL_GetTick
 .text.HAL_Delay
                0x08007998       0x48 ./Drivers/STM32F4xx_HAL_Driver/Src/stm32f4xx_hal.o
                0x08007998                HAL_Delay
 .text.HAL_ADC_Init
                0x080079e0       0x86 ./Drivers/STM32F4xx_HAL_Driver/Src/stm32f4xx_hal_adc.o
                0x080079e0                HAL_ADC_Init
 *fill*         0x08007a66        0x2 
 .text.HAL_ADC_ConfigChannel
                0x08007a68      0x244 ./Drivers/STM32F4xx_HAL_Driver/Src/stm32f4xx_hal_adc.o
                0x08007a68                HAL_ADC_ConfigChannel
 .text.ADC_Init
                0x08007cac      0x1f8 ./Drivers/STM32F4xx_HAL_Driver/Src/stm32f4xx_hal_adc.o
 .text.__NVIC_SetPriorityGrouping
                0x08007ea4       0x48 ./Drivers/STM32F4xx_HAL_Driver/Src/stm32f4xx_hal_cortex.o
 .text.__NVIC_GetPriorityGrouping
                0x08007eec       0x1c ./Drivers/STM32F4xx_HAL_Driver/Src/stm32f4xx_hal_cortex.o
 .text.__NVIC_SetPriority
                0x08007f08       0x54 ./Drivers/STM32F4xx_HAL_Driver/Src/stm32f4xx_hal_cortex.o
 .text.NVIC_EncodePriority
                0x08007f5c       0x66 ./Drivers/STM32F4xx_HAL_Driver/Src/stm32f4xx_hal_cortex.o
 *fill*         0x08007fc2        0x2 
 .text.SysTick_Config
                0x08007fc4       0x44 ./Drivers/STM32F4xx_HAL_Driver/Src/stm32f4xx_hal_cortex.o
 .text.HAL_NVIC_SetPriorityGrouping
                0x08008008       0x16 ./Drivers/STM32F4xx_HAL_Driver/Src/stm32f4xx_hal_cortex.o
                0x08008008                HAL_NVIC_SetPriorityGrouping
 .text.HAL_NVIC_SetPriority
                0x0800801e       0x38 ./Drivers/STM32F4xx_HAL_Driver/Src/stm32f4xx_hal_cortex.o
                0x0800801e                HAL_NVIC_SetPriority
 .text.HAL_SYSTICK_Config
                0x08008056       0x18 ./Drivers/STM32F4xx_HAL_Driver/Src/stm32f4xx_hal_cortex.o
                0x08008056                HAL_SYSTICK_Config
 *fill*         0x0800806e        0x2 
 .text.HAL_GPIO_Init
                0x08008070      0x338 ./Drivers/STM32F4xx_HAL_Driver/Src/stm32f4xx_hal_gpio.o
                0x08008070                HAL_GPIO_Init
 .text.HAL_I2C_Init
                0x080083a8      0x288 ./Drivers/STM32F4xx_HAL_Driver/Src/stm32f4xx_hal_i2c.o
                0x080083a8                HAL_I2C_Init
 .text.HAL_RCC_GetHCLKFreq
                0x08008630       0x18 ./Drivers/STM32F4xx_HAL_Driver/Src/stm32f4xx_hal_rcc.o
                0x08008630                HAL_RCC_GetHCLKFreq
 .text.HAL_RCC_GetPCLK1Freq
                0x08008648       0x28 ./Drivers/STM32F4xx_HAL_Driver/Src/stm32f4xx_hal_rcc.o
                0x08008648                HAL_RCC_GetPCLK1Freq
 .text.HAL_SPI_Init
                0x08008670      0x112 ./Drivers/STM32F4xx_HAL_Driver/Src/stm32f4xx_hal_spi.o
                0x08008670                HAL_SPI_Init
 .text.HAL_SPI_Transmit
                0x08008782      0x288 ./Drivers/STM32F4xx_HAL_Driver/Src/stm32f4xx_hal_spi.o
                0x08008782                HAL_SPI_Transmit
 .text.HAL_SPI_Receive
                0x08008a0a      0x232 ./Drivers/STM32F4xx_HAL_Driver/Src/stm32f4xx_hal_spi.o
                0x08008a0a                HAL_SPI_Receive
 .text.HAL_SPI_TransmitReceive
                0x08008c3c      0x352 ./Drivers/STM32F4xx_HAL_Driver/Src/stm32f4xx_hal_spi.o
                0x08008c3c                HAL_SPI_TransmitReceive
 *fill*         0x08008f8e        0x2 
 .text.SPI_WaitFlagStateUntilTimeout
                0x08008f90      0x110 ./Drivers/STM32F4xx_HAL_Driver/Src/stm32f4xx_hal_spi.o
 .text.SPI_EndRxTransaction
                0x080090a0       0xca ./Drivers/STM32F4xx_HAL_Driver/Src/stm32f4xx_hal_spi.o
 *fill*         0x0800916a        0x2 
 .text.SPI_EndRxTxTransaction
                0x0800916c       0xa8 ./Drivers/STM32F4xx_HAL_Driver/Src/stm32f4xx_hal_spi.o
 .text.HAL_TIM_OC_Init
                0x08009214       0x9e ./Drivers/STM32F4xx_HAL_Driver/Src/stm32f4xx_hal_tim.o
                0x08009214                HAL_TIM_OC_Init
 *fill*         0x080092b2        0x2 
 .text.HAL_TIM_OC_ConfigChannel
                0x080092b4       0xb8 ./Drivers/STM32F4xx_HAL_Driver/Src/stm32f4xx_hal_tim.o
                0x080092b4                HAL_TIM_OC_ConfigChannel
 .text.TIM_Base_SetConfig
                0x0800936c      0x158 ./Drivers/STM32F4xx_HAL_Driver/Src/stm32f4xx_hal_tim.o
                0x0800936c                TIM_Base_SetConfig
 .text.TIM_OC1_SetConfig
                0x080094c4       0xe0 ./Drivers/STM32F4xx_HAL_Driver/Src/stm32f4xx_hal_tim.o
 .text.TIM_OC2_SetConfig
                0x080095a4       0xec ./Drivers/STM32F4xx_HAL_Driver/Src/stm32f4xx_hal_tim.o
                0x080095a4                TIM_OC2_SetConfig
 .text.TIM_OC3_SetConfig
                0x08009690       0xe8 ./Drivers/STM32F4xx_HAL_Driver/Src/stm32f4xx_hal_tim.o
 .text.TIM_OC4_SetConfig
                0x08009778       0xac ./Drivers/STM32F4xx_HAL_Driver/Src/stm32f4xx_hal_tim.o
 .text.HAL_TIMEx_MasterConfigSynchronization
                0x08009824       0xf8 ./Drivers/STM32F4xx_HAL_Driver/Src/stm32f4xx_hal_tim_ex.o
                0x08009824                HAL_TIMEx_MasterConfigSynchronization
 .text.LL_ADC_REG_SetSequencerLength
                0x0800991c       0x26 ./Drivers/STM32F4xx_HAL_Driver/Src/stm32f4xx_ll_adc.o
 .text.LL_ADC_IsEnabled
                0x08009942       0x26 ./Drivers/STM32F4xx_HAL_Driver/Src/stm32f4xx_ll_adc.o
 .text.LL_ADC_CommonInit
                0x08009968       0x90 ./Drivers/STM32F4xx_HAL_Driver/Src/stm32f4xx_ll_adc.o
                0x08009968                LL_ADC_CommonInit
 .text.LL_ADC_Init
                0x080099f8       0x58 ./Drivers/STM32F4xx_HAL_Driver/Src/stm32f4xx_ll_adc.o
                0x080099f8                LL_ADC_Init
 .text.LL_ADC_REG_Init
                0x08009a50       0x84 ./Drivers/STM32F4xx_HAL_Driver/Src/stm32f4xx_ll_adc.o
                0x08009a50                LL_ADC_REG_Init
 .text.LL_GPIO_SetPinMode
                0x08009ad4       0x7a ./Drivers/STM32F4xx_HAL_Driver/Src/stm32f4xx_ll_gpio.o
 .text.LL_GPIO_SetPinOutputType
                0x08009b4e       0x30 ./Drivers/STM32F4xx_HAL_Driver/Src/stm32f4xx_ll_gpio.o
 .text.LL_GPIO_SetPinSpeed
                0x08009b7e       0x7a ./Drivers/STM32F4xx_HAL_Driver/Src/stm32f4xx_ll_gpio.o
 .text.LL_GPIO_SetPinPull
                0x08009bf8       0x7a ./Drivers/STM32F4xx_HAL_Driver/Src/stm32f4xx_ll_gpio.o
 .text.LL_GPIO_SetAFPin_0_7
                0x08009c72       0x7a ./Drivers/STM32F4xx_HAL_Driver/Src/stm32f4xx_ll_gpio.o
 .text.LL_GPIO_SetAFPin_8_15
                0x08009cec       0x7e ./Drivers/STM32F4xx_HAL_Driver/Src/stm32f4xx_ll_gpio.o
 .text.LL_GPIO_Init
                0x08009d6a      0x102 ./Drivers/STM32F4xx_HAL_Driver/Src/stm32f4xx_ll_gpio.o
                0x08009d6a                LL_GPIO_Init
 .text.LL_I2C_Enable
                0x08009e6c       0x20 ./Drivers/STM32F4xx_HAL_Driver/Src/stm32f4xx_ll_i2c.o
 .text.LL_I2C_Disable
                0x08009e8c       0x20 ./Drivers/STM32F4xx_HAL_Driver/Src/stm32f4xx_ll_i2c.o
 .text.LL_I2C_SetOwnAddress1
                0x08009eac       0x30 ./Drivers/STM32F4xx_HAL_Driver/Src/stm32f4xx_ll_i2c.o
 .text.LL_I2C_ConfigSpeed
                0x08009edc      0x130 ./Drivers/STM32F4xx_HAL_Driver/Src/stm32f4xx_ll_i2c.o
 .text.LL_I2C_SetMode
                0x0800a00c       0x26 ./Drivers/STM32F4xx_HAL_Driver/Src/stm32f4xx_ll_i2c.o
 .text.LL_I2C_AcknowledgeNextData
                0x0800a032       0x26 ./Drivers/STM32F4xx_HAL_Driver/Src/stm32f4xx_ll_i2c.o
 .text.LL_APB1_GRP1_ForceReset
                0x0800a058       0x24 ./Drivers/STM32F4xx_HAL_Driver/Src/stm32f4xx_ll_i2c.o
 .text.LL_APB1_GRP1_ReleaseReset
                0x0800a07c       0x28 ./Drivers/STM32F4xx_HAL_Driver/Src/stm32f4xx_ll_i2c.o
 .text.LL_I2C_DeInit
                0x0800a0a4       0x74 ./Drivers/STM32F4xx_HAL_Driver/Src/stm32f4xx_ll_i2c.o
                0x0800a0a4                LL_I2C_DeInit
 .text.LL_I2C_Init
                0x0800a118       0x62 ./Drivers/STM32F4xx_HAL_Driver/Src/stm32f4xx_ll_i2c.o
                0x0800a118                LL_I2C_Init
 *fill*         0x0800a17a        0x2 
 .text.LL_RCC_GetSysClkSource
                0x0800a17c       0x1c ./Drivers/STM32F4xx_HAL_Driver/Src/stm32f4xx_ll_rcc.o
 .text.LL_RCC_GetAHBPrescaler
                0x0800a198       0x1c ./Drivers/STM32F4xx_HAL_Driver/Src/stm32f4xx_ll_rcc.o
 .text.LL_RCC_GetAPB1Prescaler
                0x0800a1b4       0x1c ./Drivers/STM32F4xx_HAL_Driver/Src/stm32f4xx_ll_rcc.o
 .text.LL_RCC_GetAPB2Prescaler
                0x0800a1d0       0x1c ./Drivers/STM32F4xx_HAL_Driver/Src/stm32f4xx_ll_rcc.o
 .text.LL_RCC_PLL_GetMainSource
                0x0800a1ec       0x1c ./Drivers/STM32F4xx_HAL_Driver/Src/stm32f4xx_ll_rcc.o
 .text.LL_RCC_PLL_GetN
                0x0800a208       0x1c ./Drivers/STM32F4xx_HAL_Driver/Src/stm32f4xx_ll_rcc.o
 .text.LL_RCC_PLL_GetP
                0x0800a224       0x1c ./Drivers/STM32F4xx_HAL_Driver/Src/stm32f4xx_ll_rcc.o
 .text.LL_RCC_PLL_GetDivider
                0x0800a240       0x1c ./Drivers/STM32F4xx_HAL_Driver/Src/stm32f4xx_ll_rcc.o
 .text.LL_RCC_GetSystemClocksFreq
                0x0800a25c       0x4a ./Drivers/STM32F4xx_HAL_Driver/Src/stm32f4xx_ll_rcc.o
                0x0800a25c                LL_RCC_GetSystemClocksFreq
 *fill*         0x0800a2a6        0x2 
 .text.RCC_GetSystemClockFreq
                0x0800a2a8       0x50 ./Drivers/STM32F4xx_HAL_Driver/Src/stm32f4xx_ll_rcc.o
                0x0800a2a8                RCC_GetSystemClockFreq
 .text.RCC_GetHCLKClockFreq
                0x0800a2f8       0x2c ./Drivers/STM32F4xx_HAL_Driver/Src/stm32f4xx_ll_rcc.o
                0x0800a2f8                RCC_GetHCLKClockFreq
 .text.RCC_GetPCLK1ClockFreq
                0x0800a324       0x28 ./Drivers/STM32F4xx_HAL_Driver/Src/stm32f4xx_ll_rcc.o
                0x0800a324                RCC_GetPCLK1ClockFreq
 .text.RCC_GetPCLK2ClockFreq
                0x0800a34c       0x28 ./Drivers/STM32F4xx_HAL_Driver/Src/stm32f4xx_ll_rcc.o
                0x0800a34c                RCC_GetPCLK2ClockFreq
 .text.RCC_PLL_GetFreqDomain_SYS
                0x0800a374       0x7c ./Drivers/STM32F4xx_HAL_Driver/Src/stm32f4xx_ll_rcc.o
                0x0800a374                RCC_PLL_GetFreqDomain_SYS
 .text.LL_SPI_IsEnabled
                0x0800a3f0       0x26 ./Drivers/STM32F4xx_HAL_Driver/Src/stm32f4xx_ll_spi.o
 .text.LL_SPI_SetCRCPolynomial
                0x0800a416       0x20 ./Drivers/STM32F4xx_HAL_Driver/Src/stm32f4xx_ll_spi.o
 .text.LL_SPI_Init
                0x0800a436       0xa4 ./Drivers/STM32F4xx_HAL_Driver/Src/stm32f4xx_ll_spi.o
                0x0800a436                LL_SPI_Init
 .text.LL_TIM_SetPrescaler
                0x0800a4da       0x1c ./Drivers/STM32F4xx_HAL_Driver/Src/stm32f4xx_ll_tim.o
 .text.LL_TIM_SetAutoReload
                0x0800a4f6       0x1c ./Drivers/STM32F4xx_HAL_Driver/Src/stm32f4xx_ll_tim.o
 .text.LL_TIM_SetRepetitionCounter
                0x0800a512       0x1c ./Drivers/STM32F4xx_HAL_Driver/Src/stm32f4xx_ll_tim.o
 .text.LL_TIM_OC_SetCompareCH1
                0x0800a52e       0x1c ./Drivers/STM32F4xx_HAL_Driver/Src/stm32f4xx_ll_tim.o
 .text.LL_TIM_OC_SetCompareCH2
                0x0800a54a       0x1c ./Drivers/STM32F4xx_HAL_Driver/Src/stm32f4xx_ll_tim.o
 .text.LL_TIM_OC_SetCompareCH3
                0x0800a566       0x1c ./Drivers/STM32F4xx_HAL_Driver/Src/stm32f4xx_ll_tim.o
 .text.LL_TIM_OC_SetCompareCH4
                0x0800a582       0x1c ./Drivers/STM32F4xx_HAL_Driver/Src/stm32f4xx_ll_tim.o
 .text.LL_TIM_GenerateEvent_UPDATE
                0x0800a59e       0x20 ./Drivers/STM32F4xx_HAL_Driver/Src/stm32f4xx_ll_tim.o
 *fill*         0x0800a5be        0x2 
 .text.LL_TIM_Init
                0x0800a5c0      0x134 ./Drivers/STM32F4xx_HAL_Driver/Src/stm32f4xx_ll_tim.o
                0x0800a5c0                LL_TIM_Init
 .text.LL_TIM_OC_Init
                0x0800a6f4       0x82 ./Drivers/STM32F4xx_HAL_Driver/Src/stm32f4xx_ll_tim.o
                0x0800a6f4                LL_TIM_OC_Init
 .text.LL_TIM_BDTR_Init
                0x0800a776       0x84 ./Drivers/STM32F4xx_HAL_Driver/Src/stm32f4xx_ll_tim.o
                0x0800a776                LL_TIM_BDTR_Init
 *fill*         0x0800a7fa        0x2 
 .text.OC1Config
                0x0800a7fc       0xd8 ./Drivers/STM32F4xx_HAL_Driver/Src/stm32f4xx_ll_tim.o
 .text.OC2Config
                0x0800a8d4       0xe0 ./Drivers/STM32F4xx_HAL_Driver/Src/stm32f4xx_ll_tim.o
 .text.OC3Config
                0x0800a9b4       0xe0 ./Drivers/STM32F4xx_HAL_Driver/Src/stm32f4xx_ll_tim.o
 .text.OC4Config
                0x0800aa94       0xb0 ./Drivers/STM32F4xx_HAL_Driver/Src/stm32f4xx_ll_tim.o
 .text.LL_USART_IsEnabled
                0x0800ab44       0x28 ./Drivers/STM32F4xx_HAL_Driver/Src/stm32f4xx_ll_usart.o
 .text.LL_USART_SetStopBitsLength
                0x0800ab6c       0x26 ./Drivers/STM32F4xx_HAL_Driver/Src/stm32f4xx_ll_usart.o
 .text.LL_USART_SetHWFlowCtrl
                0x0800ab92       0x26 ./Drivers/STM32F4xx_HAL_Driver/Src/stm32f4xx_ll_usart.o
 .text.LL_USART_SetBaudRate
                0x0800abb8      0x45c ./Drivers/STM32F4xx_HAL_Driver/Src/stm32f4xx_ll_usart.o
 .text.LL_USART_Init
                0x0800b014      0x100 ./Drivers/STM32F4xx_HAL_Driver/Src/stm32f4xx_ll_usart.o
                0x0800b014                LL_USART_Init
 .text.LL_mDelay
                0x0800b114       0x4c ./Drivers/STM32F4xx_HAL_Driver/Src/stm32f4xx_ll_utils.o
                0x0800b114                LL_mDelay
 .text.LL_SetSystemCoreClock
                0x0800b160       0x20 ./Drivers/STM32F4xx_HAL_Driver/Src/stm32f4xx_ll_utils.o
                0x0800b160                LL_SetSystemCoreClock
 .text.SCH_Initialize
                0x0800b180       0x54 ./Scheduler/scheduler.o
                0x0800b180                SCH_Initialize
 .text.SCH_TIM_Start
                0x0800b1d4       0x2c ./Scheduler/scheduler.o
                0x0800b1d4                SCH_TIM_Start
 .text.SCH_TIM_HasCompleted
                0x0800b200       0x2c ./Scheduler/scheduler.o
                0x0800b200                SCH_TIM_HasCompleted
 .text.SCH_TASK_CreateTask
                0x0800b22c       0x80 ./Scheduler/scheduler.o
                0x0800b22c                SCH_TASK_CreateTask
 .text.SCH_RunSystemTickTimer
                0x0800b2ac      0x128 ./Scheduler/scheduler.o
                0x0800b2ac                SCH_RunSystemTickTimer
 .text.SCH_StartSchedular
                0x0800b3d4        0xc ./Scheduler/scheduler.o
                0x0800b3d4                SCH_StartSchedular
 .text.SCH_HandleScheduledTask
                0x0800b3e0       0xb4 ./Scheduler/scheduler.o
                0x0800b3e0                SCH_HandleScheduledTask
 .text.atoi     0x0800b494        0x8 C:/ST/STM32CubeIDE_1.15.1/STM32CubeIDE/plugins/com.st.stm32cube.ide.mcu.externaltools.gnu-tools-for-stm32.12.3.rel1.win32_1.0.100.202403111256/tools/bin/../lib/gcc/arm-none-eabi/12.3.1/../../../../arm-none-eabi/lib/thumb/v7e-m+fp/hard\libc_nano.a(libc_a-atoi.o)
                0x0800b494                atoi
 .text._strtol_l.constprop.0
                0x0800b49c       0xf4 C:/ST/STM32CubeIDE_1.15.1/STM32CubeIDE/plugins/com.st.stm32cube.ide.mcu.externaltools.gnu-tools-for-stm32.12.3.rel1.win32_1.0.100.202403111256/tools/bin/../lib/gcc/arm-none-eabi/12.3.1/../../../../arm-none-eabi/lib/thumb/v7e-m+fp/hard\libc_nano.a(libc_a-strtol.o)
 .text.strtol   0x0800b590       0x14 C:/ST/STM32CubeIDE_1.15.1/STM32CubeIDE/plugins/com.st.stm32cube.ide.mcu.externaltools.gnu-tools-for-stm32.12.3.rel1.win32_1.0.100.202403111256/tools/bin/../lib/gcc/arm-none-eabi/12.3.1/../../../../arm-none-eabi/lib/thumb/v7e-m+fp/hard\libc_nano.a(libc_a-strtol.o)
                0x0800b590                strtol
 .text.snprintf
                0x0800b5a4       0x68 C:/ST/STM32CubeIDE_1.15.1/STM32CubeIDE/plugins/com.st.stm32cube.ide.mcu.externaltools.gnu-tools-for-stm32.12.3.rel1.win32_1.0.100.202403111256/tools/bin/../lib/gcc/arm-none-eabi/12.3.1/../../../../arm-none-eabi/lib/thumb/v7e-m+fp/hard\libc_nano.a(libc_a-snprintf.o)
                0x0800b5a4                sniprintf
                0x0800b5a4                snprintf
 .text.memset   0x0800b60c       0x10 C:/ST/STM32CubeIDE_1.15.1/STM32CubeIDE/plugins/com.st.stm32cube.ide.mcu.externaltools.gnu-tools-for-stm32.12.3.rel1.win32_1.0.100.202403111256/tools/bin/../lib/gcc/arm-none-eabi/12.3.1/../../../../arm-none-eabi/lib/thumb/v7e-m+fp/hard\libc_nano.a(libc_a-memset.o)
                0x0800b60c                memset
 .text.__errno  0x0800b61c        0xc C:/ST/STM32CubeIDE_1.15.1/STM32CubeIDE/plugins/com.st.stm32cube.ide.mcu.externaltools.gnu-tools-for-stm32.12.3.rel1.win32_1.0.100.202403111256/tools/bin/../lib/gcc/arm-none-eabi/12.3.1/../../../../arm-none-eabi/lib/thumb/v7e-m+fp/hard\libc_nano.a(libc_a-errno.o)
                0x0800b61c                __errno
 .text.__libc_init_array
                0x0800b628       0x48 C:/ST/STM32CubeIDE_1.15.1/STM32CubeIDE/plugins/com.st.stm32cube.ide.mcu.externaltools.gnu-tools-for-stm32.12.3.rel1.win32_1.0.100.202403111256/tools/bin/../lib/gcc/arm-none-eabi/12.3.1/../../../../arm-none-eabi/lib/thumb/v7e-m+fp/hard\libc_nano.a(libc_a-init.o)
                0x0800b628                __libc_init_array
 .text.__retarget_lock_acquire_recursive
                0x0800b670        0x2 C:/ST/STM32CubeIDE_1.15.1/STM32CubeIDE/plugins/com.st.stm32cube.ide.mcu.externaltools.gnu-tools-for-stm32.12.3.rel1.win32_1.0.100.202403111256/tools/bin/../lib/gcc/arm-none-eabi/12.3.1/../../../../arm-none-eabi/lib/thumb/v7e-m+fp/hard\libc_nano.a(libc_a-lock.o)
                0x0800b670                __retarget_lock_acquire_recursive
 .text.__retarget_lock_release_recursive
                0x0800b672        0x2 C:/ST/STM32CubeIDE_1.15.1/STM32CubeIDE/plugins/com.st.stm32cube.ide.mcu.externaltools.gnu-tools-for-stm32.12.3.rel1.win32_1.0.100.202403111256/tools/bin/../lib/gcc/arm-none-eabi/12.3.1/../../../../arm-none-eabi/lib/thumb/v7e-m+fp/hard\libc_nano.a(libc_a-lock.o)
                0x0800b672                __retarget_lock_release_recursive
 .text.strcpy   0x0800b674       0x10 C:/ST/STM32CubeIDE_1.15.1/STM32CubeIDE/plugins/com.st.stm32cube.ide.mcu.externaltools.gnu-tools-for-stm32.12.3.rel1.win32_1.0.100.202403111256/tools/bin/../lib/gcc/arm-none-eabi/12.3.1/../../../../arm-none-eabi/lib/thumb/v7e-m+fp/hard\libc_nano.a(libc_a-strcpy.o)
                0x0800b674                strcpy
 .text._free_r  0x0800b684       0x94 C:/ST/STM32CubeIDE_1.15.1/STM32CubeIDE/plugins/com.st.stm32cube.ide.mcu.externaltools.gnu-tools-for-stm32.12.3.rel1.win32_1.0.100.202403111256/tools/bin/../lib/gcc/arm-none-eabi/12.3.1/../../../../arm-none-eabi/lib/thumb/v7e-m+fp/hard\libc_nano.a(libc_a-freer.o)
                0x0800b684                _free_r
 .text.sbrk_aligned
                0x0800b718       0x44 C:/ST/STM32CubeIDE_1.15.1/STM32CubeIDE/plugins/com.st.stm32cube.ide.mcu.externaltools.gnu-tools-for-stm32.12.3.rel1.win32_1.0.100.202403111256/tools/bin/../lib/gcc/arm-none-eabi/12.3.1/../../../../arm-none-eabi/lib/thumb/v7e-m+fp/hard\libc_nano.a(libc_a-mallocr.o)
 .text._malloc_r
                0x0800b75c      0x100 C:/ST/STM32CubeIDE_1.15.1/STM32CubeIDE/plugins/com.st.stm32cube.ide.mcu.externaltools.gnu-tools-for-stm32.12.3.rel1.win32_1.0.100.202403111256/tools/bin/../lib/gcc/arm-none-eabi/12.3.1/../../../../arm-none-eabi/lib/thumb/v7e-m+fp/hard\libc_nano.a(libc_a-mallocr.o)
                0x0800b75c                _malloc_r
 .text.__malloc_lock
                0x0800b85c        0xc C:/ST/STM32CubeIDE_1.15.1/STM32CubeIDE/plugins/com.st.stm32cube.ide.mcu.externaltools.gnu-tools-for-stm32.12.3.rel1.win32_1.0.100.202403111256/tools/bin/../lib/gcc/arm-none-eabi/12.3.1/../../../../arm-none-eabi/lib/thumb/v7e-m+fp/hard\libc_nano.a(libc_a-mlock.o)
                0x0800b85c                __malloc_lock
 .text.__malloc_unlock
                0x0800b868        0xc C:/ST/STM32CubeIDE_1.15.1/STM32CubeIDE/plugins/com.st.stm32cube.ide.mcu.externaltools.gnu-tools-for-stm32.12.3.rel1.win32_1.0.100.202403111256/tools/bin/../lib/gcc/arm-none-eabi/12.3.1/../../../../arm-none-eabi/lib/thumb/v7e-m+fp/hard\libc_nano.a(libc_a-mlock.o)
                0x0800b868                __malloc_unlock
 .text.__ssputs_r
                0x0800b874       0xb6 C:/ST/STM32CubeIDE_1.15.1/STM32CubeIDE/plugins/com.st.stm32cube.ide.mcu.externaltools.gnu-tools-for-stm32.12.3.rel1.win32_1.0.100.202403111256/tools/bin/../lib/gcc/arm-none-eabi/12.3.1/../../../../arm-none-eabi/lib/thumb/v7e-m+fp/hard\libc_nano.a(libc_a-nano-svfprintf.o)
                0x0800b874                __ssputs_r
 *fill*         0x0800b92a        0x2 
 .text._svfprintf_r
                0x0800b92c      0x1f8 C:/ST/STM32CubeIDE_1.15.1/STM32CubeIDE/plugins/com.st.stm32cube.ide.mcu.externaltools.gnu-tools-for-stm32.12.3.rel1.win32_1.0.100.202403111256/tools/bin/../lib/gcc/arm-none-eabi/12.3.1/../../../../arm-none-eabi/lib/thumb/v7e-m+fp/hard\libc_nano.a(libc_a-nano-svfprintf.o)
                0x0800b92c                _svfiprintf_r
                0x0800b92c                _svfprintf_r
 .text._printf_common
                0x0800bb24       0xda C:/ST/STM32CubeIDE_1.15.1/STM32CubeIDE/plugins/com.st.stm32cube.ide.mcu.externaltools.gnu-tools-for-stm32.12.3.rel1.win32_1.0.100.202403111256/tools/bin/../lib/gcc/arm-none-eabi/12.3.1/../../../../arm-none-eabi/lib/thumb/v7e-m+fp/hard\libc_nano.a(libc_a-nano-vfprintf_i.o)
                0x0800bb24                _printf_common
 *fill*         0x0800bbfe        0x2 
 .text._printf_i
                0x0800bc00      0x240 C:/ST/STM32CubeIDE_1.15.1/STM32CubeIDE/plugins/com.st.stm32cube.ide.mcu.externaltools.gnu-tools-for-stm32.12.3.rel1.win32_1.0.100.202403111256/tools/bin/../lib/gcc/arm-none-eabi/12.3.1/../../../../arm-none-eabi/lib/thumb/v7e-m+fp/hard\libc_nano.a(libc_a-nano-vfprintf_i.o)
                0x0800bc00                _printf_i
 .text.memmove  0x0800be40       0x34 C:/ST/STM32CubeIDE_1.15.1/STM32CubeIDE/plugins/com.st.stm32cube.ide.mcu.externaltools.gnu-tools-for-stm32.12.3.rel1.win32_1.0.100.202403111256/tools/bin/../lib/gcc/arm-none-eabi/12.3.1/../../../../arm-none-eabi/lib/thumb/v7e-m+fp/hard\libc_nano.a(libc_a-memmove.o)
                0x0800be40                memmove
 .text._sbrk_r  0x0800be74       0x20 C:/ST/STM32CubeIDE_1.15.1/STM32CubeIDE/plugins/com.st.stm32cube.ide.mcu.externaltools.gnu-tools-for-stm32.12.3.rel1.win32_1.0.100.202403111256/tools/bin/../lib/gcc/arm-none-eabi/12.3.1/../../../../arm-none-eabi/lib/thumb/v7e-m+fp/hard\libc_nano.a(libc_a-sbrkr.o)
                0x0800be74                _sbrk_r
 .text.memcpy   0x0800be94       0x1c C:/ST/STM32CubeIDE_1.15.1/STM32CubeIDE/plugins/com.st.stm32cube.ide.mcu.externaltools.gnu-tools-for-stm32.12.3.rel1.win32_1.0.100.202403111256/tools/bin/../lib/gcc/arm-none-eabi/12.3.1/../../../../arm-none-eabi/lib/thumb/v7e-m+fp/hard\libc_nano.a(libc_a-memcpy-stub.o)
                0x0800be94                memcpy
 .text._realloc_r
                0x0800beb0       0x5c C:/ST/STM32CubeIDE_1.15.1/STM32CubeIDE/plugins/com.st.stm32cube.ide.mcu.externaltools.gnu-tools-for-stm32.12.3.rel1.win32_1.0.100.202403111256/tools/bin/../lib/gcc/arm-none-eabi/12.3.1/../../../../arm-none-eabi/lib/thumb/v7e-m+fp/hard\libc_nano.a(libc_a-reallocr.o)
                0x0800beb0                _realloc_r
 .text._malloc_usable_size_r
                0x0800bf0c       0x10 C:/ST/STM32CubeIDE_1.15.1/STM32CubeIDE/plugins/com.st.stm32cube.ide.mcu.externaltools.gnu-tools-for-stm32.12.3.rel1.win32_1.0.100.202403111256/tools/bin/../lib/gcc/arm-none-eabi/12.3.1/../../../../arm-none-eabi/lib/thumb/v7e-m+fp/hard\libc_nano.a(libc_a-msizer.o)
                0x0800bf0c                _malloc_usable_size_r
 *(.glue_7)
 .glue_7        0x0800bf1c        0x0 linker stubs
 *(.glue_7t)
 .glue_7t       0x0800bf1c        0x0 linker stubs
 *(.eh_frame)
 .eh_frame      0x0800bf1c        0x0 C:/ST/STM32CubeIDE_1.15.1/STM32CubeIDE/plugins/com.st.stm32cube.ide.mcu.externaltools.gnu-tools-for-stm32.12.3.rel1.win32_1.0.100.202403111256/tools/bin/../lib/gcc/arm-none-eabi/12.3.1/thumb/v7e-m+fp/hard/crtbegin.o
 *(.init)
 .init          0x0800bf1c        0x4 C:/ST/STM32CubeIDE_1.15.1/STM32CubeIDE/plugins/com.st.stm32cube.ide.mcu.externaltools.gnu-tools-for-stm32.12.3.rel1.win32_1.0.100.202403111256/tools/bin/../lib/gcc/arm-none-eabi/12.3.1/thumb/v7e-m+fp/hard/crti.o
                0x0800bf1c                _init
 .init          0x0800bf20        0x8 C:/ST/STM32CubeIDE_1.15.1/STM32CubeIDE/plugins/com.st.stm32cube.ide.mcu.externaltools.gnu-tools-for-stm32.12.3.rel1.win32_1.0.100.202403111256/tools/bin/../lib/gcc/arm-none-eabi/12.3.1/thumb/v7e-m+fp/hard/crtn.o
 *(.fini)
 .fini          0x0800bf28        0x4 C:/ST/STM32CubeIDE_1.15.1/STM32CubeIDE/plugins/com.st.stm32cube.ide.mcu.externaltools.gnu-tools-for-stm32.12.3.rel1.win32_1.0.100.202403111256/tools/bin/../lib/gcc/arm-none-eabi/12.3.1/thumb/v7e-m+fp/hard/crti.o
                0x0800bf28                _fini
 .fini          0x0800bf2c        0x8 C:/ST/STM32CubeIDE_1.15.1/STM32CubeIDE/plugins/com.st.stm32cube.ide.mcu.externaltools.gnu-tools-for-stm32.12.3.rel1.win32_1.0.100.202403111256/tools/bin/../lib/gcc/arm-none-eabi/12.3.1/thumb/v7e-m+fp/hard/crtn.o
                0x0800bf34                        . = ALIGN (0x4)
                0x0800bf34                        _etext = .

.vfp11_veneer   0x0800bf34        0x0
 .vfp11_veneer  0x0800bf34        0x0 linker stubs

.v4_bx          0x0800bf34        0x0
 .v4_bx         0x0800bf34        0x0 linker stubs

.iplt           0x0800bf34        0x0
 .iplt          0x0800bf34        0x0 C:/ST/STM32CubeIDE_1.15.1/STM32CubeIDE/plugins/com.st.stm32cube.ide.mcu.externaltools.gnu-tools-for-stm32.12.3.rel1.win32_1.0.100.202403111256/tools/bin/../lib/gcc/arm-none-eabi/12.3.1/thumb/v7e-m+fp/hard/crtbegin.o

.rodata         0x0800bf34     0x188c
                0x0800bf34                        . = ALIGN (0x4)
 *(.rodata)
 .rodata        0x0800bf34       0x97 ./BSP/I2C_Slave/i2c_slave.o
 *fill*         0x0800bfcb        0x1 
 .rodata        0x0800bfcc     0x15a3 ./Core/CMDLine/command.o
 *fill*         0x0800d56f        0x1 
 .rodata        0x0800d570       0xcc ./Core/Devices/Auto_run/auto_run.o
 .rodata        0x0800d63c        0xa ./Core/Devices/LT8722/lt8722.o
 *(.rodata*)
 *fill*         0x0800d646        0x2 
 .rodata.daysInMonth.0
                0x0800d648        0xc ./Core/Devices/DateTime/date_time.o
 .rodata.STREAM_OFFSET_TAB
                0x0800d654        0x8 ./Core/Devices/NTC/ntc.o
 .rodata.STREAM_OFFSET_TAB
                0x0800d65c        0x8 ./Core/Src/main.o
 .rodata.OFFSET_TAB_CCMRx
                0x0800d664        0x7 ./Core/Src/main.o
 *fill*         0x0800d66b        0x1 
 .rodata.SHIFT_TAB_OCxx
                0x0800d66c        0x7 ./Core/Src/main.o
 *fill*         0x0800d673        0x1 
 .rodata.AHBPrescTable
                0x0800d674       0x10 ./Core/Src/system_stm32f4xx.o
                0x0800d674                AHBPrescTable
 .rodata.APBPrescTable
                0x0800d684        0x8 ./Core/Src/system_stm32f4xx.o
                0x0800d684                APBPrescTable
 .rodata._ctype_
                0x0800d68c      0x101 C:/ST/STM32CubeIDE_1.15.1/STM32CubeIDE/plugins/com.st.stm32cube.ide.mcu.externaltools.gnu-tools-for-stm32.12.3.rel1.win32_1.0.100.202403111256/tools/bin/../lib/gcc/arm-none-eabi/12.3.1/../../../../arm-none-eabi/lib/thumb/v7e-m+fp/hard\libc_nano.a(libc_a-ctype_.o)
                0x0800d68c                _ctype_
 .rodata._svfprintf_r.str1.1
                0x0800d78d       0x11 C:/ST/STM32CubeIDE_1.15.1/STM32CubeIDE/plugins/com.st.stm32cube.ide.mcu.externaltools.gnu-tools-for-stm32.12.3.rel1.win32_1.0.100.202403111256/tools/bin/../lib/gcc/arm-none-eabi/12.3.1/../../../../arm-none-eabi/lib/thumb/v7e-m+fp/hard\libc_nano.a(libc_a-nano-svfprintf.o)
 .rodata._printf_i.str1.1
                0x0800d79e       0x22 C:/ST/STM32CubeIDE_1.15.1/STM32CubeIDE/plugins/com.st.stm32cube.ide.mcu.externaltools.gnu-tools-for-stm32.12.3.rel1.win32_1.0.100.202403111256/tools/bin/../lib/gcc/arm-none-eabi/12.3.1/../../../../arm-none-eabi/lib/thumb/v7e-m+fp/hard\libc_nano.a(libc_a-nano-vfprintf_i.o)
                0x0800d7c0                        . = ALIGN (0x4)

.ARM.extab      0x0800d7c0        0x0
                0x0800d7c0                        . = ALIGN (0x4)
 *(.ARM.extab* .gnu.linkonce.armextab.*)
                0x0800d7c0                        . = ALIGN (0x4)

.ARM            0x0800d7c0        0x8
                0x0800d7c0                        . = ALIGN (0x4)
                0x0800d7c0                        __exidx_start = .
 *(.ARM.exidx*)
 .ARM.exidx     0x0800d7c0        0x8 C:/ST/STM32CubeIDE_1.15.1/STM32CubeIDE/plugins/com.st.stm32cube.ide.mcu.externaltools.gnu-tools-for-stm32.12.3.rel1.win32_1.0.100.202403111256/tools/bin/../lib/gcc/arm-none-eabi/12.3.1/../../../../arm-none-eabi/lib/thumb/v7e-m+fp/hard\libc_nano.a(libc_a-strcmp.o)
 .ARM.exidx     0x0800d7c8        0x0 C:/ST/STM32CubeIDE_1.15.1/STM32CubeIDE/plugins/com.st.stm32cube.ide.mcu.externaltools.gnu-tools-for-stm32.12.3.rel1.win32_1.0.100.202403111256/tools/bin/../lib/gcc/arm-none-eabi/12.3.1/../../../../arm-none-eabi/lib/thumb/v7e-m+fp/hard\libc_nano.a(libc_a-strlen.o)
                                  0x8 (size before relaxing)
 .ARM.exidx     0x0800d7c8        0x0 C:/ST/STM32CubeIDE_1.15.1/STM32CubeIDE/plugins/com.st.stm32cube.ide.mcu.externaltools.gnu-tools-for-stm32.12.3.rel1.win32_1.0.100.202403111256/tools/bin/../lib/gcc/arm-none-eabi/12.3.1/../../../../arm-none-eabi/lib/thumb/v7e-m+fp/hard\libc_nano.a(libc_a-memchr.o)
                                  0x8 (size before relaxing)
 .ARM.exidx     0x0800d7c8        0x0 C:/ST/STM32CubeIDE_1.15.1/STM32CubeIDE/plugins/com.st.stm32cube.ide.mcu.externaltools.gnu-tools-for-stm32.12.3.rel1.win32_1.0.100.202403111256/tools/bin/../lib/gcc/arm-none-eabi/12.3.1/thumb/v7e-m+fp/hard\libgcc.a(_udivmoddi4.o)
                                  0x8 (size before relaxing)
                0x0800d7c8                        __exidx_end = .
                0x0800d7c8                        . = ALIGN (0x4)

.preinit_array  0x0800d7c8        0x0
                0x0800d7c8                        . = ALIGN (0x4)
                0x0800d7c8                        PROVIDE (__preinit_array_start = .)
 *(.preinit_array*)
                0x0800d7c8                        PROVIDE (__preinit_array_end = .)
                0x0800d7c8                        . = ALIGN (0x4)

.init_array     0x0800d7c8        0x4
                0x0800d7c8                        . = ALIGN (0x4)
                0x0800d7c8                        PROVIDE (__init_array_start = .)
 *(SORT_BY_NAME(.init_array.*))
 *(.init_array*)
 .init_array    0x0800d7c8        0x4 C:/ST/STM32CubeIDE_1.15.1/STM32CubeIDE/plugins/com.st.stm32cube.ide.mcu.externaltools.gnu-tools-for-stm32.12.3.rel1.win32_1.0.100.202403111256/tools/bin/../lib/gcc/arm-none-eabi/12.3.1/thumb/v7e-m+fp/hard/crtbegin.o
                0x0800d7cc                        PROVIDE (__init_array_end = .)
                0x0800d7cc                        . = ALIGN (0x4)

.fini_array     0x0800d7cc        0x4
                0x0800d7cc                        . = ALIGN (0x4)
                [!provide]                        PROVIDE (__fini_array_start = .)
 *(SORT_BY_NAME(.fini_array.*))
 *(.fini_array*)
 .fini_array    0x0800d7cc        0x4 C:/ST/STM32CubeIDE_1.15.1/STM32CubeIDE/plugins/com.st.stm32cube.ide.mcu.externaltools.gnu-tools-for-stm32.12.3.rel1.win32_1.0.100.202403111256/tools/bin/../lib/gcc/arm-none-eabi/12.3.1/thumb/v7e-m+fp/hard/crtbegin.o
                [!provide]                        PROVIDE (__fini_array_end = .)
                0x0800d7d0                        . = ALIGN (0x4)
                0x0800d7d0                        _sidata = LOADADDR (.data)

.rel.dyn        0x0800d7d0        0x0
 .rel.iplt      0x0800d7d0        0x0 C:/ST/STM32CubeIDE_1.15.1/STM32CubeIDE/plugins/com.st.stm32cube.ide.mcu.externaltools.gnu-tools-for-stm32.12.3.rel1.win32_1.0.100.202403111256/tools/bin/../lib/gcc/arm-none-eabi/12.3.1/thumb/v7e-m+fp/hard/crtbegin.o

.data           0x20000000     0x23ac load address 0x0800d7d0
                0x20000000                        . = ALIGN (0x4)
                0x20000000                        _sdata = .
 *(.data)
 *(.data*)
 .data.usart_buffers
                0x20000000       0x48 ./BSP/UART/uart.o
                0x20000000                usart_buffers
 .data.ErrorCode
                0x20000048       0x18 ./Core/CMDLine/command.o
                0x20000048                ErrorCode
 .data.g_psCmdTable
                0x20000060      0x144 ./Core/CMDLine/command.o
                0x20000060                g_psCmdTable
 .data.s_CommandTaskContext
                0x200001a4       0x14 ./Core/CMDLine/command.o
 .data.s_auto_runTaskContext
                0x200001b8       0x14 ./Core/Devices/Auto_run/auto_run.o
 .data.pair_slot
                0x200001cc        0x1 ./Core/Devices/Auto_run/auto_run.o
                0x200001cc                pair_slot
 .data.current_column
                0x200001cd        0x1 ./Core/Devices/Auto_run/auto_run.o
                0x200001cd                current_column
 .data.current_row
                0x200001ce        0x1 ./Core/Devices/Auto_run/auto_run.o
                0x200001ce                current_row
 .data.first_time
                0x200001cf        0x1 ./Core/Devices/Auto_run/auto_run.o
                0x200001cf                first_time
 .data.first_rest
                0x200001d0        0x1 ./Core/Devices/Auto_run/auto_run.o
                0x200001d0                first_rest
 *fill*         0x200001d1        0x3 
 .data.s_RealTimeClock_context
                0x200001d4        0x6 ./Core/Devices/DateTime/date_time.o
 *fill*         0x200001da        0x2 
 .data.s_SoftTime_task_context
                0x200001dc       0x18 ./Core/Devices/DateTime/date_time.o
 .data.lt8722_regs
                0x200001f4       0x60 ./Core/Devices/LT8722/lt8722.o
                0x200001f4                lt8722_regs
 .data.cs_port  0x20000254       0x10 ./Core/Devices/LT8722/lt8722.o
                0x20000254                cs_port
 .data.cs_pin   0x20000264       0x10 ./Core/Devices/LT8722/lt8722.o
                0x20000264                cs_pin
 .data.en_port  0x20000274       0x10 ./Core/Devices/LT8722/lt8722.o
                0x20000274                en_port
 .data.en_pin   0x20000284       0x10 ./Core/Devices/LT8722/lt8722.o
                0x20000284                en_pin
 .data.swen_port
                0x20000294       0x10 ./Core/Devices/LT8722/lt8722.o
                0x20000294                swen_port
 .data.swen_pin
                0x200002a4       0x10 ./Core/Devices/LT8722/lt8722.o
                0x200002a4                swen_pin
 .data.NTC_table
                0x200002b4     0x2000 ./Core/Devices/NTC/ntc.o
                0x200002b4                NTC_table
 .data.s_task_context
                0x200022b4       0x18 ./Core/LED/status_led.o
 .data.SystemCoreClock
                0x200022cc        0x4 ./Core/Src/system_stm32f4xx.o
                0x200022cc                SystemCoreClock
 .data.temp_task_context
                0x200022d0       0x18 ./Core/Temperature/temperature.o
 .data.s_Temperature_CurrentState
                0x200022e8       0x58 ./Core/Temperature/temperature.o
 .data.wdt_task_context
                0x20002340       0x14 ./Core/WDog/watchdog.o
 .data.uwTickPrio
                0x20002354        0x4 ./Drivers/STM32F4xx_HAL_Driver/Src/stm32f4xx_hal.o
                0x20002354                uwTickPrio
 .data.uwTickFreq
                0x20002358        0x1 ./Drivers/STM32F4xx_HAL_Driver/Src/stm32f4xx_hal.o
                0x20002358                uwTickFreq
 *fill*         0x20002359        0x3 
 .data._impure_ptr
                0x2000235c        0x4 C:/ST/STM32CubeIDE_1.15.1/STM32CubeIDE/plugins/com.st.stm32cube.ide.mcu.externaltools.gnu-tools-for-stm32.12.3.rel1.win32_1.0.100.202403111256/tools/bin/../lib/gcc/arm-none-eabi/12.3.1/../../../../arm-none-eabi/lib/thumb/v7e-m+fp/hard\libc_nano.a(libc_a-impure.o)
                0x2000235c                _impure_ptr
 .data._impure_data
                0x20002360       0x4c C:/ST/STM32CubeIDE_1.15.1/STM32CubeIDE/plugins/com.st.stm32cube.ide.mcu.externaltools.gnu-tools-for-stm32.12.3.rel1.win32_1.0.100.202403111256/tools/bin/../lib/gcc/arm-none-eabi/12.3.1/../../../../arm-none-eabi/lib/thumb/v7e-m+fp/hard\libc_nano.a(libc_a-impure.o)
                0x20002360                _impure_data
 *(.RamFunc)
 *(.RamFunc*)
                0x200023ac                        . = ALIGN (0x4)
                0x200023ac                        _edata = .
                0x0800fb7c                        _siccmram = LOADADDR (.ccmram)

.igot.plt       0x200023ac        0x0 load address 0x0800fb7c
 .igot.plt      0x200023ac        0x0 C:/ST/STM32CubeIDE_1.15.1/STM32CubeIDE/plugins/com.st.stm32cube.ide.mcu.externaltools.gnu-tools-for-stm32.12.3.rel1.win32_1.0.100.202403111256/tools/bin/../lib/gcc/arm-none-eabi/12.3.1/thumb/v7e-m+fp/hard/crtbegin.o

.ccmram         0x10000000        0x0 load address 0x0800fb7c
                0x10000000                        . = ALIGN (0x4)
                0x10000000                        _sccmram = .
 *(.ccmram)
 *(.ccmram*)
                0x10000000                        . = ALIGN (0x4)
                0x10000000                        _eccmram = .
                0x10000000                        . = ALIGN (0x4)

.bss            0x200023ac     0x15e4
                0x200023ac                        _sbss = .
                0x200023ac                        __bss_start__ = _sbss
 *(.bss)
 .bss           0x200023ac       0x1c C:/ST/STM32CubeIDE_1.15.1/STM32CubeIDE/plugins/com.st.stm32cube.ide.mcu.externaltools.gnu-tools-for-stm32.12.3.rel1.win32_1.0.100.202403111256/tools/bin/../lib/gcc/arm-none-eabi/12.3.1/thumb/v7e-m+fp/hard/crtbegin.o
 *(.bss*)
 .bss.external_memory
                0x200023c8      0x100 ./BSP/I2C_Slave/i2c_slave.o
                0x200023c8                external_memory
 .bss.I2C_slave_obj
                0x200024c8        0xc ./BSP/I2C_Slave/i2c_slave.o
                0x200024c8                I2C_slave_obj
 .bss.I2C_Slave_Status
                0x200024d4        0x1 ./BSP/I2C_Slave/register.o
                0x200024d4                I2C_Slave_Status
 *fill*         0x200024d5        0x3 
 .bss.g_registers
                0x200024d8      0x2fd ./BSP/I2C_Slave/register.o
                0x200024d8                g_registers
 *fill*         0x200027d5        0x3 
 .bss.usart1_rx_data
                0x200027d8      0x3ff ./BSP/UART/uart.o
                0x200027d8                usart1_rx_data
 *fill*         0x20002bd7        0x1 
 .bss.usart1_tx_data
                0x20002bd8      0x3ff ./BSP/UART/uart.o
                0x20002bd8                usart1_tx_data
 *fill*         0x20002fd7        0x1 
 .bss.usart6_rx_data
                0x20002fd8       0xff ./BSP/UART/uart.o
                0x20002fd8                usart6_rx_data
 *fill*         0x200030d7        0x1 
 .bss.usart6_tx_data
                0x200030d8       0xff ./BSP/UART/uart.o
                0x200030d8                usart6_tx_data
 *fill*         0x200031d7        0x1 
 .bss.g_ppcArgv
                0x200031d8       0x24 ./Core/CMDLine/cmdline.o
 .bss.pContext  0x200031fc      0x246 ./Core/CMDLine/command.o
                0x200031fc                pContext
 *fill*         0x20003442        0x2 
 .bss.UART_CMDLINE
                0x20003444        0x4 ./Core/CMDLine/command.o
                0x20003444                UART_CMDLINE
 .bss.s_commandBuffer
                0x20003448       0x40 ./Core/CMDLine/command.o
 .bss.s_commandBufferIndex
                0x20003488        0x1 ./Core/CMDLine/command.o
 .bss.data_times
                0x20003489        0x1 ./Core/Devices/Auto_run/auto_run.o
                0x20003489                data_times
 *fill*         0x2000348a        0x2 
 .bss.laser_interval
                0x2000348c        0x4 ./Core/Devices/Auto_run/auto_run.o
                0x2000348c                laser_interval
 .bss.run_system
                0x20003490        0x1 ./Core/Devices/Auto_run/auto_run.o
                0x20003490                run_system
 .bss.run_adc   0x20003491        0x1 ./Core/Devices/Auto_run/auto_run.o
                0x20003491                run_adc
 *fill*         0x20003492        0x2 
 .bss.adc_interval
                0x20003494        0x4 ./Core/Devices/Auto_run/auto_run.o
                0x20003494                adc_interval
 .bss.user_delay
                0x20003498        0x4 ./Core/Devices/Auto_run/auto_run.o
                0x20003498                user_delay
 .bss.rest_time
                0x2000349c        0x4 ./Core/Devices/Auto_run/auto_run.o
                0x2000349c                rest_time
 .bss.do_time   0x200034a0        0x1 ./Core/Devices/Auto_run/auto_run.o
                0x200034a0                do_time
 .bss.run_inf   0x200034a1        0x1 ./Core/Devices/Auto_run/auto_run.o
                0x200034a1                run_inf
 *fill*         0x200034a2        0x2 
 .bss.s_WorkingTimeClock_context
                0x200034a4        0x8 ./Core/Devices/DateTime/date_time.o
 .bss.ir_led_duty_current
                0x200034ac        0x8 ./Core/Devices/IR_LED/ir_led.o
 .bss.NTC_ADC_value
                0x200034b4       0x10 ./Core/Devices/NTC/ntc.o
                0x200034b4                NTC_ADC_value
 .bss.NTC_Temperature
                0x200034c4       0x10 ./Core/Devices/NTC/ntc.o
                0x200034c4                NTC_Temperature
 .bss.s_led_display_status
                0x200034d4        0x1 ./Core/LED/status_led.o
 *fill*         0x200034d5        0x3 
 .bss.hadc3     0x200034d8       0x48 ./Core/Src/main.o
                0x200034d8                hadc3
 .bss.hi2c1     0x20003520       0x54 ./Core/Src/main.o
                0x20003520                hi2c1
 .bss.hspi2     0x20003574       0x58 ./Core/Src/main.o
                0x20003574                hspi2
 .bss.htim4     0x200035cc       0x48 ./Core/Src/main.o
                0x200035cc                htim4
 .bss.g_systick_count
                0x20003614        0x4 ./Core/Src/stm32f4xx_it.o
                0x20003614                g_systick_count
 .bss.__sbrk_heap_end
                0x20003618        0x4 ./Core/Src/sysmem.o
 .bss.WDT_Current
                0x2000361c        0x1 ./Core/WDog/watchdog.o
 *fill*         0x2000361d        0x3 
 .bss.uwTick    0x20003620        0x4 ./Drivers/STM32F4xx_HAL_Driver/Src/stm32f4xx_hal.o
                0x20003620                uwTick
 .bss.s_TaskContext
                0x20003624       0xf0 ./Scheduler/scheduler.o
 .bss.s_NumOfTaskScheduled
                0x20003714        0x1 ./Scheduler/scheduler.o
 *fill*         0x20003715        0x3 
 .bss.s_TimerContext
                0x20003718       0xf0 ./Scheduler/scheduler.o
 .bss.s_NumOfTimers
                0x20003808        0x1 ./Scheduler/scheduler.o
 *fill*         0x20003809        0x3 
 .bss.s_SystemTick
                0x2000380c        0x4 ./Scheduler/scheduler.o
                0x2000380c                s_SystemTick
 .bss.s_SoftTimers
                0x20003810       0x38 ./Scheduler/scheduler.o
                0x20003810                s_SoftTimers
 .bss.__sf      0x20003848      0x138 C:/ST/STM32CubeIDE_1.15.1/STM32CubeIDE/plugins/com.st.stm32cube.ide.mcu.externaltools.gnu-tools-for-stm32.12.3.rel1.win32_1.0.100.202403111256/tools/bin/../lib/gcc/arm-none-eabi/12.3.1/../../../../arm-none-eabi/lib/thumb/v7e-m+fp/hard\libc_nano.a(libc_a-findfp.o)
                0x20003848                __sf
 .bss.errno     0x20003980        0x4 C:/ST/STM32CubeIDE_1.15.1/STM32CubeIDE/plugins/com.st.stm32cube.ide.mcu.externaltools.gnu-tools-for-stm32.12.3.rel1.win32_1.0.100.202403111256/tools/bin/../lib/gcc/arm-none-eabi/12.3.1/../../../../arm-none-eabi/lib/thumb/v7e-m+fp/hard\libc_nano.a(libc_a-reent.o)
                0x20003980                errno
 .bss.__lock___malloc_recursive_mutex
                0x20003984        0x1 C:/ST/STM32CubeIDE_1.15.1/STM32CubeIDE/plugins/com.st.stm32cube.ide.mcu.externaltools.gnu-tools-for-stm32.12.3.rel1.win32_1.0.100.202403111256/tools/bin/../lib/gcc/arm-none-eabi/12.3.1/../../../../arm-none-eabi/lib/thumb/v7e-m+fp/hard\libc_nano.a(libc_a-lock.o)
                0x20003984                __lock___malloc_recursive_mutex
 *fill*         0x20003985        0x3 