Archive member included to satisfy reference by file (symbol)

C:/ST/STM32CubeIDE_1.18.0/STM32CubeIDE/plugins/com.st.stm32cube.ide.mcu.externaltools.gnu-tools-for-stm32.13.3.rel1.win32_1.0.0.202411081344/tools/bin/../lib/gcc/arm-none-eabi/13.3.1/../../../../arm-none-eabi/lib/thumb/v7e-m+fp/hard\libc_nano.a(libc_a-atoi.o)
                              ./Core/CMDLine/command.o (atoi)
C:/ST/STM32CubeIDE_1.18.0/STM32CubeIDE/plugins/com.st.stm32cube.ide.mcu.externaltools.gnu-tools-for-stm32.13.3.rel1.win32_1.0.0.202411081344/tools/bin/../lib/gcc/arm-none-eabi/13.3.1/../../../../arm-none-eabi/lib/thumb/v7e-m+fp/hard\libc_nano.a(libc_a-exit.o)
                              C:/ST/STM32CubeIDE_1.18.0/STM32CubeIDE/plugins/com.st.stm32cube.ide.mcu.externaltools.gnu-tools-for-stm32.13.3.rel1.win32_1.0.0.202411081344/tools/bin/../lib/gcc/arm-none-eabi/13.3.1/../../../../arm-none-eabi/lib/thumb/v7e-m+fp/hard/crt0.o (exit)
C:/ST/STM32CubeIDE_1.18.0/STM32CubeIDE/plugins/com.st.stm32cube.ide.mcu.externaltools.gnu-tools-for-stm32.13.3.rel1.win32_1.0.0.202411081344/tools/bin/../lib/gcc/arm-none-eabi/13.3.1/../../../../arm-none-eabi/lib/thumb/v7e-m+fp/hard\libc_nano.a(libc_a-strtol.o)
                              C:/ST/STM32CubeIDE_1.18.0/STM32CubeIDE/plugins/com.st.stm32cube.ide.mcu.externaltools.gnu-tools-for-stm32.13.3.rel1.win32_1.0.0.202411081344/tools/bin/../lib/gcc/arm-none-eabi/13.3.1/../../../../arm-none-eabi/lib/thumb/v7e-m+fp/hard\libc_nano.a(libc_a-atoi.o) (_strtol_r)
C:/ST/STM32CubeIDE_1.18.0/STM32CubeIDE/plugins/com.st.stm32cube.ide.mcu.externaltools.gnu-tools-for-stm32.13.3.rel1.win32_1.0.0.202411081344/tools/bin/../lib/gcc/arm-none-eabi/13.3.1/../../../../arm-none-eabi/lib/thumb/v7e-m+fp/hard\libc_nano.a(libc_a-ctype_.o)
                              C:/ST/STM32CubeIDE_1.18.0/STM32CubeIDE/plugins/com.st.stm32cube.ide.mcu.externaltools.gnu-tools-for-stm32.13.3.rel1.win32_1.0.0.202411081344/tools/bin/../lib/gcc/arm-none-eabi/13.3.1/../../../../arm-none-eabi/lib/thumb/v7e-m+fp/hard\libc_nano.a(libc_a-strtol.o) (_ctype_)
C:/ST/STM32CubeIDE_1.18.0/STM32CubeIDE/plugins/com.st.stm32cube.ide.mcu.externaltools.gnu-tools-for-stm32.13.3.rel1.win32_1.0.0.202411081344/tools/bin/../lib/gcc/arm-none-eabi/13.3.1/../../../../arm-none-eabi/lib/thumb/v7e-m+fp/hard\libc_nano.a(libc_a-findfp.o)
                              C:/ST/STM32CubeIDE_1.18.0/STM32CubeIDE/plugins/com.st.stm32cube.ide.mcu.externaltools.gnu-tools-for-stm32.13.3.rel1.win32_1.0.0.202411081344/tools/bin/../lib/gcc/arm-none-eabi/13.3.1/../../../../arm-none-eabi/lib/thumb/v7e-m+fp/hard\libc_nano.a(libc_a-exit.o) (__stdio_exit_handler)
C:/ST/STM32CubeIDE_1.18.0/STM32CubeIDE/plugins/com.st.stm32cube.ide.mcu.externaltools.gnu-tools-for-stm32.13.3.rel1.win32_1.0.0.202411081344/tools/bin/../lib/gcc/arm-none-eabi/13.3.1/../../../../arm-none-eabi/lib/thumb/v7e-m+fp/hard\libc_nano.a(libc_a-fwalk.o)
                              C:/ST/STM32CubeIDE_1.18.0/STM32CubeIDE/plugins/com.st.stm32cube.ide.mcu.externaltools.gnu-tools-for-stm32.13.3.rel1.win32_1.0.0.202411081344/tools/bin/../lib/gcc/arm-none-eabi/13.3.1/../../../../arm-none-eabi/lib/thumb/v7e-m+fp/hard\libc_nano.a(libc_a-findfp.o) (_fwalk_sglue)
C:/ST/STM32CubeIDE_1.18.0/STM32CubeIDE/plugins/com.st.stm32cube.ide.mcu.externaltools.gnu-tools-for-stm32.13.3.rel1.win32_1.0.0.202411081344/tools/bin/../lib/gcc/arm-none-eabi/13.3.1/../../../../arm-none-eabi/lib/thumb/v7e-m+fp/hard\libc_nano.a(libc_a-snprintf.o)
                              ./BSP/I2C_Slave/i2c_slave.o (snprintf)
C:/ST/STM32CubeIDE_1.18.0/STM32CubeIDE/plugins/com.st.stm32cube.ide.mcu.externaltools.gnu-tools-for-stm32.13.3.rel1.win32_1.0.0.202411081344/tools/bin/../lib/gcc/arm-none-eabi/13.3.1/../../../../arm-none-eabi/lib/thumb/v7e-m+fp/hard\libc_nano.a(libc_a-stdio.o)
                              C:/ST/STM32CubeIDE_1.18.0/STM32CubeIDE/plugins/com.st.stm32cube.ide.mcu.externaltools.gnu-tools-for-stm32.13.3.rel1.win32_1.0.0.202411081344/tools/bin/../lib/gcc/arm-none-eabi/13.3.1/../../../../arm-none-eabi/lib/thumb/v7e-m+fp/hard\libc_nano.a(libc_a-findfp.o) (__sread)
C:/ST/STM32CubeIDE_1.18.0/STM32CubeIDE/plugins/com.st.stm32cube.ide.mcu.externaltools.gnu-tools-for-stm32.13.3.rel1.win32_1.0.0.202411081344/tools/bin/../lib/gcc/arm-none-eabi/13.3.1/../../../../arm-none-eabi/lib/thumb/v7e-m+fp/hard\libc_nano.a(libc_a-memset.o)
                              C:/ST/STM32CubeIDE_1.18.0/STM32CubeIDE/plugins/com.st.stm32cube.ide.mcu.externaltools.gnu-tools-for-stm32.13.3.rel1.win32_1.0.0.202411081344/tools/bin/../lib/gcc/arm-none-eabi/13.3.1/../../../../arm-none-eabi/lib/thumb/v7e-m+fp/hard/crt0.o (memset)
C:/ST/STM32CubeIDE_1.18.0/STM32CubeIDE/plugins/com.st.stm32cube.ide.mcu.externaltools.gnu-tools-for-stm32.13.3.rel1.win32_1.0.0.202411081344/tools/bin/../lib/gcc/arm-none-eabi/13.3.1/../../../../arm-none-eabi/lib/thumb/v7e-m+fp/hard\libc_nano.a(libc_a-closer.o)
[...]
Memory Configuration

Name             Origin             Length             Attributes
CCMRAM           0x10000000         0x00010000         xrw
RAM              0x20000000         0x00020000         xrw
FLASH            0x08008000         0x0007c000         xr
*default*        0x00000000         0xffffffff

Linker script and memory map

LOAD C:/ST/STM32CubeIDE_1.18.0/STM32CubeIDE/plugins/com.st.stm32cube.ide.mcu.externaltools.gnu-tools-for-stm32.13.3.rel1.win32_1.0.0.202411081344/tools/bin/../lib/gcc/arm-none-eabi/13.3.1/thumb/v7e-m+fp/hard/crti.o
LOAD C:/ST/STM32CubeIDE_1.18.0/STM32CubeIDE/plugins/com.st.stm32cube.ide.mcu.externaltools.gnu-tools-for-stm32.13.3.rel1.win32_1.0.0.202411081344/tools/bin/../lib/gcc/arm-none-eabi/13.3.1/thumb/v7e-m+fp/hard/crtbegin.o
LOAD C:/ST/STM32CubeIDE_1.18.0/STM32CubeIDE/plugins/com.st.stm32cube.ide.mcu.externaltools.gnu-tools-for-stm32.13.3.rel1.win32_1.0.0.202411081344/tools/bin/../lib/gcc/arm-none-eabi/13.3.1/../../../../arm-none-eabi/lib/thumb/v7e-m+fp/hard/crt0.o
LOAD ./BSP/Delay/delay.o
LOAD ./BSP/I2C/i2c.o
LOAD ./BSP/I2C_Slave/i2c_slave.o
LOAD ./BSP/I2C_Slave/register.o
LOAD ./BSP/SysTick/systick.o
LOAD ./BSP/UART/uart.o
LOAD ./Core/CMDLine/cmdline.o
LOAD ./Core/CMDLine/command.o
LOAD ./Core/COPC/copc.o
LOAD ./Core/Devices/Auto_run/auto_run.o
LOAD ./Core/Devices/BMP390/bmp390.o
LOAD ./Core/Devices/DateTime/date_time.o
LOAD ./Core/Devices/Heater/heater.o
LOAD ./Core/Devices/IR_LED/ir_led.o
LOAD ./Core/Devices/LASER_BOARD/ADG1414/adg1414.o
LOAD ./Core/Devices/LASER_BOARD/MCP4902/mcp4902.o
LOAD ./Core/Devices/LASER_BOARD/laser_board.o
LOAD ./Core/Devices/LT8722/lt8722.o
LOAD ./Core/Devices/NTC/ntc.o
LOAD ./Core/LED/status_led.o
LOAD ./Core/Sensor_I2C/sensor_i2c.o
LOAD ./Core/Src/main.o
LOAD ./Core/Src/stm32f4xx_hal_msp.o
LOAD ./Core/Src/stm32f4xx_it.o
LOAD ./Core/Src/syscalls.o
LOAD ./Core/Src/sysmem.o
LOAD ./Core/Src/system_stm32f4xx.o
LOAD ./Core/Startup/startup_stm32f407vgtx.o
LOAD ./Core/Temperature/temperature.o
LOAD ./Core/WDog/watchdog.o
LOAD ./Drivers/STM32F4xx_HAL_Driver/Src/stm32f4xx_hal.o
LOAD ./Drivers/STM32F4xx_HAL_Driver/Src/stm32f4xx_hal_adc.o
LOAD ./Drivers/STM32F4xx_HAL_Driver/Src/stm32f4xx_hal_adc_ex.o
LOAD ./Drivers/STM32F4xx_HAL_Driver/Src/stm32f4xx_hal_cortex.o
LOAD ./Drivers/STM32F4xx_HAL_Driver/Src/stm32f4xx_hal_dma.o
LOAD ./Drivers/STM32F4xx_HAL_Driver/Src/stm32f4xx_hal_dma_ex.o
LOAD ./Drivers/STM32F4xx_HAL_Driver/Src/stm32f4xx_hal_exti.o
LOAD ./Drivers/STM32F4xx_HAL_Driver/Src/stm32f4xx_hal_flash.o
LOAD ./Drivers/STM32F4xx_HAL_Driver/Src/stm32f4xx_hal_flash_ex.o
LOAD ./Drivers/STM32F4xx_HAL_Driver/Src/stm32f4xx_hal_flash_ramfunc.o
LOAD ./Drivers/STM32F4xx_HAL_Driver/Src/stm32f4xx_hal_gpio.o
LOAD ./Drivers/STM32F4xx_HAL_Driver/Src/stm32f4xx_hal_pwr.o
LOAD ./Drivers/STM32F4xx_HAL_Driver/Src/stm32f4xx_hal_pwr_ex.o
LOAD ./Drivers/STM32F4xx_HAL_Driver/Src/stm32f4xx_hal_rcc.o
LOAD ./Drivers/STM32F4xx_HAL_Driver/Src/stm32f4xx_hal_rcc_ex.o
LOAD ./Drivers/STM32F4xx_HAL_Driver/Src/stm32f4xx_hal_spi.o
LOAD ./Drivers/STM32F4xx_HAL_Driver/Src/stm32f4xx_hal_tim.o
LOAD ./Drivers/STM32F4xx_HAL_Driver/Src/stm32f4xx_hal_tim_ex.o
LOAD ./Drivers/STM32F4xx_HAL_Driver/Src/stm32f4xx_ll_adc.o
LOAD ./Drivers/STM32F4xx_HAL_Driver/Src/stm32f4xx_ll_dma.o
LOAD ./Drivers/STM32F4xx_HAL_Driver/Src/stm32f4xx_ll_exti.o
LOAD ./Drivers/STM32F4xx_HAL_Driver/Src/stm32f4xx_ll_gpio.o
LOAD ./Drivers/STM32F4xx_HAL_Driver/Src/stm32f4xx_ll_i2c.o
LOAD ./Drivers/STM32F4xx_HAL_Driver/Src/stm32f4xx_ll_rcc.o
LOAD ./Drivers/STM32F4xx_HAL_Driver/Src/stm32f4xx_ll_spi.o
LOAD ./Drivers/STM32F4xx_HAL_Driver/Src/stm32f4xx_ll_tim.o
LOAD ./Drivers/STM32F4xx_HAL_Driver/Src/stm32f4xx_ll_usart.o
LOAD ./Drivers/STM32F4xx_HAL_Driver/Src/stm32f4xx_ll_utils.o
LOAD ./Scheduler/scheduler.o
LOAD ./ThirdParty/libfsp/crc16.o
LOAD ./ThirdParty/libfsp/fsp.o
START GROUP
LOAD C:/ST/STM32CubeIDE_1.18.0/STM32CubeIDE/plugins/com.st.stm32cube.ide.mcu.externaltools.gnu-tools-for-stm32.13.3.rel1.win32_1.0.0.202411081344/tools/bin/../lib/gcc/arm-none-eabi/13.3.1/../../../../arm-none-eabi/lib/thumb/v7e-m+fp/hard\libc_nano.a
LOAD C:/ST/STM32CubeIDE_1.18.0/STM32CubeIDE/plugins/com.st.stm32cube.ide.mcu.externaltools.gnu-tools-for-stm32.13.3.rel1.win32_1.0.0.202411081344/tools/bin/../lib/gcc/arm-none-eabi/13.3.1/../../../../arm-none-eabi/lib/thumb/v7e-m+fp/hard\libm.a
END GROUP
START GROUP
LOAD C:/ST/STM32CubeIDE_1.18.0/STM32CubeIDE/plugins/com.st.stm32cube.ide.mcu.externaltools.gnu-tools-for-stm32.13.3.rel1.win32_1.0.0.202411081344/tools/bin/../lib/gcc/arm-none-eabi/13.3.1/thumb/v7e-m+fp/hard\libgcc.a
LOAD C:/ST/STM32CubeIDE_1.18.0/STM32CubeIDE/plugins/com.st.stm32cube.ide.mcu.externaltools.gnu-tools-for-stm32.13.3.rel1.win32_1.0.0.202411081344/tools/bin/../lib/gcc/arm-none-eabi/13.3.1/../../../../arm-none-eabi/lib/thumb/v7e-m+fp/hard\libc_nano.a
END GROUP
START GROUP
LOAD C:/ST/STM32CubeIDE_1.18.0/STM32CubeIDE/plugins/com.st.stm32cube.ide.mcu.externaltools.gnu-tools-for-stm32.13.3.rel1.win32_1.0.0.202411081344/tools/bin/../lib/gcc/arm-none-eabi/13.3.1/thumb/v7e-m+fp/hard\libgcc.a
LOAD C:/ST/STM32CubeIDE_1.18.0/STM32CubeIDE/plugins/com.st.stm32cube.ide.mcu.externaltools.gnu-tools-for-stm32.13.3.rel1.win32_1.0.0.202411081344/tools/bin/../lib/gcc/arm-none-eabi/13.3.1/../../../../arm-none-eabi/lib/thumb/v7e-m+fp/hard\libc_nano.a
LOAD C:/ST/STM32CubeIDE_1.18.0/STM32CubeIDE/plugins/com.st.stm32cube.ide.mcu.externaltools.gnu-tools-for-stm32.13.3.rel1.win32_1.0.0.202411081344/tools/bin/../lib/gcc/arm-none-eabi/13.3.1/../../../../arm-none-eabi/lib/thumb/v7e-m+fp/hard\libnosys.a
END GROUP
START GROUP
LOAD C:/ST/STM32CubeIDE_1.18.0/STM32CubeIDE/plugins/com.st.stm32cube.ide.mcu.externaltools.gnu-tools-for-stm32.13.3.rel1.win32_1.0.0.202411081344/tools/bin/../lib/gcc/arm-none-eabi/13.3.1/thumb/v7e-m+fp/hard\libgcc.a
LOAD C:/ST/STM32CubeIDE_1.18.0/STM32CubeIDE/plugins/com.st.stm32cube.ide.mcu.externaltools.gnu-tools-for-stm32.13.3.rel1.win32_1.0.0.202411081344/tools/bin/../lib/gcc/arm-none-eabi/13.3.1/../../../../arm-none-eabi/lib/thumb/v7e-m+fp/hard\libc_nano.a
LOAD C:/ST/STM32CubeIDE_1.18.0/STM32CubeIDE/plugins/com.st.stm32cube.ide.mcu.externaltools.gnu-tools-for-stm32.13.3.rel1.win32_1.0.0.202411081344/tools/bin/../lib/gcc/arm-none-eabi/13.3.1/../../../../arm-none-eabi/lib/thumb/v7e-m+fp/hard\libnosys.a
END GROUP
LOAD C:/ST/STM32CubeIDE_1.18.0/STM32CubeIDE/plugins/com.st.stm32cube.ide.mcu.externaltools.gnu-tools-for-stm32.13.3.rel1.win32_1.0.0.202411081344/tools/bin/../lib/gcc/arm-none-eabi/13.3.1/thumb/v7e-m+fp/hard/crtend.o
LOAD C:/ST/STM32CubeIDE_1.18.0/STM32CubeIDE/plugins/com.st.stm32cube.ide.mcu.externaltools.gnu-tools-for-stm32.13.3.rel1.win32_1.0.0.202411081344/tools/bin/../lib/gcc/arm-none-eabi/13.3.1/thumb/v7e-m+fp/hard/crtn.o
                0x20020000                        _estack = (ORIGIN (RAM) + LENGTH (RAM))
                0x00000200                        _Min_Heap_Size = 0x200
                0x00000400                        _Min_Stack_Size = 0x400

.isr_vector     0x08008000      0x188
                0x08008000                        . = ALIGN (0x4)
 *(.isr_vector)
 .isr_vector    0x08008000      0x188 ./Core/Startup/startup_stm32f407vgtx.o
                0x08008000                g_pfnVectors
                0x08008188                        . = ALIGN (0x4)

.text           0x08008190     0xbb60
                0x08008190                        . = ALIGN (0x4)
 *(.text)
 .text          0x08008190       0x40 C:/ST/STM32CubeIDE_1.18.0/STM32CubeIDE/plugins/com.st.stm32cube.ide.mcu.externaltools.gnu-tools-for-stm32.13.3.rel1.win32_1.0.0.202411081344/tools/bin/../lib/gcc/arm-none-eabi/13.3.1/thumb/v7e-m+fp/hard/crtbegin.o
 .text          0x080081d0       0x14 C:/ST/STM32CubeIDE_1.18.0/STM32CubeIDE/plugins/com.st.stm32cube.ide.mcu.externaltools.gnu-tools-for-stm32.13.3.rel1.win32_1.0.0.202411081344/tools/bin/../lib/gcc/arm-none-eabi/13.3.1/../../../../arm-none-eabi/lib/thumb/v7e-m+fp/hard\libc_nano.a(libc_a-strcmp.o)
                0x080081d0                strcmp
 .text          0x080081e4       0x10 C:/ST/STM32CubeIDE_1.18.0/STM32CubeIDE/plugins/com.st.stm32cube.ide.mcu.externaltools.gnu-tools-for-stm32.13.3.rel1.win32_1.0.0.202411081344/tools/bin/../lib/gcc/arm-none-eabi/13.3.1/../../../../arm-none-eabi/lib/thumb/v7e-m+fp/hard\libc_nano.a(libc_a-strlen.o)
                0x080081e4                strlen
 *fill*         0x080081f4        0xc 
 .text          0x08008200       0xa0 C:/ST/STM32CubeIDE_1.18.0/STM32CubeIDE/plugins/com.st.stm32cube.ide.mcu.externaltools.gnu-tools-for-stm32.13.3.rel1.win32_1.0.0.202411081344/tools/bin/../lib/gcc/arm-none-eabi/13.3.1/../../../../arm-none-eabi/lib/thumb/v7e-m+fp/hard\libc_nano.a(libc_a-memchr.o)
                0x08008200                memchr
 .text          0x080082a0       0xa0 C:/ST/STM32CubeIDE_1.18.0/STM32CubeIDE/plugins/com.st.stm32cube.ide.mcu.externaltools.gnu-tools-for-stm32.13.3.rel1.win32_1.0.0.202411081344/tools/bin/../lib/gcc/arm-none-eabi/13.3.1/thumb/v7e-m+fp/hard\libgcc.a(_aeabi_ldivmod.o)
                0x080082a0                __aeabi_ldivmod
 .text          0x08008340       0x30 C:/ST/STM32CubeIDE_1.18.0/STM32CubeIDE/plugins/com.st.stm32cube.ide.mcu.externaltools.gnu-tools-for-stm32.13.3.rel1.win32_1.0.0.202411081344/tools/bin/../lib/gcc/arm-none-eabi/13.3.1/thumb/v7e-m+fp/hard\libgcc.a(_aeabi_uldivmod.o)
                0x08008340                __aeabi_uldivmod
 .text          0x08008370      0x2f8 C:/ST/STM32CubeIDE_1.18.0/STM32CubeIDE/plugins/com.st.stm32cube.ide.mcu.externaltools.gnu-tools-for-stm32.13.3.rel1.win32_1.0.0.202411081344/tools/bin/../lib/gcc/arm-none-eabi/13.3.1/thumb/v7e-m+fp/hard\libgcc.a(_udivmoddi4.o)
                0x08008370                __udivmoddi4
 .text          0x08008668        0x4 C:/ST/STM32CubeIDE_1.18.0/STM32CubeIDE/plugins/com.st.stm32cube.ide.mcu.externaltools.gnu-tools-for-stm32.13.3.rel1.win32_1.0.0.202411081344/tools/bin/../lib/gcc/arm-none-eabi/13.3.1/thumb/v7e-m+fp/hard\libgcc.a(_dvmd_tls.o)
                0x08008668                __aeabi_idiv0
                0x08008668                __aeabi_ldiv0
 *(.text*)
 .text.LL_SYSTICK_IsActiveCounterFlag
                0x0800866c       0x28 ./BSP/Delay/delay.o
 .text.delay_us
                0x08008694       0x48 ./BSP/Delay/delay.o
                0x08008694                delay_us
 .text.LL_I2C_Enable
                0x080086dc       0x20 ./BSP/I2C_Slave/i2c_slave.o
 .text.LL_I2C_Disable
                0x080086fc       0x20 ./BSP/I2C_Slave/i2c_slave.o
 .text.LL_I2C_EnableClockStretching
                0x0800871c       0x20 ./BSP/I2C_Slave/i2c_slave.o
 .text.LL_I2C_DisableGeneralCall
                0x0800873c       0x20 ./BSP/I2C_Slave/i2c_slave.o
 .text.LL_I2C_DisableOwnAddress2
                0x0800875c       0x20 ./BSP/I2C_Slave/i2c_slave.o
 .text.LL_I2C_EnableIT_EVT
                0x0800877c       0x20 ./BSP/I2C_Slave/i2c_slave.o
 .text.LL_I2C_EnableIT_BUF
                0x0800879c       0x20 ./BSP/I2C_Slave/i2c_slave.o
 .text.LL_I2C_DisableIT_BUF
                0x080087bc       0x20 ./BSP/I2C_Slave/i2c_slave.o
 .text.LL_I2C_EnableIT_ERR
                0x080087dc       0x20 ./BSP/I2C_Slave/i2c_slave.o
 .text.LL_I2C_IsActiveFlag_TXE
                0x080087fc       0x26 ./BSP/I2C_Slave/i2c_slave.o
 .text.LL_I2C_IsActiveFlag_RXNE
                0x08008822       0x26 ./BSP/I2C_Slave/i2c_slave.o
 .text.LL_I2C_IsActiveFlag_ADDR
                0x08008848       0x26 ./BSP/I2C_Slave/i2c_slave.o
 .text.LL_I2C_IsActiveFlag_AF
                0x0800886e       0x28 ./BSP/I2C_Slave/i2c_slave.o
 .text.LL_I2C_IsActiveFlag_STOP
                0x08008896       0x26 ./BSP/I2C_Slave/i2c_slave.o
 .text.LL_I2C_IsActiveFlag_BERR
                0x080088bc       0x28 ./BSP/I2C_Slave/i2c_slave.o
 .text.LL_I2C_IsActiveFlag_ARLO
                0x080088e4       0x28 ./BSP/I2C_Slave/i2c_slave.o
 .text.LL_I2C_IsActiveFlag_OVR
                0x0800890c       0x28 ./BSP/I2C_Slave/i2c_slave.o
 .text.LL_I2C_ClearFlag_ADDR
                0x08008934       0x24 ./BSP/I2C_Slave/i2c_slave.o
 .text.LL_I2C_ClearFlag_AF
                0x08008958       0x20 ./BSP/I2C_Slave/i2c_slave.o
 .text.LL_I2C_ClearFlag_STOP
                0x08008978       0x28 ./BSP/I2C_Slave/i2c_slave.o
 .text.LL_I2C_ClearFlag_BERR
                0x080089a0       0x20 ./BSP/I2C_Slave/i2c_slave.o
 .text.LL_I2C_ClearFlag_ARLO
                0x080089c0       0x20 ./BSP/I2C_Slave/i2c_slave.o
 .text.LL_I2C_ClearFlag_OVR
                0x080089e0       0x20 ./BSP/I2C_Slave/i2c_slave.o
 .text.LL_I2C_GetTransferDirection
                0x08008a00       0x1c ./BSP/I2C_Slave/i2c_slave.o
 .text.LL_I2C_ReceiveData8
                0x08008a1c       0x1a ./BSP/I2C_Slave/i2c_slave.o
 .text.LL_I2C_TransmitData8
                0x08008a36       0x28 ./BSP/I2C_Slave/i2c_slave.o
 *fill*         0x08008a5e        0x2 
 .text.I2C_ReInit
                0x08008a60       0xa0 ./BSP/I2C_Slave/i2c_slave.o
                0x08008a60                I2C_ReInit
 .text.i2c_slave_clear
                0x08008b00       0x34 ./BSP/I2C_Slave/i2c_slave.o
                0x08008b00                i2c_slave_clear
 .text.i2c_slave_init
                0x08008b34       0x3c ./BSP/I2C_Slave/i2c_slave.o
                0x08008b34                i2c_slave_init
 .text.I2C_event_IRQ
                0x08008b70      0x210 ./BSP/I2C_Slave/i2c_slave.o
                0x08008b70                I2C_event_IRQ
 .text.I2C_error_IRQ
                0x08008d80       0x9c ./BSP/I2C_Slave/i2c_slave.o
                0x08008d80                I2C_error_IRQ
 .text.__NVIC_SetPriority
                0x08008e1c       0x54 ./BSP/SysTick/systick.o
 .text.SysTick_Config
                0x08008e70       0x44 ./BSP/SysTick/systick.o
 .text.systick_timer_start
                0x08008eb4       0x20 ./BSP/SysTick/systick.o
                0x08008eb4                systick_timer_start
 .text.systick_timer_init
                0x08008ed4       0x24 ./BSP/SysTick/systick.o
                0x08008ed4                systick_timer_init
 .text.LL_USART_IsActiveFlag_FE
                0x08008ef8       0x26 ./BSP/UART/uart.o
 .text.LL_USART_IsActiveFlag_NE
                0x08008f1e       0x26 ./BSP/UART/uart.o
 .text.LL_USART_IsActiveFlag_ORE
                0x08008f44       0x26 ./BSP/UART/uart.o
 .text.LL_USART_IsActiveFlag_RXNE
                0x08008f6a       0x26 ./BSP/UART/uart.o
 .text.LL_USART_IsActiveFlag_TXE
                0x08008f90       0x26 ./BSP/UART/uart.o
 .text.LL_USART_ClearFlag_FE
                0x08008fb6       0x24 ./BSP/UART/uart.o
 .text.LL_USART_ClearFlag_NE
                0x08008fda       0x24 ./BSP/UART/uart.o
 .text.LL_USART_ClearFlag_ORE
                0x08008ffe       0x24 ./BSP/UART/uart.o
 .text.LL_USART_EnableIT_RXNE
                0x08009022       0x46 ./BSP/UART/uart.o
 .text.LL_USART_EnableIT_TXE
                0x08009068       0x46 ./BSP/UART/uart.o
 .text.LL_USART_DisableIT_RXNE
                0x080090ae       0x46 ./BSP/UART/uart.o
 .text.LL_USART_DisableIT_TXE
                0x080090f4       0x46 ./BSP/UART/uart.o
 .text.LL_USART_IsEnabledIT_RXNE
                0x0800913a       0x26 ./BSP/UART/uart.o
 .text.LL_USART_IsEnabledIT_TXE
                0x08009160       0x26 ./BSP/UART/uart.o
 .text.LL_USART_ReceiveData8
                0x08009186       0x1a ./BSP/UART/uart.o
 .text.LL_USART_TransmitData8
                0x080091a0       0x1e ./BSP/UART/uart.o
 *fill*         0x080091be        0x2 
 .text.get_usart_buffer
                0x080091c0       0x54 ./BSP/UART/uart.o
                0x080091c0                get_usart_buffer
 .text.store_char
                0x08009214       0x56 ./BSP/UART/uart.o
                0x08009214                store_char
 .text.UART_ReadRing
                0x0800926a       0x70 ./BSP/UART/uart.o
                0x0800926a                UART_ReadRing
 .text.UART_WriteRing
                0x080092da       0x78 ./BSP/UART/uart.o
                0x080092da                UART_WriteRing
 .text.IsDataAvailable
                0x08009352       0x52 ./BSP/UART/uart.o
                0x08009352                IsDataAvailable
 .text.UART_SendStringRing
                0x080093a4       0x2e ./BSP/UART/uart.o
                0x080093a4                UART_SendStringRing
 .text.UART_Flush_RingRx
                0x080093d2       0x42 ./BSP/UART/uart.o
                0x080093d2                UART_Flush_RingRx
 .text.UART_Ring_ISR
                0x08009414       0xf0 ./BSP/UART/uart.o
                0x08009414                UART_Ring_ISR
 .text.CmdLineProcess
                0x08009504       0xb8 ./Core/CMDLine/cmdline.o
                0x08009504                CmdLineProcess
 .text.__NVIC_SystemReset
                0x080095bc       0x2c ./Core/CMDLine/command.o
 .text.LL_GPIO_SetOutputPin
                0x080095e8       0x1c ./Core/CMDLine/command.o
 .text.LL_GPIO_ResetOutputPin
                0x08009604       0x1e ./Core/CMDLine/command.o
 *fill*         0x08009622        0x2 
 .text.CommandLine_Init
                0x08009624       0x74 ./Core/CMDLine/command.o
                0x08009624                CommandLine_Init
 .text.CommandLine_Task_Update
                0x08009698       0x64 ./Core/CMDLine/command.o
 .text.process_command
                0x080096fc      0x510 ./Core/CMDLine/command.o
                0x080096fc                process_command
 .text.ResetConfig
                0x08009c0c       0x7c ./Core/CMDLine/command.o
 .text.Cmd_help
                0x08009c88      0x114 ./Core/CMDLine/command.o
                0x08009c88                Cmd_help
 .text.Cmd_system_reset
                0x08009d9c        0xe ./Core/CMDLine/command.o
                0x08009d9c                Cmd_system_reset
 *fill*         0x08009daa        0x2 
 .text.Cmd_alive_check
                0x08009dac       0x28 ./Core/CMDLine/command.o
                0x08009dac                Cmd_alive_check
 .text.Cmd_ota_boot
                0x08009dd4        0xe ./Core/CMDLine/command.o
                0x08009dd4                Cmd_ota_boot
 *fill*         0x08009de2        0x2 
 .text.Cmd_temp_pw
                0x08009de4       0x50 ./Core/CMDLine/command.o
                0x08009de4                Cmd_temp_pw
 .text.Cmd_set_temp
                0x08009e34       0xbc ./Core/CMDLine/command.o
                0x08009e34                Cmd_set_temp
 .text.Cmd_get_temp
                0x08009ef0       0xec ./Core/CMDLine/command.o
                0x08009ef0                Cmd_get_temp
 .text.Cmd_get_temp_setpoint
                0x08009fdc       0x80 ./Core/CMDLine/command.o
                0x08009fdc                Cmd_get_temp_setpoint
 .text.Cmd_tec_init
                0x0800a05c      0x158 ./Core/CMDLine/command.o
                0x0800a05c                Cmd_tec_init
 .text.Cmd_tec_set_vol
                0x0800a1b4       0xa8 ./Core/CMDLine/command.o
                0x0800a1b4                Cmd_tec_set_vol
 .text.Cmd_tec_get_vol
                0x0800a25c       0x90 ./Core/CMDLine/command.o
                0x0800a25c                Cmd_tec_get_vol
 .text.Cmd_tec_dir
                0x0800a2ec       0x9c ./Core/CMDLine/command.o
                0x0800a2ec                Cmd_tec_dir
 .text.Cmd_tec_ctrl
                0x0800a388       0xb8 ./Core/CMDLine/command.o
                0x0800a388                Cmd_tec_ctrl
 .text.Cmd_tec_read
                0x0800a440      0x1e4 ./Core/CMDLine/command.o
                0x0800a440                Cmd_tec_read
 .text.Cmd_heater_set_duty
                0x0800a624       0xac ./Core/CMDLine/command.o
                0x0800a624                Cmd_heater_set_duty
 .text.Cmd_heater_get_duty
                0x0800a6d0       0x78 ./Core/CMDLine/command.o
                0x0800a6d0                Cmd_heater_get_duty
 .text.Cmd_temp_set_auto
                0x0800a748       0x9c ./Core/CMDLine/command.o
                0x0800a748                Cmd_temp_set_auto
 .text.Cmd_temp_auto_0
                0x0800a7e4      0x18c ./Core/CMDLine/command.o
                0x0800a7e4                Cmd_temp_auto_0
 .text.Cmd_temp_auto_1
                0x0800a970      0x18c ./Core/CMDLine/command.o
                0x0800a970                Cmd_temp_auto_1
 .text.Cmd_temp_auto_2
                0x0800aafc      0x18c ./Core/CMDLine/command.o
                0x0800aafc                Cmd_temp_auto_2
 .text.Cmd_temp_auto_3
                0x0800ac88      0x18c ./Core/CMDLine/command.o
                0x0800ac88                Cmd_temp_auto_3
 .text.Cmd_ir_set_duty
                0x0800ae14       0x7c ./Core/CMDLine/command.o
                0x0800ae14                Cmd_ir_set_duty
 .text.Cmd_ir_get_duty
                0x0800ae90       0x50 ./Core/CMDLine/command.o
                0x0800ae90                Cmd_ir_get_duty
 .text.Cmd_acceleration_gyroscope_get
                0x0800aee0       0x18 ./Core/CMDLine/command.o
                0x0800aee0                Cmd_acceleration_gyroscope_get
 .text.Cmd_pressure_get
                0x0800aef8       0x18 ./Core/CMDLine/command.o
                0x0800aef8                Cmd_pressure_get
 .text.Cmd_int_ls_dac
                0x0800af10       0x80 ./Core/CMDLine/command.o
                0x0800af10                Cmd_int_ls_dac
 .text.Cmd_int_ls_set
                0x0800af90       0x50 ./Core/CMDLine/command.o
                0x0800af90                Cmd_int_ls_set
 .text.Cmd_int_ls_auto
                0x0800afe0      0x2ec ./Core/CMDLine/command.o
                0x0800afe0                Cmd_int_ls_auto
 .text.Cmd_ext_ls_dac
                0x0800b2cc       0x80 ./Core/CMDLine/command.o
                0x0800b2cc                Cmd_ext_ls_dac
 .text.Cmd_ext_ls_set
                0x0800b34c       0x50 ./Core/CMDLine/command.o
                0x0800b34c                Cmd_ext_ls_set
 .text.Cmd_ext_ls_auto
                0x0800b39c       0x18 ./Core/CMDLine/command.o
                0x0800b39c                Cmd_ext_ls_auto
 .text.Cmd_pd_set
                0x0800b3b4       0xf4 ./Core/CMDLine/command.o
                0x0800b3b4                Cmd_pd_set
 .text.Cmd_pd_get_adc
                0x0800b4a8       0xa8 ./Core/CMDLine/command.o
                0x0800b4a8                Cmd_pd_get_adc
 .text.Cmd_pd_auto
                0x0800b550       0xbc ./Core/CMDLine/command.o
                0x0800b550                Cmd_pd_auto
 .text.CommandLine_CreateTask
                0x0800b60c       0x18 ./Core/CMDLine/command.o
                0x0800b60c                CommandLine_CreateTask
 .text.LL_SPI_IsActiveFlag_TXE
                0x0800b624       0x26 ./Core/Devices/Auto_run/auto_run.o
 .text.LL_SPI_IsActiveFlag_BSY
                0x0800b64a       0x26 ./Core/Devices/Auto_run/auto_run.o
 .text.LL_SPI_TransmitData8
                0x0800b670       0x24 ./Core/Devices/Auto_run/auto_run.o
 .text.LL_GPIO_SetOutputPin
                0x0800b694       0x1c ./Core/Devices/Auto_run/auto_run.o
 .text.LL_GPIO_ResetOutputPin
                0x0800b6b0       0x1e ./Core/Devices/Auto_run/auto_run.o
 *fill*         0x0800b6ce        0x2 
 .text.auto_run_task_update
                0x0800b6d0      0x2b0 ./Core/Devices/Auto_run/auto_run.o
 .text.auto_get_temp
                0x0800b980       0xbc ./Core/Devices/Auto_run/auto_run.o
                0x0800b980                auto_get_temp
 .text.auto_set_pd
                0x0800ba3c       0xc4 ./Core/Devices/Auto_run/auto_run.o
                0x0800ba3c                auto_set_pd
 .text.auto_set_ls
                0x0800bb00       0xc8 ./Core/Devices/Auto_run/auto_run.o
                0x0800bb00                auto_set_ls
 .text.read_adc
                0x0800bbc8       0xfc ./Core/Devices/Auto_run/auto_run.o
                0x0800bbc8                read_adc
 .text.read_adc_without_LF
                0x0800bcc4       0x9c ./Core/Devices/Auto_run/auto_run.o
                0x0800bcc4                read_adc_without_LF
 .text.AutoRun_CreateTask
                0x0800bd60       0x18 ./Core/Devices/Auto_run/auto_run.o
                0x0800bd60                AutoRun_CreateTask
 .text.SoftTime_Task_Update
                0x0800bd78      0x184 ./Core/Devices/DateTime/date_time.o
                0x0800bd78                SoftTime_Task_Update
 .text.SoftTime_CreateTask
                0x0800befc       0x5c ./Core/Devices/DateTime/date_time.o
                0x0800befc                SoftTime_CreateTask
 .text.DateTime_GetRTC
                0x0800bf58       0x2c ./Core/Devices/DateTime/date_time.o
                0x0800bf58                DateTime_GetRTC
 .text.LL_TIM_OC_SetCompareCH1
                0x0800bf84       0x1c ./Core/Devices/Heater/heater.o
 .text.LL_TIM_OC_SetCompareCH2
                0x0800bfa0       0x1c ./Core/Devices/Heater/heater.o
 .text.LL_TIM_OC_SetCompareCH3
                0x0800bfbc       0x1c ./Core/Devices/Heater/heater.o
 .text.LL_TIM_OC_SetCompareCH4
                0x0800bfd8       0x1c ./Core/Devices/Heater/heater.o
 .text.heater_set_duty_pwm_channel
                0x0800bff4       0x7c ./Core/Devices/Heater/heater.o
                0x0800bff4                heater_set_duty_pwm_channel
 .text.LL_TIM_OC_SetCompareCH1
                0x0800c070       0x1c ./Core/Devices/IR_LED/ir_led.o
 .text.ir_led_set_duty
                0x0800c08c       0x40 ./Core/Devices/IR_LED/ir_led.o
                0x0800c08c                ir_led_set_duty
 .text.ir_led_get_duty
                0x0800c0cc       0x28 ./Core/Devices/IR_LED/ir_led.o
                0x0800c0cc                ir_led_get_duty
 .text.LL_SPI_Enable
                0x0800c0f4       0x20 ./Core/Devices/LASER_BOARD/ADG1414/adg1414.o
 .text.LL_SPI_IsEnabled
                0x0800c114       0x26 ./Core/Devices/LASER_BOARD/ADG1414/adg1414.o
 .text.LL_SPI_IsActiveFlag_TXE
                0x0800c13a       0x26 ./Core/Devices/LASER_BOARD/ADG1414/adg1414.o
 .text.LL_SPI_IsActiveFlag_BSY
                0x0800c160       0x26 ./Core/Devices/LASER_BOARD/ADG1414/adg1414.o
 .text.LL_SPI_TransmitData8
                0x0800c186       0x24 ./Core/Devices/LASER_BOARD/ADG1414/adg1414.o
 .text.LL_GPIO_SetOutputPin
                0x0800c1aa       0x1c ./Core/Devices/LASER_BOARD/ADG1414/adg1414.o
 .text.LL_GPIO_ResetOutputPin
                0x0800c1c6       0x1e ./Core/Devices/LASER_BOARD/ADG1414/adg1414.o
 .text.ADG1414_Chain_Write
                0x0800c1e4       0x90 ./Core/Devices/LASER_BOARD/ADG1414/adg1414.o
 .text.ADG1414_Chain_Init
                0x0800c274       0xbe ./Core/Devices/LASER_BOARD/ADG1414/adg1414.o
                0x0800c274                ADG1414_Chain_Init
 *fill*         0x0800c332        0x2 
 .text.ADG1414_Chain_SwitchOn
                0x0800c334       0xe0 ./Core/Devices/LASER_BOARD/ADG1414/adg1414.o
                0x0800c334                ADG1414_Chain_SwitchOn
 .text.LL_SPI_Enable
                0x0800c414       0x20 ./Core/Devices/LASER_BOARD/MCP4902/mcp4902.o
 .text.LL_SPI_IsEnabled
                0x0800c434       0x26 ./Core/Devices/LASER_BOARD/MCP4902/mcp4902.o
 .text.LL_SPI_IsActiveFlag_TXE
                0x0800c45a       0x26 ./Core/Devices/LASER_BOARD/MCP4902/mcp4902.o
 .text.LL_SPI_IsActiveFlag_BSY
                0x0800c480       0x26 ./Core/Devices/LASER_BOARD/MCP4902/mcp4902.o
 .text.LL_SPI_TransmitData8
                0x0800c4a6       0x24 ./Core/Devices/LASER_BOARD/MCP4902/mcp4902.o
 .text.LL_GPIO_SetOutputPin
                0x0800c4ca       0x1c ./Core/Devices/LASER_BOARD/MCP4902/mcp4902.o
 .text.LL_GPIO_ResetOutputPin
                0x0800c4e6       0x1e ./Core/Devices/LASER_BOARD/MCP4902/mcp4902.o
 .text.v2dac    0x0800c504       0x44 ./Core/Devices/LASER_BOARD/MCP4902/mcp4902.o
                0x0800c504                v2dac
 .text.MCP4902_Write
                0x0800c548      0x124 ./Core/Devices/LASER_BOARD/MCP4902/mcp4902.o
 .text.MCP4902_Set_Voltage
                0x0800c66c       0x32 ./Core/Devices/LASER_BOARD/MCP4902/mcp4902.o
                0x0800c66c                MCP4902_Set_Voltage
 .text.MCP4902_Device_Init
                0x0800c69e       0xe2 ./Core/Devices/LASER_BOARD/MCP4902/mcp4902.o
                0x0800c69e                MCP4902_Device_Init
 .text.Laser_board_init
                0x0800c780       0x5c ./Core/Devices/LASER_BOARD/laser_board.o
                0x0800c780                Laser_board_init
 .text.LL_SPI_IsActiveFlag_RXNE
                0x0800c7dc       0x26 ./Core/Devices/LT8722/lt8722.o
 .text.LL_SPI_ReceiveData8
                0x0800c802       0x1c ./Core/Devices/LT8722/lt8722.o
 .text.LL_SPI_TransmitData8
                0x0800c81e       0x24 ./Core/Devices/LT8722/lt8722.o
 .text.LL_GPIO_SetOutputPin
                0x0800c842       0x1c ./Core/Devices/LT8722/lt8722.o
 .text.LL_GPIO_ResetOutputPin
                0x0800c85e       0x1e ./Core/Devices/LT8722/lt8722.o
 .text.csLOW    0x0800c87c       0x34 ./Core/Devices/LT8722/lt8722.o
 .text.csHIGH   0x0800c8b0       0x34 ./Core/Devices/LT8722/lt8722.o
 .text.SPI_LL_Transmit
                0x0800c8e4       0x38 ./Core/Devices/LT8722/lt8722.o
 .text.SPI_write_and_read_buffer
                0x0800c91c       0x5e ./Core/Devices/LT8722/lt8722.o
                0x0800c91c                SPI_write_and_read_buffer
 *fill*         0x0800c97a        0x6 
 .text.lt8722_voltage_to_dac
                0x0800c980       0x4c ./Core/Devices/LT8722/lt8722.o
                0x0800c980                lt8722_voltage_to_dac
 .text.lt8722_dac_to_voltage
                0x0800c9cc       0x88 ./Core/Devices/LT8722/lt8722.o
                0x0800c9cc                lt8722_dac_to_voltage
 .text.lt8722_transaction
                0x0800ca54      0x100 ./Core/Devices/LT8722/lt8722.o
                0x0800ca54                lt8722_transaction
 .text.lt8722_reg_read
                0x0800cb54       0x74 ./Core/Devices/LT8722/lt8722.o
                0x0800cb54                lt8722_reg_read
 .text.lt8722_reg_write
                0x0800cbc8       0x58 ./Core/Devices/LT8722/lt8722.o
                0x0800cbc8                lt8722_reg_write
 .text.lt8722_reg_write_mask
                0x0800cc20       0x50 ./Core/Devices/LT8722/lt8722.o
                0x0800cc20                lt8722_reg_write_mask
 .text.lt8722_set_enable_req
                0x0800cc70       0x26 ./Core/Devices/LT8722/lt8722.o
                0x0800cc70                lt8722_set_enable_req
 .text.lt8722_set_swen_req
                0x0800cc96       0x26 ./Core/Devices/LT8722/lt8722.o
                0x0800cc96                lt8722_set_swen_req
 .text.lt8722_reset
                0x0800ccbc       0x22 ./Core/Devices/LT8722/lt8722.o
                0x0800ccbc                lt8722_reset
 .text.lt8722_clear_faults
                0x0800ccde       0x32 ./Core/Devices/LT8722/lt8722.o
                0x0800ccde                lt8722_clear_faults
 .text.lt8722_set_dac
                0x0800cd10       0x28 ./Core/Devices/LT8722/lt8722.o
                0x0800cd10                lt8722_set_dac
 .text.lt8722_init
                0x0800cd38      0x1d4 ./Core/Devices/LT8722/lt8722.o
                0x0800cd38                lt8722_init
 .text.lt8722_set_output_voltage_channel
                0x0800cf0c       0xe4 ./Core/Devices/LT8722/lt8722.o
                0x0800cf0c                lt8722_set_output_voltage_channel
 .text.Calculate_CRC8
                0x0800cff0       0x78 ./Core/Devices/LT8722/lt8722.o
                0x0800cff0                Calculate_CRC8
 .text.put_unaligned_be32
                0x0800d068       0x42 ./Core/Devices/LT8722/lt8722.o
                0x0800d068                put_unaligned_be32
 .text.get_unaligned_be32
                0x0800d0aa       0x3a ./Core/Devices/LT8722/lt8722.o
                0x0800d0aa                get_unaligned_be32
 .text.get_unaligned_be16
                0x0800d0e4       0x24 ./Core/Devices/LT8722/lt8722.o
                0x0800d0e4                get_unaligned_be16
 .text.find_first_set_bit
                0x0800d108       0x3c ./Core/Devices/LT8722/lt8722.o
                0x0800d108                find_first_set_bit
 .text.field_prep
                0x0800d144       0x24 ./Core/Devices/LT8722/lt8722.o
                0x0800d144                field_prep
 .text.LL_ADC_Enable
                0x0800d168       0x20 ./Core/Devices/NTC/ntc.o
 .text.LL_ADC_IsEnabled
                0x0800d188       0x26 ./Core/Devices/NTC/ntc.o
 .text.LL_ADC_REG_StartConversionSWStart
                0x0800d1ae       0x20 ./Core/Devices/NTC/ntc.o
 *fill*         0x0800d1ce        0x2 
 .text.LL_DMA_EnableStream
                0x0800d1d0       0x40 ./Core/Devices/NTC/ntc.o
 .text.LL_DMA_SetDataTransferDirection
                0x0800d210       0x48 ./Core/Devices/NTC/ntc.o
 .text.LL_DMA_SetMode
                0x0800d258       0x48 ./Core/Devices/NTC/ntc.o
 .text.LL_DMA_SetPeriphIncMode
                0x0800d2a0       0x48 ./Core/Devices/NTC/ntc.o
 .text.LL_DMA_SetMemoryIncMode
                0x0800d2e8       0x48 ./Core/Devices/NTC/ntc.o
 .text.LL_DMA_SetPeriphSize
                0x0800d330       0x48 ./Core/Devices/NTC/ntc.o
 .text.LL_DMA_SetMemorySize
                0x0800d378       0x48 ./Core/Devices/NTC/ntc.o
 .text.LL_DMA_SetDataLength
                0x0800d3c0       0x48 ./Core/Devices/NTC/ntc.o
 .text.LL_DMA_SetChannelSelection
                0x0800d408       0x48 ./Core/Devices/NTC/ntc.o
 .text.LL_DMA_SetMemoryAddress
                0x0800d450       0x30 ./Core/Devices/NTC/ntc.o
 .text.LL_DMA_SetPeriphAddress
                0x0800d480       0x30 ./Core/Devices/NTC/ntc.o
 .text.NTC_DMA_ADC_Init
                0x0800d4b0       0xa8 ./Core/Devices/NTC/ntc.o
                0x0800d4b0                NTC_DMA_ADC_Init
 .text.NTC_get_temperature
                0x0800d558       0x7c ./Core/Devices/NTC/ntc.o
                0x0800d558                NTC_get_temperature
 .text.LL_GPIO_SetOutputPin
                0x0800d5d4       0x1c ./Core/LED/status_led.o
 .text.LL_GPIO_ResetOutputPin
                0x0800d5f0       0x1e ./Core/LED/status_led.o
 *fill*         0x0800d60e        0x2 
 .text.LED_Status_Init
                0x0800d610       0x34 ./Core/LED/status_led.o
                0x0800d610                LED_Status_Init
 .text.status_led_update
                0x0800d644       0x3c ./Core/LED/status_led.o
                0x0800d644                status_led_update
 .text.status_led_powerup
                0x0800d680       0x90 ./Core/LED/status_led.o
 .text.status_led_normal
                0x0800d710       0x44 ./Core/LED/status_led.o
 .text.status_led_error
                0x0800d754       0x8c ./Core/LED/status_led.o
 .text.status_led_led_green_on
                0x0800d7e0       0x18 ./Core/LED/status_led.o
 .text.status_led_led_green_off
                0x0800d7f8       0x18 ./Core/LED/status_led.o
 .text.status_led_led_blue_on
                0x0800d810       0x18 ./Core/LED/status_led.o
 .text.status_led_led_blue_off
                0x0800d828       0x18 ./Core/LED/status_led.o
 .text.LED_Status_CreateTask
                0x0800d840       0x18 ./Core/LED/status_led.o
                0x0800d840                LED_Status_CreateTask
 .text.__NVIC_GetPriorityGrouping
                0x0800d858       0x1c ./Core/Src/main.o
 .text.__NVIC_EnableIRQ
                0x0800d874       0x3c ./Core/Src/main.o
 .text.__NVIC_SetPriority
                0x0800d8b0       0x54 ./Core/Src/main.o
 .text.NVIC_EncodePriority
                0x0800d904       0x66 ./Core/Src/main.o
 .text.LL_ADC_REG_SetSequencerRanks
                0x0800d96a       0x7a ./Core/Src/main.o
 .text.LL_ADC_REG_SetFlagEndOfConversion
                0x0800d9e4       0x26 ./Core/Src/main.o
 .text.LL_ADC_SetChannelSamplingTime
                0x0800da0a       0xc2 ./Core/Src/main.o
 .text.LL_DMA_SetDataTransferDirection
                0x0800dacc       0x48 ./Core/Src/main.o
 .text.LL_DMA_SetMode
                0x0800db14       0x48 ./Core/Src/main.o
 .text.LL_DMA_SetPeriphIncMode
                0x0800db5c       0x48 ./Core/Src/main.o
 .text.LL_DMA_SetMemoryIncMode
                0x0800dba4       0x48 ./Core/Src/main.o
 .text.LL_DMA_SetPeriphSize
                0x0800dbec       0x48 ./Core/Src/main.o
 .text.LL_DMA_SetMemorySize
                0x0800dc34       0x48 ./Core/Src/main.o
 .text.LL_DMA_SetStreamPriorityLevel
                0x0800dc7c       0x48 ./Core/Src/main.o
 .text.LL_DMA_SetChannelSelection
                0x0800dcc4       0x48 ./Core/Src/main.o
 .text.LL_DMA_DisableFifoMode
                0x0800dd0c       0x40 ./Core/Src/main.o
 .text.LL_I2C_Enable
                0x0800dd4c       0x20 ./Core/Src/main.o
 .text.LL_I2C_EnableClockStretching
                0x0800dd6c       0x20 ./Core/Src/main.o
 .text.LL_I2C_DisableGeneralCall
                0x0800dd8c       0x20 ./Core/Src/main.o
 .text.LL_I2C_SetOwnAddress2
                0x0800ddac       0x26 ./Core/Src/main.o
 .text.LL_I2C_DisableOwnAddress2
                0x0800ddd2       0x20 ./Core/Src/main.o
 .text.LL_I2C_EnableIT_EVT
                0x0800ddf2       0x20 ./Core/Src/main.o
 *fill*         0x0800de12        0x2 
 .text.LL_RCC_HSE_Enable
                0x0800de14       0x20 ./Core/Src/main.o
 .text.LL_RCC_HSE_IsReady
                0x0800de34       0x28 ./Core/Src/main.o
 .text.LL_RCC_SetSysClkSource
                0x0800de5c       0x28 ./Core/Src/main.o
 .text.LL_RCC_GetSysClkSource
                0x0800de84       0x1c ./Core/Src/main.o
 .text.LL_RCC_SetAHBPrescaler
                0x0800dea0       0x28 ./Core/Src/main.o
 .text.LL_RCC_SetAPB1Prescaler
                0x0800dec8       0x28 ./Core/Src/main.o
 .text.LL_RCC_SetAPB2Prescaler
                0x0800def0       0x28 ./Core/Src/main.o
 .text.LL_AHB1_GRP1_EnableClock
                0x0800df18       0x30 ./Core/Src/main.o
 .text.LL_APB1_GRP1_EnableClock
                0x0800df48       0x30 ./Core/Src/main.o
 .text.LL_APB2_GRP1_EnableClock
                0x0800df78       0x30 ./Core/Src/main.o
 .text.LL_FLASH_SetLatency
                0x0800dfa8       0x28 ./Core/Src/main.o
 .text.LL_FLASH_GetLatency
                0x0800dfd0       0x1c ./Core/Src/main.o
 .text.LL_PWR_SetRegulVoltageScaling
                0x0800dfec       0x28 ./Core/Src/main.o
 .text.LL_SPI_Enable
                0x0800e014       0x20 ./Core/Src/main.o
 .text.LL_SPI_SetStandard
                0x0800e034       0x26 ./Core/Src/main.o
 .text.LL_TIM_DisableARRPreload
                0x0800e05a       0x20 ./Core/Src/main.o
 *fill*         0x0800e07a        0x2 
 .text.LL_TIM_OC_DisableFast
                0x0800e07c       0x8c ./Core/Src/main.o
 .text.LL_TIM_OC_EnablePreload
                0x0800e108       0x88 ./Core/Src/main.o
 .text.LL_TIM_SetClockSource
                0x0800e190       0x2a ./Core/Src/main.o
 .text.LL_TIM_SetTriggerOutput
                0x0800e1ba       0x26 ./Core/Src/main.o
 .text.LL_TIM_DisableMasterSlaveMode
                0x0800e1e0       0x20 ./Core/Src/main.o
 .text.LL_USART_Enable
                0x0800e200       0x20 ./Core/Src/main.o
 .text.LL_USART_ConfigAsyncMode
                0x0800e220       0x2c ./Core/Src/main.o
 .text.LL_GPIO_SetOutputPin
                0x0800e24c       0x1c ./Core/Src/main.o
 .text.LL_GPIO_ResetOutputPin
                0x0800e268       0x1e ./Core/Src/main.o
 *fill*         0x0800e286        0x2 
 .text.main     0x0800e288       0x84 ./Core/Src/main.o
                0x0800e288                main
 .text.SystemClock_Config
                0x0800e30c       0x70 ./Core/Src/main.o
                0x0800e30c                SystemClock_Config
 .text.MX_ADC1_Init
                0x0800e37c      0x244 ./Core/Src/main.o
 .text.MX_ADC3_Init
                0x0800e5c0       0xa4 ./Core/Src/main.o
 .text.MX_I2C1_Init
                0x0800e664       0xb0 ./Core/Src/main.o
 .text.MX_I2C2_Init
                0x0800e714       0xfc ./Core/Src/main.o
 .text.MX_SPI1_Init
                0x0800e810       0xac ./Core/Src/main.o
 .text.MX_SPI2_Init
                0x0800e8bc       0x6c ./Core/Src/main.o
 .text.MX_SPI3_Init
                0x0800e928       0xac ./Core/Src/main.o
 .text.MX_TIM1_Init
                0x0800e9d4      0x130 ./Core/Src/main.o
 .text.MX_TIM3_Init
                0x0800eb04       0x60 ./Core/Src/main.o
 .text.MX_TIM4_Init
                0x0800eb64       0xf4 ./Core/Src/main.o
 .text.MX_USART1_UART_Init
                0x0800ec58       0xc0 ./Core/Src/main.o
 .text.MX_USART6_UART_Init
                0x0800ed18       0xc0 ./Core/Src/main.o
 .text.MX_DMA_Init
                0x0800edd8       0x30 ./Core/Src/main.o
 .text.MX_GPIO_Init
                0x0800ee08      0x1b0 ./Core/Src/main.o
 .text.Error_Handler
                0x0800efb8        0xc ./Core/Src/main.o
                0x0800efb8                Error_Handler
 .text.HAL_MspInit
                0x0800efc4       0x50 ./Core/Src/stm32f4xx_hal_msp.o
                0x0800efc4                HAL_MspInit
 .text.HAL_ADC_MspInit
                0x0800f014       0x88 ./Core/Src/stm32f4xx_hal_msp.o
                0x0800f014                HAL_ADC_MspInit
 .text.HAL_SPI_MspInit
                0x0800f09c       0x90 ./Core/Src/stm32f4xx_hal_msp.o
                0x0800f09c                HAL_SPI_MspInit
 .text.HAL_TIM_OC_MspInit
                0x0800f12c       0x44 ./Core/Src/stm32f4xx_hal_msp.o
                0x0800f12c                HAL_TIM_OC_MspInit
 .text.HAL_TIM_MspPostInit
                0x0800f170       0x74 ./Core/Src/stm32f4xx_hal_msp.o
                0x0800f170                HAL_TIM_MspPostInit
 .text.NMI_Handler
                0x0800f1e4        0x8 ./Core/Src/stm32f4xx_it.o
                0x0800f1e4                NMI_Handler
 .text.HardFault_Handler
                0x0800f1ec        0x8 ./Core/Src/stm32f4xx_it.o
                0x0800f1ec                HardFault_Handler
 .text.MemManage_Handler
                0x0800f1f4        0x8 ./Core/Src/stm32f4xx_it.o
                0x0800f1f4                MemManage_Handler
 .text.BusFault_Handler
                0x0800f1fc        0x8 ./Core/Src/stm32f4xx_it.o
                0x0800f1fc                BusFault_Handler
 .text.UsageFault_Handler
                0x0800f204        0x8 ./Core/Src/stm32f4xx_it.o
                0x0800f204                UsageFault_Handler
 .text.SVC_Handler
                0x0800f20c        0xe ./Core/Src/stm32f4xx_it.o
                0x0800f20c                SVC_Handler
 .text.DebugMon_Handler
                0x0800f21a        0xe ./Core/Src/stm32f4xx_it.o
                0x0800f21a                DebugMon_Handler
 .text.PendSV_Handler
                0x0800f228        0xe ./Core/Src/stm32f4xx_it.o
                0x0800f228                PendSV_Handler
 *fill*         0x0800f236        0x2 
 .text.SysTick_Handler
                0x0800f238       0x20 ./Core/Src/stm32f4xx_it.o
                0x0800f238                SysTick_Handler
 .text.I2C2_EV_IRQHandler
                0x0800f258        0xc ./Core/Src/stm32f4xx_it.o
                0x0800f258                I2C2_EV_IRQHandler
 .text.I2C2_ER_IRQHandler
                0x0800f264        0xc ./Core/Src/stm32f4xx_it.o
                0x0800f264                I2C2_ER_IRQHandler
 .text.USART1_IRQHandler
                0x0800f270       0x14 ./Core/Src/stm32f4xx_it.o
                0x0800f270                USART1_IRQHandler
 .text.DMA2_Stream0_IRQHandler
                0x0800f284        0xe ./Core/Src/stm32f4xx_it.o
                0x0800f284                DMA2_Stream0_IRQHandler
 *fill*         0x0800f292        0x2 
 .text.USART6_IRQHandler
                0x0800f294       0x14 ./Core/Src/stm32f4xx_it.o
                0x0800f294                USART6_IRQHandler
 .text._sbrk    0x0800f2a8       0x6c ./Core/Src/sysmem.o
                0x0800f2a8                _sbrk
 .text.SystemInit
                0x0800f314       0x24 ./Core/Src/system_stm32f4xx.o
                0x0800f314                SystemInit
 .text.Reset_Handler
                0x0800f338       0x50 ./Core/Startup/startup_stm32f407vgtx.o
                0x0800f338                Reset_Handler
 .text.Default_Handler
                0x0800f388        0x2 ./Core/Startup/startup_stm32f407vgtx.o
                0x0800f388                RTC_Alarm_IRQHandler
                0x0800f388                HASH_RNG_IRQHandler
                0x0800f388                EXTI2_IRQHandler
                0x0800f388                TIM8_CC_IRQHandler
                0x0800f388                TIM1_CC_IRQHandler
                0x0800f388                DMA2_Stream5_IRQHandler
                0x0800f388                DMA1_Stream5_IRQHandler
                0x0800f388                PVD_IRQHandler
                0x0800f388                SDIO_IRQHandler
                0x0800f388                TAMP_STAMP_IRQHandler
                0x0800f388                CAN2_RX1_IRQHandler
                0x0800f388                EXTI3_IRQHandler
                0x0800f388                TIM8_TRG_COM_TIM14_IRQHandler
                0x0800f388                TIM1_UP_TIM10_IRQHandler
                0x0800f388                TIM8_UP_TIM13_IRQHandler
                0x0800f388                I2C3_ER_IRQHandler
                0x0800f388                EXTI0_IRQHandler
                0x0800f388                DMA1_Stream2_IRQHandler
                0x0800f388                CAN1_RX0_IRQHandler
                0x0800f388                FPU_IRQHandler
                0x0800f388                OTG_HS_WKUP_IRQHandler
                0x0800f388                CAN2_SCE_IRQHandler
                0x0800f388                DMA2_Stream2_IRQHandler
                0x0800f388                SPI1_IRQHandler
                0x0800f388                TIM6_DAC_IRQHandler
                0x0800f388                TIM1_BRK_TIM9_IRQHandler
                0x0800f388                DCMI_IRQHandler
                0x0800f388                CAN2_RX0_IRQHandler
                0x0800f388                DMA2_Stream3_IRQHandler
                0x0800f388                USART3_IRQHandler
                0x0800f388                CAN1_RX1_IRQHandler
                0x0800f388                UART5_IRQHandler
                0x0800f388                TIM4_IRQHandler
                0x0800f388                I2C1_EV_IRQHandler
                0x0800f388                DMA1_Stream6_IRQHandler
                0x0800f388                DMA1_Stream1_IRQHandler
                0x0800f388                UART4_IRQHandler
                0x0800f388                TIM3_IRQHandler
                0x0800f388                RCC_IRQHandler
                0x0800f388                TIM8_BRK_TIM12_IRQHandler
                0x0800f388                Default_Handler
                0x0800f388                EXTI15_10_IRQHandler
                0x0800f388                ADC_IRQHandler
                0x0800f388                DMA1_Stream7_IRQHandler
                0x0800f388                TIM7_IRQHandler
                0x0800f388                CAN2_TX_IRQHandler
                0x0800f388                TIM5_IRQHandler
                0x0800f388                DMA2_Stream7_IRQHandler
                0x0800f388                I2C3_EV_IRQHandler
                0x0800f388                EXTI9_5_IRQHandler
                0x0800f388                RTC_WKUP_IRQHandler
                0x0800f388                ETH_WKUP_IRQHandler
                0x0800f388                SPI2_IRQHandler
                0x0800f388                OTG_HS_EP1_IN_IRQHandler
                0x0800f388                DMA1_Stream0_IRQHandler
                0x0800f388                CAN1_TX_IRQHandler
                0x0800f388                EXTI4_IRQHandler
                0x0800f388                FSMC_IRQHandler
                0x0800f388                ETH_IRQHandler
                0x0800f388                OTG_HS_EP1_OUT_IRQHandler
                0x0800f388                WWDG_IRQHandler
                0x0800f388                TIM2_IRQHandler
                0x0800f388                OTG_FS_WKUP_IRQHandler
                0x0800f388                TIM1_TRG_COM_TIM11_IRQHandler
                0x0800f388                OTG_HS_IRQHandler
                0x0800f388                EXTI1_IRQHandler
                0x0800f388                USART2_IRQHandler
                0x0800f388                DMA2_Stream1_IRQHandler
                0x0800f388                CAN1_SCE_IRQHandler
                0x0800f388                FLASH_IRQHandler
                0x0800f388                DMA2_Stream4_IRQHandler
                0x0800f388                OTG_FS_IRQHandler
                0x0800f388                SPI3_IRQHandler
                0x0800f388                DMA1_Stream4_IRQHandler
                0x0800f388                I2C1_ER_IRQHandler
                0x0800f388                DMA2_Stream6_IRQHandler
                0x0800f388                DMA1_Stream3_IRQHandler
 *fill*         0x0800f38a        0x2 
 .text.temperature_update
                0x0800f38c      0x108 ./Core/Temperature/temperature.o
 .text.temperature_auto_ctrl
                0x0800f494      0x198 ./Core/Temperature/temperature.o
                0x0800f494                temperature_auto_ctrl
 .text.Temperature_GetSet_CreateTask
                0x0800f62c       0x18 ./Core/Temperature/temperature.o
                0x0800f62c                Temperature_GetSet_CreateTask
 .text.temperature_set_setpoint
                0x0800f644       0x2c ./Core/Temperature/temperature.o
                0x0800f644                temperature_set_setpoint
 .text.temperature_get_setpoint
                0x0800f670       0x28 ./Core/Temperature/temperature.o
                0x0800f670                temperature_get_setpoint
 .text.temperature_set_tec_vol
                0x0800f698       0x58 ./Core/Temperature/temperature.o
                0x0800f698                temperature_set_tec_vol
 .text.temperature_get_tec_vol
                0x0800f6f0       0x38 ./Core/Temperature/temperature.o
                0x0800f6f0                temperature_get_tec_vol
 .text.temperature_set_heater_duty
                0x0800f728       0x50 ./Core/Temperature/temperature.o
                0x0800f728                temperature_set_heater_duty
 .text.temperature_get_heater_duty
                0x0800f778       0x3c ./Core/Temperature/temperature.o
                0x0800f778                temperature_get_heater_duty
 .text.temperature_set_auto_ctrl
                0x0800f7b4       0x9c ./Core/Temperature/temperature.o
                0x0800f7b4                temperature_set_auto_ctrl
 .text.tec_set_dir
                0x0800f850       0x64 ./Core/Temperature/temperature.o
                0x0800f850                tec_set_dir
 .text.LL_GPIO_SetOutputPin
                0x0800f8b4       0x1c ./Core/WDog/watchdog.o
 .text.LL_GPIO_ResetOutputPin
                0x0800f8d0       0x1e ./Core/WDog/watchdog.o
 *fill*         0x0800f8ee        0x2 
 .text.Ex_Watchdog_Init
                0x0800f8f0       0x18 ./Core/WDog/watchdog.o
                0x0800f8f0                Ex_Watchdog_Init
 .text.Ex_Watchdog_CreateTask
                0x0800f908       0x18 ./Core/WDog/watchdog.o
                0x0800f908                Ex_Watchdog_CreateTask
 .text.status_wdt_update
                0x0800f920       0x60 ./Core/WDog/watchdog.o
                0x0800f920                status_wdt_update
 .text.HAL_Init
                0x0800f980       0x44 ./Drivers/STM32F4xx_HAL_Driver/Src/stm32f4xx_hal.o
                0x0800f980                HAL_Init
 .text.HAL_InitTick
                0x0800f9c4       0x60 ./Drivers/STM32F4xx_HAL_Driver/Src/stm32f4xx_hal.o
                0x0800f9c4                HAL_InitTick
 .text.HAL_IncTick
                0x0800fa24       0x28 ./Drivers/STM32F4xx_HAL_Driver/Src/stm32f4xx_hal.o
                0x0800fa24                HAL_IncTick
 .text.HAL_GetTick
                0x0800fa4c       0x18 ./Drivers/STM32F4xx_HAL_Driver/Src/stm32f4xx_hal.o
                0x0800fa4c                HAL_GetTick
 .text.HAL_ADC_Init
                0x0800fa64       0x86 ./Drivers/STM32F4xx_HAL_Driver/Src/stm32f4xx_hal_adc.o
                0x0800fa64                HAL_ADC_Init
 *fill*         0x0800faea        0x2 
 .text.HAL_ADC_ConfigChannel
                0x0800faec      0x244 ./Drivers/STM32F4xx_HAL_Driver/Src/stm32f4xx_hal_adc.o
                0x0800faec                HAL_ADC_ConfigChannel
 .text.ADC_Init
                0x0800fd30      0x1f8 ./Drivers/STM32F4xx_HAL_Driver/Src/stm32f4xx_hal_adc.o
 .text.__NVIC_SetPriorityGrouping
                0x0800ff28       0x48 ./Drivers/STM32F4xx_HAL_Driver/Src/stm32f4xx_hal_cortex.o
 .text.__NVIC_GetPriorityGrouping
                0x0800ff70       0x1c ./Drivers/STM32F4xx_HAL_Driver/Src/stm32f4xx_hal_cortex.o
 .text.__NVIC_SetPriority
                0x0800ff8c       0x54 ./Drivers/STM32F4xx_HAL_Driver/Src/stm32f4xx_hal_cortex.o
 .text.NVIC_EncodePriority
                0x0800ffe0       0x66 ./Drivers/STM32F4xx_HAL_Driver/Src/stm32f4xx_hal_cortex.o
 *fill*         0x08010046        0x2 
 .text.SysTick_Config
                0x08010048       0x44 ./Drivers/STM32F4xx_HAL_Driver/Src/stm32f4xx_hal_cortex.o
 .text.HAL_NVIC_SetPriorityGrouping
                0x0801008c       0x16 ./Drivers/STM32F4xx_HAL_Driver/Src/stm32f4xx_hal_cortex.o
                0x0801008c                HAL_NVIC_SetPriorityGrouping
 .text.HAL_NVIC_SetPriority
                0x080100a2       0x38 ./Drivers/STM32F4xx_HAL_Driver/Src/stm32f4xx_hal_cortex.o
                0x080100a2                HAL_NVIC_SetPriority
 .text.HAL_SYSTICK_Config
                0x080100da       0x18 ./Drivers/STM32F4xx_HAL_Driver/Src/stm32f4xx_hal_cortex.o
                0x080100da                HAL_SYSTICK_Config
 *fill*         0x080100f2        0x2 
 .text.HAL_GPIO_Init
                0x080100f4      0x338 ./Drivers/STM32F4xx_HAL_Driver/Src/stm32f4xx_hal_gpio.o
                0x080100f4                HAL_GPIO_Init
 .text.HAL_SPI_Init
                0x0801042c      0x112 ./Drivers/STM32F4xx_HAL_Driver/Src/stm32f4xx_hal_spi.o
                0x0801042c                HAL_SPI_Init
 .text.HAL_SPI_Transmit
                0x0801053e      0x288 ./Drivers/STM32F4xx_HAL_Driver/Src/stm32f4xx_hal_spi.o
                0x0801053e                HAL_SPI_Transmit
 .text.HAL_SPI_Receive
                0x080107c6      0x232 ./Drivers/STM32F4xx_HAL_Driver/Src/stm32f4xx_hal_spi.o
                0x080107c6                HAL_SPI_Receive
 .text.HAL_SPI_TransmitReceive
                0x080109f8      0x352 ./Drivers/STM32F4xx_HAL_Driver/Src/stm32f4xx_hal_spi.o
                0x080109f8                HAL_SPI_TransmitReceive
 *fill*         0x08010d4a        0x2 
 .text.SPI_WaitFlagStateUntilTimeout
                0x08010d4c      0x110 ./Drivers/STM32F4xx_HAL_Driver/Src/stm32f4xx_hal_spi.o
 .text.SPI_EndRxTransaction
                0x08010e5c       0xca ./Drivers/STM32F4xx_HAL_Driver/Src/stm32f4xx_hal_spi.o
 *fill*         0x08010f26        0x2 
 .text.SPI_EndRxTxTransaction
                0x08010f28       0xa8 ./Drivers/STM32F4xx_HAL_Driver/Src/stm32f4xx_hal_spi.o
 .text.HAL_TIM_OC_Init
                0x08010fd0       0x9e ./Drivers/STM32F4xx_HAL_Driver/Src/stm32f4xx_hal_tim.o
                0x08010fd0                HAL_TIM_OC_Init
 *fill*         0x0801106e        0x2 
 .text.HAL_TIM_OC_ConfigChannel
                0x08011070       0xb8 ./Drivers/STM32F4xx_HAL_Driver/Src/stm32f4xx_hal_tim.o
                0x08011070                HAL_TIM_OC_ConfigChannel
 .text.TIM_Base_SetConfig
                0x08011128      0x158 ./Drivers/STM32F4xx_HAL_Driver/Src/stm32f4xx_hal_tim.o
                0x08011128                TIM_Base_SetConfig
 .text.TIM_OC1_SetConfig
                0x08011280       0xe0 ./Drivers/STM32F4xx_HAL_Driver/Src/stm32f4xx_hal_tim.o
 .text.TIM_OC2_SetConfig
                0x08011360       0xec ./Drivers/STM32F4xx_HAL_Driver/Src/stm32f4xx_hal_tim.o
                0x08011360                TIM_OC2_SetConfig
 .text.TIM_OC3_SetConfig
                0x0801144c       0xe8 ./Drivers/STM32F4xx_HAL_Driver/Src/stm32f4xx_hal_tim.o
 .text.TIM_OC4_SetConfig
                0x08011534       0xac ./Drivers/STM32F4xx_HAL_Driver/Src/stm32f4xx_hal_tim.o
 .text.HAL_TIMEx_MasterConfigSynchronization
                0x080115e0       0xf8 ./Drivers/STM32F4xx_HAL_Driver/Src/stm32f4xx_hal_tim_ex.o
                0x080115e0                HAL_TIMEx_MasterConfigSynchronization
 .text.LL_ADC_REG_SetSequencerLength
                0x080116d8       0x26 ./Drivers/STM32F4xx_HAL_Driver/Src/stm32f4xx_ll_adc.o
 .text.LL_ADC_IsEnabled
                0x080116fe       0x26 ./Drivers/STM32F4xx_HAL_Driver/Src/stm32f4xx_ll_adc.o
 .text.LL_ADC_CommonInit
                0x08011724       0x90 ./Drivers/STM32F4xx_HAL_Driver/Src/stm32f4xx_ll_adc.o
                0x08011724                LL_ADC_CommonInit
 .text.LL_ADC_Init
                0x080117b4       0x58 ./Drivers/STM32F4xx_HAL_Driver/Src/stm32f4xx_ll_adc.o
                0x080117b4                LL_ADC_Init
 .text.LL_ADC_REG_Init
                0x0801180c       0x84 ./Drivers/STM32F4xx_HAL_Driver/Src/stm32f4xx_ll_adc.o
                0x0801180c                LL_ADC_REG_Init
 .text.LL_GPIO_SetPinMode
                0x08011890       0x7a ./Drivers/STM32F4xx_HAL_Driver/Src/stm32f4xx_ll_gpio.o
 .text.LL_GPIO_SetPinOutputType
                0x0801190a       0x30 ./Drivers/STM32F4xx_HAL_Driver/Src/stm32f4xx_ll_gpio.o
 .text.LL_GPIO_SetPinSpeed
                0x0801193a       0x7a ./Drivers/STM32F4xx_HAL_Driver/Src/stm32f4xx_ll_gpio.o
 .text.LL_GPIO_SetPinPull
                0x080119b4       0x7a ./Drivers/STM32F4xx_HAL_Driver/Src/stm32f4xx_ll_gpio.o
 .text.LL_GPIO_SetAFPin_0_7
                0x08011a2e       0x7a ./Drivers/STM32F4xx_HAL_Driver/Src/stm32f4xx_ll_gpio.o
 .text.LL_GPIO_SetAFPin_8_15
                0x08011aa8       0x7e ./Drivers/STM32F4xx_HAL_Driver/Src/stm32f4xx_ll_gpio.o
 .text.LL_GPIO_Init
                0x08011b26      0x102 ./Drivers/STM32F4xx_HAL_Driver/Src/stm32f4xx_ll_gpio.o
                0x08011b26                LL_GPIO_Init
 .text.LL_I2C_Enable
                0x08011c28       0x20 ./Drivers/STM32F4xx_HAL_Driver/Src/stm32f4xx_ll_i2c.o
 .text.LL_I2C_Disable
                0x08011c48       0x20 ./Drivers/STM32F4xx_HAL_Driver/Src/stm32f4xx_ll_i2c.o
 .text.LL_I2C_SetOwnAddress1
                0x08011c68       0x30 ./Drivers/STM32F4xx_HAL_Driver/Src/stm32f4xx_ll_i2c.o
 .text.LL_I2C_ConfigSpeed
                0x08011c98      0x130 ./Drivers/STM32F4xx_HAL_Driver/Src/stm32f4xx_ll_i2c.o
 .text.LL_I2C_SetMode
                0x08011dc8       0x26 ./Drivers/STM32F4xx_HAL_Driver/Src/stm32f4xx_ll_i2c.o
 .text.LL_I2C_AcknowledgeNextData
                0x08011dee       0x26 ./Drivers/STM32F4xx_HAL_Driver/Src/stm32f4xx_ll_i2c.o
 .text.LL_APB1_GRP1_ForceReset
                0x08011e14       0x24 ./Drivers/STM32F4xx_HAL_Driver/Src/stm32f4xx_ll_i2c.o
 .text.LL_APB1_GRP1_ReleaseReset
                0x08011e38       0x28 ./Drivers/STM32F4xx_HAL_Driver/Src/stm32f4xx_ll_i2c.o
 .text.LL_I2C_DeInit
                0x08011e60       0x74 ./Drivers/STM32F4xx_HAL_Driver/Src/stm32f4xx_ll_i2c.o
                0x08011e60                LL_I2C_DeInit
 .text.LL_I2C_Init
                0x08011ed4       0x62 ./Drivers/STM32F4xx_HAL_Driver/Src/stm32f4xx_ll_i2c.o
                0x08011ed4                LL_I2C_Init
 *fill*         0x08011f36        0x2 
 .text.LL_RCC_GetSysClkSource
                0x08011f38       0x1c ./Drivers/STM32F4xx_HAL_Driver/Src/stm32f4xx_ll_rcc.o
 .text.LL_RCC_GetAHBPrescaler
                0x08011f54       0x1c ./Drivers/STM32F4xx_HAL_Driver/Src/stm32f4xx_ll_rcc.o
 .text.LL_RCC_GetAPB1Prescaler
                0x08011f70       0x1c ./Drivers/STM32F4xx_HAL_Driver/Src/stm32f4xx_ll_rcc.o
 .text.LL_RCC_GetAPB2Prescaler
                0x08011f8c       0x1c ./Drivers/STM32F4xx_HAL_Driver/Src/stm32f4xx_ll_rcc.o
 .text.LL_RCC_PLL_GetMainSource
                0x08011fa8       0x1c ./Drivers/STM32F4xx_HAL_Driver/Src/stm32f4xx_ll_rcc.o
 .text.LL_RCC_PLL_GetN
                0x08011fc4       0x1c ./Drivers/STM32F4xx_HAL_Driver/Src/stm32f4xx_ll_rcc.o
 .text.LL_RCC_PLL_GetP
                0x08011fe0       0x1c ./Drivers/STM32F4xx_HAL_Driver/Src/stm32f4xx_ll_rcc.o
 .text.LL_RCC_PLL_GetDivider
                0x08011ffc       0x1c ./Drivers/STM32F4xx_HAL_Driver/Src/stm32f4xx_ll_rcc.o
 .text.LL_RCC_GetSystemClocksFreq
                0x08012018       0x4a ./Drivers/STM32F4xx_HAL_Driver/Src/stm32f4xx_ll_rcc.o
                0x08012018                LL_RCC_GetSystemClocksFreq
 *fill*         0x08012062        0x2 
 .text.RCC_GetSystemClockFreq
                0x08012064       0x50 ./Drivers/STM32F4xx_HAL_Driver/Src/stm32f4xx_ll_rcc.o
                0x08012064                RCC_GetSystemClockFreq
 .text.RCC_GetHCLKClockFreq
                0x080120b4       0x2c ./Drivers/STM32F4xx_HAL_Driver/Src/stm32f4xx_ll_rcc.o
                0x080120b4                RCC_GetHCLKClockFreq
 .text.RCC_GetPCLK1ClockFreq
                0x080120e0       0x28 ./Drivers/STM32F4xx_HAL_Driver/Src/stm32f4xx_ll_rcc.o
                0x080120e0                RCC_GetPCLK1ClockFreq
 .text.RCC_GetPCLK2ClockFreq
                0x08012108       0x28 ./Drivers/STM32F4xx_HAL_Driver/Src/stm32f4xx_ll_rcc.o
                0x08012108                RCC_GetPCLK2ClockFreq
 .text.RCC_PLL_GetFreqDomain_SYS
                0x08012130       0x7c ./Drivers/STM32F4xx_HAL_Driver/Src/stm32f4xx_ll_rcc.o
                0x08012130                RCC_PLL_GetFreqDomain_SYS
 .text.LL_SPI_IsEnabled
                0x080121ac       0x26 ./Drivers/STM32F4xx_HAL_Driver/Src/stm32f4xx_ll_spi.o
 .text.LL_SPI_SetCRCPolynomial
                0x080121d2       0x20 ./Drivers/STM32F4xx_HAL_Driver/Src/stm32f4xx_ll_spi.o
 .text.LL_SPI_Init
                0x080121f2       0xa4 ./Drivers/STM32F4xx_HAL_Driver/Src/stm32f4xx_ll_spi.o
                0x080121f2                LL_SPI_Init
 .text.LL_TIM_SetPrescaler
                0x08012296       0x1c ./Drivers/STM32F4xx_HAL_Driver/Src/stm32f4xx_ll_tim.o
 .text.LL_TIM_SetAutoReload
                0x080122b2       0x1c ./Drivers/STM32F4xx_HAL_Driver/Src/stm32f4xx_ll_tim.o
 .text.LL_TIM_SetRepetitionCounter
                0x080122ce       0x1c ./Drivers/STM32F4xx_HAL_Driver/Src/stm32f4xx_ll_tim.o
 .text.LL_TIM_OC_SetCompareCH1
                0x080122ea       0x1c ./Drivers/STM32F4xx_HAL_Driver/Src/stm32f4xx_ll_tim.o
 .text.LL_TIM_OC_SetCompareCH2
                0x08012306       0x1c ./Drivers/STM32F4xx_HAL_Driver/Src/stm32f4xx_ll_tim.o
 .text.LL_TIM_OC_SetCompareCH3
                0x08012322       0x1c ./Drivers/STM32F4xx_HAL_Driver/Src/stm32f4xx_ll_tim.o
 .text.LL_TIM_OC_SetCompareCH4
                0x0801233e       0x1c ./Drivers/STM32F4xx_HAL_Driver/Src/stm32f4xx_ll_tim.o
 .text.LL_TIM_GenerateEvent_UPDATE
                0x0801235a       0x20 ./Drivers/STM32F4xx_HAL_Driver/Src/stm32f4xx_ll_tim.o
 *fill*         0x0801237a        0x2 
 .text.LL_TIM_Init
                0x0801237c      0x134 ./Drivers/STM32F4xx_HAL_Driver/Src/stm32f4xx_ll_tim.o
                0x0801237c                LL_TIM_Init
 .text.LL_TIM_OC_Init
                0x080124b0       0x82 ./Drivers/STM32F4xx_HAL_Driver/Src/stm32f4xx_ll_tim.o
                0x080124b0                LL_TIM_OC_Init
 .text.LL_TIM_BDTR_Init
                0x08012532       0x84 ./Drivers/STM32F4xx_HAL_Driver/Src/stm32f4xx_ll_tim.o
                0x08012532                LL_TIM_BDTR_Init
 *fill*         0x080125b6        0x2 
 .text.OC1Config
                0x080125b8       0xd8 ./Drivers/STM32F4xx_HAL_Driver/Src/stm32f4xx_ll_tim.o
 .text.OC2Config
                0x08012690       0xe0 ./Drivers/STM32F4xx_HAL_Driver/Src/stm32f4xx_ll_tim.o
 .text.OC3Config
                0x08012770       0xe0 ./Drivers/STM32F4xx_HAL_Driver/Src/stm32f4xx_ll_tim.o
 .text.OC4Config
                0x08012850       0xb0 ./Drivers/STM32F4xx_HAL_Driver/Src/stm32f4xx_ll_tim.o
 .text.LL_USART_IsEnabled
                0x08012900       0x28 ./Drivers/STM32F4xx_HAL_Driver/Src/stm32f4xx_ll_usart.o
 .text.LL_USART_SetStopBitsLength
                0x08012928       0x26 ./Drivers/STM32F4xx_HAL_Driver/Src/stm32f4xx_ll_usart.o
 .text.LL_USART_SetHWFlowCtrl
                0x0801294e       0x26 ./Drivers/STM32F4xx_HAL_Driver/Src/stm32f4xx_ll_usart.o
 .text.LL_USART_SetBaudRate
                0x08012974      0x45c ./Drivers/STM32F4xx_HAL_Driver/Src/stm32f4xx_ll_usart.o
 .text.LL_USART_Init
                0x08012dd0      0x100 ./Drivers/STM32F4xx_HAL_Driver/Src/stm32f4xx_ll_usart.o
                0x08012dd0                LL_USART_Init
 .text.LL_mDelay
                0x08012ed0       0x4c ./Drivers/STM32F4xx_HAL_Driver/Src/stm32f4xx_ll_utils.o
                0x08012ed0                LL_mDelay
 .text.LL_SetSystemCoreClock
                0x08012f1c       0x20 ./Drivers/STM32F4xx_HAL_Driver/Src/stm32f4xx_ll_utils.o
                0x08012f1c                LL_SetSystemCoreClock
 .text.SCH_Initialize
                0x08012f3c       0x54 ./Scheduler/scheduler.o
                0x08012f3c                SCH_Initialize
 .text.SCH_TIM_Start
                0x08012f90       0x2c ./Scheduler/scheduler.o
                0x08012f90                SCH_TIM_Start
 .text.SCH_TIM_HasCompleted
                0x08012fbc       0x2c ./Scheduler/scheduler.o
                0x08012fbc                SCH_TIM_HasCompleted
 .text.SCH_TASK_CreateTask
                0x08012fe8       0x80 ./Scheduler/scheduler.o
                0x08012fe8                SCH_TASK_CreateTask
 .text.SCH_RunSystemTickTimer
                0x08013068      0x128 ./Scheduler/scheduler.o
                0x08013068                SCH_RunSystemTickTimer
 .text.SCH_StartSchedular
                0x08013190        0xc ./Scheduler/scheduler.o
                0x08013190                SCH_StartSchedular
 .text.SCH_HandleScheduledTask
                0x0801319c       0xb4 ./Scheduler/scheduler.o
                0x0801319c                SCH_HandleScheduledTask
 .text.atoi     0x08013250        0x8 C:/ST/STM32CubeIDE_1.18.0/STM32CubeIDE/plugins/com.st.stm32cube.ide.mcu.externaltools.gnu-tools-for-stm32.13.3.rel1.win32_1.0.0.202411081344/tools/bin/../lib/gcc/arm-none-eabi/13.3.1/../../../../arm-none-eabi/lib/thumb/v7e-m+fp/hard\libc_nano.a(libc_a-atoi.o)
                0x08013250                atoi
 .text._strtol_l.isra.0
                0x08013258       0xf4 C:/ST/STM32CubeIDE_1.18.0/STM32CubeIDE/plugins/com.st.stm32cube.ide.mcu.externaltools.gnu-tools-for-stm32.13.3.rel1.win32_1.0.0.202411081344/tools/bin/../lib/gcc/arm-none-eabi/13.3.1/../../../../arm-none-eabi/lib/thumb/v7e-m+fp/hard\libc_nano.a(libc_a-strtol.o)
 .text.strtol   0x0801334c       0x14 C:/ST/STM32CubeIDE_1.18.0/STM32CubeIDE/plugins/com.st.stm32cube.ide.mcu.externaltools.gnu-tools-for-stm32.13.3.rel1.win32_1.0.0.202411081344/tools/bin/../lib/gcc/arm-none-eabi/13.3.1/../../../../arm-none-eabi/lib/thumb/v7e-m+fp/hard\libc_nano.a(libc_a-strtol.o)
                0x0801334c                strtol
 .text.snprintf
                0x08013360       0x6c C:/ST/STM32CubeIDE_1.18.0/STM32CubeIDE/plugins/com.st.stm32cube.ide.mcu.externaltools.gnu-tools-for-stm32.13.3.rel1.win32_1.0.0.202411081344/tools/bin/../lib/gcc/arm-none-eabi/13.3.1/../../../../arm-none-eabi/lib/thumb/v7e-m+fp/hard\libc_nano.a(libc_a-snprintf.o)
                0x08013360                sniprintf
                0x08013360                snprintf
 .text.memset   0x080133cc       0x10 C:/ST/STM32CubeIDE_1.18.0/STM32CubeIDE/plugins/com.st.stm32cube.ide.mcu.externaltools.gnu-tools-for-stm32.13.3.rel1.win32_1.0.0.202411081344/tools/bin/../lib/gcc/arm-none-eabi/13.3.1/../../../../arm-none-eabi/lib/thumb/v7e-m+fp/hard\libc_nano.a(libc_a-memset.o)
                0x080133cc                memset
 .text.__errno  0x080133dc        0xc C:/ST/STM32CubeIDE_1.18.0/STM32CubeIDE/plugins/com.st.stm32cube.ide.mcu.externaltools.gnu-tools-for-stm32.13.3.rel1.win32_1.0.0.202411081344/tools/bin/../lib/gcc/arm-none-eabi/13.3.1/../../../../arm-none-eabi/lib/thumb/v7e-m+fp/hard\libc_nano.a(libc_a-errno.o)
                0x080133dc                __errno
 .text.__libc_init_array
                0x080133e8       0x48 C:/ST/STM32CubeIDE_1.18.0/STM32CubeIDE/plugins/com.st.stm32cube.ide.mcu.externaltools.gnu-tools-for-stm32.13.3.rel1.win32_1.0.0.202411081344/tools/bin/../lib/gcc/arm-none-eabi/13.3.1/../../../../arm-none-eabi/lib/thumb/v7e-m+fp/hard\libc_nano.a(libc_a-init.o)
                0x080133e8                __libc_init_array
 .text.__retarget_lock_acquire_recursive
                0x08013430        0x2 C:/ST/STM32CubeIDE_1.18.0/STM32CubeIDE/plugins/com.st.stm32cube.ide.mcu.externaltools.gnu-tools-for-stm32.13.3.rel1.win32_1.0.0.202411081344/tools/bin/../lib/gcc/arm-none-eabi/13.3.1/../../../../arm-none-eabi/lib/thumb/v7e-m+fp/hard\libc_nano.a(libc_a-lock.o)
                0x08013430                __retarget_lock_acquire_recursive
 .text.__retarget_lock_release_recursive
                0x08013432        0x2 C:/ST/STM32CubeIDE_1.18.0/STM32CubeIDE/plugins/com.st.stm32cube.ide.mcu.externaltools.gnu-tools-for-stm32.13.3.rel1.win32_1.0.0.202411081344/tools/bin/../lib/gcc/arm-none-eabi/13.3.1/../../../../arm-none-eabi/lib/thumb/v7e-m+fp/hard\libc_nano.a(libc_a-lock.o)
                0x08013432                __retarget_lock_release_recursive
 .text.strcpy   0x08013434       0x10 C:/ST/STM32CubeIDE_1.18.0/STM32CubeIDE/plugins/com.st.stm32cube.ide.mcu.externaltools.gnu-tools-for-stm32.13.3.rel1.win32_1.0.0.202411081344/tools/bin/../lib/gcc/arm-none-eabi/13.3.1/../../../../arm-none-eabi/lib/thumb/v7e-m+fp/hard\libc_nano.a(libc_a-strcpy.o)
                0x08013434                strcpy
 .text._free_r  0x08013444       0x94 C:/ST/STM32CubeIDE_1.18.0/STM32CubeIDE/plugins/com.st.stm32cube.ide.mcu.externaltools.gnu-tools-for-stm32.13.3.rel1.win32_1.0.0.202411081344/tools/bin/../lib/gcc/arm-none-eabi/13.3.1/../../../../arm-none-eabi/lib/thumb/v7e-m+fp/hard\libc_nano.a(libc_a-freer.o)
                0x08013444                _free_r
 .text.sbrk_aligned
                0x080134d8       0x44 C:/ST/STM32CubeIDE_1.18.0/STM32CubeIDE/plugins/com.st.stm32cube.ide.mcu.externaltools.gnu-tools-for-stm32.13.3.rel1.win32_1.0.0.202411081344/tools/bin/../lib/gcc/arm-none-eabi/13.3.1/../../../../arm-none-eabi/lib/thumb/v7e-m+fp/hard\libc_nano.a(libc_a-mallocr.o)
 .text._malloc_r
                0x0801351c      0x100 C:/ST/STM32CubeIDE_1.18.0/STM32CubeIDE/plugins/com.st.stm32cube.ide.mcu.externaltools.gnu-tools-for-stm32.13.3.rel1.win32_1.0.0.202411081344/tools/bin/../lib/gcc/arm-none-eabi/13.3.1/../../../../arm-none-eabi/lib/thumb/v7e-m+fp/hard\libc_nano.a(libc_a-mallocr.o)
                0x0801351c                _malloc_r
 .text.__malloc_lock
                0x0801361c        0xc C:/ST/STM32CubeIDE_1.18.0/STM32CubeIDE/plugins/com.st.stm32cube.ide.mcu.externaltools.gnu-tools-for-stm32.13.3.rel1.win32_1.0.0.202411081344/tools/bin/../lib/gcc/arm-none-eabi/13.3.1/../../../../arm-none-eabi/lib/thumb/v7e-m+fp/hard\libc_nano.a(libc_a-mlock.o)
                0x0801361c                __malloc_lock
 .text.__malloc_unlock
                0x08013628        0xc C:/ST/STM32CubeIDE_1.18.0/STM32CubeIDE/plugins/com.st.stm32cube.ide.mcu.externaltools.gnu-tools-for-stm32.13.3.rel1.win32_1.0.0.202411081344/tools/bin/../lib/gcc/arm-none-eabi/13.3.1/../../../../arm-none-eabi/lib/thumb/v7e-m+fp/hard\libc_nano.a(libc_a-mlock.o)
                0x08013628                __malloc_unlock
 .text.__ssputs_r
                0x08013634       0xb6 C:/ST/STM32CubeIDE_1.18.0/STM32CubeIDE/plugins/com.st.stm32cube.ide.mcu.externaltools.gnu-tools-for-stm32.13.3.rel1.win32_1.0.0.202411081344/tools/bin/../lib/gcc/arm-none-eabi/13.3.1/../../../../arm-none-eabi/lib/thumb/v7e-m+fp/hard\libc_nano.a(libc_a-nano-svfprintf.o)
                0x08013634                __ssputs_r
 *fill*         0x080136ea        0x2 
 .text._svfprintf_r
                0x080136ec      0x1f8 C:/ST/STM32CubeIDE_1.18.0/STM32CubeIDE/plugins/com.st.stm32cube.ide.mcu.externaltools.gnu-tools-for-stm32.13.3.rel1.win32_1.0.0.202411081344/tools/bin/../lib/gcc/arm-none-eabi/13.3.1/../../../../arm-none-eabi/lib/thumb/v7e-m+fp/hard\libc_nano.a(libc_a-nano-svfprintf.o)
                0x080136ec                _svfiprintf_r
                0x080136ec                _svfprintf_r
 .text._printf_common
                0x080138e4       0xda C:/ST/STM32CubeIDE_1.18.0/STM32CubeIDE/plugins/com.st.stm32cube.ide.mcu.externaltools.gnu-tools-for-stm32.13.3.rel1.win32_1.0.0.202411081344/tools/bin/../lib/gcc/arm-none-eabi/13.3.1/../../../../arm-none-eabi/lib/thumb/v7e-m+fp/hard\libc_nano.a(libc_a-nano-vfprintf_i.o)
                0x080138e4                _printf_common
 *fill*         0x080139be        0x2 
 .text._printf_i
                0x080139c0      0x23c C:/ST/STM32CubeIDE_1.18.0/STM32CubeIDE/plugins/com.st.stm32cube.ide.mcu.externaltools.gnu-tools-for-stm32.13.3.rel1.win32_1.0.0.202411081344/tools/bin/../lib/gcc/arm-none-eabi/13.3.1/../../../../arm-none-eabi/lib/thumb/v7e-m+fp/hard\libc_nano.a(libc_a-nano-vfprintf_i.o)
                0x080139c0                _printf_i
 .text.memmove  0x08013bfc       0x34 C:/ST/STM32CubeIDE_1.18.0/STM32CubeIDE/plugins/com.st.stm32cube.ide.mcu.externaltools.gnu-tools-for-stm32.13.3.rel1.win32_1.0.0.202411081344/tools/bin/../lib/gcc/arm-none-eabi/13.3.1/../../../../arm-none-eabi/lib/thumb/v7e-m+fp/hard\libc_nano.a(libc_a-memmove.o)
                0x08013bfc                memmove
 .text._sbrk_r  0x08013c30       0x20 C:/ST/STM32CubeIDE_1.18.0/STM32CubeIDE/plugins/com.st.stm32cube.ide.mcu.externaltools.gnu-tools-for-stm32.13.3.rel1.win32_1.0.0.202411081344/tools/bin/../lib/gcc/arm-none-eabi/13.3.1/../../../../arm-none-eabi/lib/thumb/v7e-m+fp/hard\libc_nano.a(libc_a-sbrkr.o)
                0x08013c30                _sbrk_r
 .text.memcpy   0x08013c50       0x1c C:/ST/STM32CubeIDE_1.18.0/STM32CubeIDE/plugins/com.st.stm32cube.ide.mcu.externaltools.gnu-tools-for-stm32.13.3.rel1.win32_1.0.0.202411081344/tools/bin/../lib/gcc/arm-none-eabi/13.3.1/../../../../arm-none-eabi/lib/thumb/v7e-m+fp/hard\libc_nano.a(libc_a-memcpy-stub.o)
                0x08013c50                memcpy
 .text._realloc_r
                0x08013c6c       0x5c C:/ST/STM32CubeIDE_1.18.0/STM32CubeIDE/plugins/com.st.stm32cube.ide.mcu.externaltools.gnu-tools-for-stm32.13.3.rel1.win32_1.0.0.202411081344/tools/bin/../lib/gcc/arm-none-eabi/13.3.1/../../../../arm-none-eabi/lib/thumb/v7e-m+fp/hard\libc_nano.a(libc_a-reallocr.o)
                0x08013c6c                _realloc_r
 .text._malloc_usable_size_r
                0x08013cc8       0x10 C:/ST/STM32CubeIDE_1.18.0/STM32CubeIDE/plugins/com.st.stm32cube.ide.mcu.externaltools.gnu-tools-for-stm32.13.3.rel1.win32_1.0.0.202411081344/tools/bin/../lib/gcc/arm-none-eabi/13.3.1/../../../../arm-none-eabi/lib/thumb/v7e-m+fp/hard\libc_nano.a(libc_a-msizer.o)
                0x08013cc8                _malloc_usable_size_r
 *(.glue_7)
 .glue_7        0x08013cd8        0x0 linker stubs
 *(.glue_7t)
 .glue_7t       0x08013cd8        0x0 linker stubs
 *(.eh_frame)
 .eh_frame      0x08013cd8        0x0 C:/ST/STM32CubeIDE_1.18.0/STM32CubeIDE/plugins/com.st.stm32cube.ide.mcu.externaltools.gnu-tools-for-stm32.13.3.rel1.win32_1.0.0.202411081344/tools/bin/../lib/gcc/arm-none-eabi/13.3.1/thumb/v7e-m+fp/hard/crtbegin.o
 *(.init)
 .init          0x08013cd8        0x4 C:/ST/STM32CubeIDE_1.18.0/STM32CubeIDE/plugins/com.st.stm32cube.ide.mcu.externaltools.gnu-tools-for-stm32.13.3.rel1.win32_1.0.0.202411081344/tools/bin/../lib/gcc/arm-none-eabi/13.3.1/thumb/v7e-m+fp/hard/crti.o
                0x08013cd8                _init
 .init          0x08013cdc        0x8 C:/ST/STM32CubeIDE_1.18.0/STM32CubeIDE/plugins/com.st.stm32cube.ide.mcu.externaltools.gnu-tools-for-stm32.13.3.rel1.win32_1.0.0.202411081344/tools/bin/../lib/gcc/arm-none-eabi/13.3.1/thumb/v7e-m+fp/hard/crtn.o
 *(.fini)
 .fini          0x08013ce4        0x4 C:/ST/STM32CubeIDE_1.18.0/STM32CubeIDE/plugins/com.st.stm32cube.ide.mcu.externaltools.gnu-tools-for-stm32.13.3.rel1.win32_1.0.0.202411081344/tools/bin/../lib/gcc/arm-none-eabi/13.3.1/thumb/v7e-m+fp/hard/crti.o
                0x08013ce4                _fini
 .fini          0x08013ce8        0x8 C:/ST/STM32CubeIDE_1.18.0/STM32CubeIDE/plugins/com.st.stm32cube.ide.mcu.externaltools.gnu-tools-for-stm32.13.3.rel1.win32_1.0.0.202411081344/tools/bin/../lib/gcc/arm-none-eabi/13.3.1/thumb/v7e-m+fp/hard/crtn.o
                0x08013cf0                        . = ALIGN (0x4)
                0x08013cf0                        _etext = .

.vfp11_veneer   0x08013cf0        0x0
 .vfp11_veneer  0x08013cf0        0x0 linker stubs

.v4_bx          0x08013cf0        0x0
 .v4_bx         0x08013cf0        0x0 linker stubs

.iplt           0x08013cf0        0x0
 .iplt          0x08013cf0        0x0 C:/ST/STM32CubeIDE_1.18.0/STM32CubeIDE/plugins/com.st.stm32cube.ide.mcu.externaltools.gnu-tools-for-stm32.13.3.rel1.win32_1.0.0.202411081344/tools/bin/../lib/gcc/arm-none-eabi/13.3.1/thumb/v7e-m+fp/hard/crtbegin.o

.rodata         0x08013cf0     0x1e04
                0x08013cf0                        . = ALIGN (0x4)
 *(.rodata)
 .rodata        0x08013cf0       0x97 ./BSP/I2C_Slave/i2c_slave.o
 *fill*         0x08013d87        0x1 
 .rodata        0x08013d88     0x1b23 ./Core/CMDLine/command.o
 *fill*         0x080158ab        0x1 
 .rodata        0x080158ac       0xc4 ./Core/Devices/Auto_run/auto_run.o
 .rodata        0x08015970        0xa ./Core/Devices/LT8722/lt8722.o
 *(.rodata*)
 *fill*         0x0801597a        0x2 
 .rodata.daysInMonth.0
                0x0801597c        0xc ./Core/Devices/DateTime/date_time.o
 .rodata.STREAM_OFFSET_TAB
                0x08015988        0x8 ./Core/Devices/NTC/ntc.o
 .rodata.STREAM_OFFSET_TAB
                0x08015990        0x8 ./Core/Src/main.o
 .rodata.OFFSET_TAB_CCMRx
                0x08015998        0x7 ./Core/Src/main.o
 *fill*         0x0801599f        0x1 
 .rodata.SHIFT_TAB_OCxx
                0x080159a0        0x7 ./Core/Src/main.o
 *fill*         0x080159a7        0x1 
 .rodata.AHBPrescTable
                0x080159a8       0x10 ./Core/Src/system_stm32f4xx.o
                0x080159a8                AHBPrescTable
 .rodata.APBPrescTable
                0x080159b8        0x8 ./Core/Src/system_stm32f4xx.o
                0x080159b8                APBPrescTable
 .rodata._ctype_
                0x080159c0      0x101 C:/ST/STM32CubeIDE_1.18.0/STM32CubeIDE/plugins/com.st.stm32cube.ide.mcu.externaltools.gnu-tools-for-stm32.13.3.rel1.win32_1.0.0.202411081344/tools/bin/../lib/gcc/arm-none-eabi/13.3.1/../../../../arm-none-eabi/lib/thumb/v7e-m+fp/hard\libc_nano.a(libc_a-ctype_.o)
                0x080159c0                _ctype_
 .rodata._svfprintf_r.str1.1
                0x08015ac1       0x33 C:/ST/STM32CubeIDE_1.18.0/STM32CubeIDE/plugins/com.st.stm32cube.ide.mcu.externaltools.gnu-tools-for-stm32.13.3.rel1.win32_1.0.0.202411081344/tools/bin/../lib/gcc/arm-none-eabi/13.3.1/../../../../arm-none-eabi/lib/thumb/v7e-m+fp/hard\libc_nano.a(libc_a-nano-svfprintf.o)
                                 0x11 (size before relaxing)
 .rodata._printf_i.str1.1
                0x08015af4       0x22 C:/ST/STM32CubeIDE_1.18.0/STM32CubeIDE/plugins/com.st.stm32cube.ide.mcu.externaltools.gnu-tools-for-stm32.13.3.rel1.win32_1.0.0.202411081344/tools/bin/../lib/gcc/arm-none-eabi/13.3.1/../../../../arm-none-eabi/lib/thumb/v7e-m+fp/hard\libc_nano.a(libc_a-nano-vfprintf_i.o)
                0x08015b18                        . = ALIGN (0x4)

.ARM.extab      0x08015af4        0x0
                0x08015af4                        . = ALIGN (0x4)
 *(.ARM.extab* .gnu.linkonce.armextab.*)
                0x08015af4                        . = ALIGN (0x4)

.ARM            0x08015af4        0x8
                0x08015af4                        . = ALIGN (0x4)
                0x08015af4                        __exidx_start = .
 *(.ARM.exidx*)
 .ARM.exidx     0x08015af4        0x8 C:/ST/STM32CubeIDE_1.18.0/STM32CubeIDE/plugins/com.st.stm32cube.ide.mcu.externaltools.gnu-tools-for-stm32.13.3.rel1.win32_1.0.0.202411081344/tools/bin/../lib/gcc/arm-none-eabi/13.3.1/../../../../arm-none-eabi/lib/thumb/v7e-m+fp/hard\libc_nano.a(libc_a-strcmp.o)
 .ARM.exidx     0x08015afc        0x0 C:/ST/STM32CubeIDE_1.18.0/STM32CubeIDE/plugins/com.st.stm32cube.ide.mcu.externaltools.gnu-tools-for-stm32.13.3.rel1.win32_1.0.0.202411081344/tools/bin/../lib/gcc/arm-none-eabi/13.3.1/../../../../arm-none-eabi/lib/thumb/v7e-m+fp/hard\libc_nano.a(libc_a-strlen.o)
                                  0x8 (size before relaxing)
 .ARM.exidx     0x08015afc        0x0 C:/ST/STM32CubeIDE_1.18.0/STM32CubeIDE/plugins/com.st.stm32cube.ide.mcu.externaltools.gnu-tools-for-stm32.13.3.rel1.win32_1.0.0.202411081344/tools/bin/../lib/gcc/arm-none-eabi/13.3.1/../../../../arm-none-eabi/lib/thumb/v7e-m+fp/hard\libc_nano.a(libc_a-memchr.o)
                                  0x8 (size before relaxing)
 .ARM.exidx     0x08015afc        0x0 C:/ST/STM32CubeIDE_1.18.0/STM32CubeIDE/plugins/com.st.stm32cube.ide.mcu.externaltools.gnu-tools-for-stm32.13.3.rel1.win32_1.0.0.202411081344/tools/bin/../lib/gcc/arm-none-eabi/13.3.1/thumb/v7e-m+fp/hard\libgcc.a(_udivmoddi4.o)
                                  0x8 (size before relaxing)
                0x08015afc                        __exidx_end = .
                0x08015afc                        . = ALIGN (0x4)

.preinit_array  0x08015afc        0x0
                0x08015afc                        . = ALIGN (0x4)
                0x08015afc                        PROVIDE (__preinit_array_start = .)
 *(.preinit_array*)
                0x08015afc                        PROVIDE (__preinit_array_end = .)
                0x08015afc                        . = ALIGN (0x4)

.init_array     0x08015afc        0x4
                0x08015afc                        . = ALIGN (0x4)
                0x08015afc                        PROVIDE (__init_array_start = .)
 *(SORT_BY_NAME(.init_array.*))
 *(.init_array*)
 .init_array    0x08015afc        0x4 C:/ST/STM32CubeIDE_1.18.0/STM32CubeIDE/plugins/com.st.stm32cube.ide.mcu.externaltools.gnu-tools-for-stm32.13.3.rel1.win32_1.0.0.202411081344/tools/bin/../lib/gcc/arm-none-eabi/13.3.1/thumb/v7e-m+fp/hard/crtbegin.o
                0x08015b00                        PROVIDE (__init_array_end = .)
                0x08015b00                        . = ALIGN (0x4)

.fini_array     0x08015b00        0x4
                0x08015b00                        . = ALIGN (0x4)
                [!provide]                        PROVIDE (__fini_array_start = .)
 *(SORT_BY_NAME(.fini_array.*))
 *(.fini_array*)
 .fini_array    0x08015b00        0x4 C:/ST/STM32CubeIDE_1.18.0/STM32CubeIDE/plugins/com.st.stm32cube.ide.mcu.externaltools.gnu-tools-for-stm32.13.3.rel1.win32_1.0.0.202411081344/tools/bin/../lib/gcc/arm-none-eabi/13.3.1/thumb/v7e-m+fp/hard/crtbegin.o
                [!provide]                        PROVIDE (__fini_array_end = .)
                0x08015b04                        . = ALIGN (0x4)
                0x08015b04                        _sidata = LOADADDR (.data)

.rel.dyn        0x08015b04        0x0
 .rel.iplt      0x08015b04        0x0 C:/ST/STM32CubeIDE_1.18.0/STM32CubeIDE/plugins/com.st.stm32cube.ide.mcu.externaltools.gnu-tools-for-stm32.13.3.rel1.win32_1.0.0.202411081344/tools/bin/../lib/gcc/arm-none-eabi/13.3.1/thumb/v7e-m+fp/hard/crtbegin.o

.data           0x20000000     0x2404 load address 0x08015b04
                0x20000000                        . = ALIGN (0x4)
                0x20000000                        _sdata = .
 *(.data)
 *(.data*)
 .data.usart_buffers
                0x20000000       0x48 ./BSP/UART/uart.o
                0x20000000                usart_buffers
 .data.ErrorCode
                0x20000048       0x18 ./Core/CMDLine/command.o
                0x20000048                ErrorCode
 .data.g_psCmdTable
                0x20000060      0x1a4 ./Core/CMDLine/command.o
                0x20000060                g_psCmdTable
 .data.s_CommandTaskContext
                0x20000204       0x14 ./Core/CMDLine/command.o
 .data.s_auto_runTaskContext
                0x20000218       0x14 ./Core/Devices/Auto_run/auto_run.o
 .data.pair_slot
                0x2000022c        0x1 ./Core/Devices/Auto_run/auto_run.o
                0x2000022c                pair_slot
 .data.current_column
                0x2000022d        0x1 ./Core/Devices/Auto_run/auto_run.o
                0x2000022d                current_column
 .data.current_row
                0x2000022e        0x1 ./Core/Devices/Auto_run/auto_run.o
                0x2000022e                current_row
 .data.first_time
                0x2000022f        0x1 ./Core/Devices/Auto_run/auto_run.o
                0x2000022f                first_time
 .data.first_rest
                0x20000230        0x1 ./Core/Devices/Auto_run/auto_run.o
                0x20000230                first_rest
 *fill*         0x20000231        0x3 
 .data.s_RealTimeClock_context
                0x20000234        0x6 ./Core/Devices/DateTime/date_time.o
 *fill*         0x2000023a        0x2 
 .data.s_SoftTime_task_context
                0x2000023c       0x18 ./Core/Devices/DateTime/date_time.o
 .data.lt8722_regs
                0x20000254       0x60 ./Core/Devices/LT8722/lt8722.o
                0x20000254                lt8722_regs
 .data.cs_port  0x200002b4       0x10 ./Core/Devices/LT8722/lt8722.o
                0x200002b4                cs_port
 .data.cs_pin   0x200002c4       0x10 ./Core/Devices/LT8722/lt8722.o
                0x200002c4                cs_pin
 .data.en_port  0x200002d4       0x10 ./Core/Devices/LT8722/lt8722.o
                0x200002d4                en_port
 .data.en_pin   0x200002e4       0x10 ./Core/Devices/LT8722/lt8722.o
                0x200002e4                en_pin
 .data.swen_port
                0x200002f4       0x10 ./Core/Devices/LT8722/lt8722.o
                0x200002f4                swen_port
 .data.swen_pin
                0x20000304       0x10 ./Core/Devices/LT8722/lt8722.o
                0x20000304                swen_pin
 .data.NTC_table
                0x20000314     0x2000 ./Core/Devices/NTC/ntc.o
                0x20000314                NTC_table
 .data.s_task_context
                0x20002314       0x18 ./Core/LED/status_led.o
 .data.SystemCoreClock
                0x2000232c        0x4 ./Core/Src/system_stm32f4xx.o
                0x2000232c                SystemCoreClock
 .data.temp_task_context
                0x20002330       0x18 ./Core/Temperature/temperature.o
 .data.s_Temperature_CurrentState
                0x20002348       0x50 ./Core/Temperature/temperature.o
                0x20002348                s_Temperature_CurrentState
 .data.wdt_task_context
                0x20002398       0x14 ./Core/WDog/watchdog.o
 .data.uwTickPrio
                0x200023ac        0x4 ./Drivers/STM32F4xx_HAL_Driver/Src/stm32f4xx_hal.o
                0x200023ac                uwTickPrio
 .data.uwTickFreq
                0x200023b0        0x1 ./Drivers/STM32F4xx_HAL_Driver/Src/stm32f4xx_hal.o
                0x200023b0                uwTickFreq
 *fill*         0x200023b1        0x3 
 .data._impure_ptr
                0x200023b4        0x4 C:/ST/STM32CubeIDE_1.18.0/STM32CubeIDE/plugins/com.st.stm32cube.ide.mcu.externaltools.gnu-tools-for-stm32.13.3.rel1.win32_1.0.0.202411081344/tools/bin/../lib/gcc/arm-none-eabi/13.3.1/../../../../arm-none-eabi/lib/thumb/v7e-m+fp/hard\libc_nano.a(libc_a-impure.o)
                0x200023b4                _impure_ptr
 .data._impure_data
                0x200023b8       0x4c C:/ST/STM32CubeIDE_1.18.0/STM32CubeIDE/plugins/com.st.stm32cube.ide.mcu.externaltools.gnu-tools-for-stm32.13.3.rel1.win32_1.0.0.202411081344/tools/bin/../lib/gcc/arm-none-eabi/13.3.1/../../../../arm-none-eabi/lib/thumb/v7e-m+fp/hard\libc_nano.a(libc_a-impure.o)
                0x200023b8                _impure_data
 *(.RamFunc)
 *(.RamFunc*)
                0x20002404                        . = ALIGN (0x4)
                0x20002404                        _edata = .
                0x08017f08                        _siccmram = LOADADDR (.ccmram)

.igot.plt       0x20002404        0x0 load address 0x08017f08
 .igot.plt      0x20002404        0x0 C:/ST/STM32CubeIDE_1.18.0/STM32CubeIDE/plugins/com.st.stm32cube.ide.mcu.externaltools.gnu-tools-for-stm32.13.3.rel1.win32_1.0.0.202411081344/tools/bin/../lib/gcc/arm-none-eabi/13.3.1/thumb/v7e-m+fp/hard/crtbegin.o

.ccmram         0x10000000        0x0 load address 0x08017f08
                0x10000000                        . = ALIGN (0x4)
                0x10000000                        _sccmram = .
 *(.ccmram)
 *(.ccmram*)
                0x10000000                        . = ALIGN (0x4)
                0x10000000                        _eccmram = .
                0x10000000                        . = ALIGN (0x4)

.bss            0x20002404     0x15e4
                0x20002404                        _sbss = .
                0x20002404                        __bss_start__ = _sbss
 *(.bss)
 .bss           0x20002404       0x1c C:/ST/STM32CubeIDE_1.18.0/STM32CubeIDE/plugins/com.st.stm32cube.ide.mcu.externaltools.gnu-tools-for-stm32.13.3.rel1.win32_1.0.0.202411081344/tools/bin/../lib/gcc/arm-none-eabi/13.3.1/thumb/v7e-m+fp/hard/crtbegin.o
 *(.bss*)
 .bss.external_memory
                0x20002420      0x100 ./BSP/I2C_Slave/i2c_slave.o
                0x20002420                external_memory
 .bss.I2C_slave_obj
                0x20002520        0xc ./BSP/I2C_Slave/i2c_slave.o
                0x20002520                I2C_slave_obj
 .bss.I2C_Slave_Status
                0x2000252c        0x1 ./BSP/I2C_Slave/register.o
                0x2000252c                I2C_Slave_Status
 *fill*         0x2000252d        0x3 
 .bss.g_registers
                0x20002530      0x2fd ./BSP/I2C_Slave/register.o
                0x20002530                g_registers
 *fill*         0x2000282d        0x3 
 .bss.usart1_rx_data
                0x20002830      0x3ff ./BSP/UART/uart.o
                0x20002830                usart1_rx_data
 *fill*         0x20002c2f        0x1 
 .bss.usart1_tx_data
                0x20002c30      0x3ff ./BSP/UART/uart.o
                0x20002c30                usart1_tx_data
 *fill*         0x2000302f        0x1 
 .bss.usart6_rx_data
                0x20003030       0xff ./BSP/UART/uart.o
                0x20003030                usart6_rx_data
 *fill*         0x2000312f        0x1 
 .bss.usart6_tx_data
                0x20003130       0xff ./BSP/UART/uart.o
                0x20003130                usart6_tx_data
 *fill*         0x2000322f        0x1 
 .bss.g_ppcArgv
                0x20003230       0x24 ./Core/CMDLine/cmdline.o
 .bss.pContext  0x20003254      0x246 ./Core/CMDLine/command.o
                0x20003254                pContext
 *fill*         0x2000349a        0x2 
 .bss.UART_CMDLINE
                0x2000349c        0x4 ./Core/CMDLine/command.o
                0x2000349c                UART_CMDLINE
 .bss.s_commandBuffer
                0x200034a0       0x40 ./Core/CMDLine/command.o
 .bss.s_commandBufferIndex
                0x200034e0        0x1 ./Core/CMDLine/command.o
 .bss.data_times
                0x200034e1        0x1 ./Core/Devices/Auto_run/auto_run.o
                0x200034e1                data_times
 *fill*         0x200034e2        0x2 
 .bss.laser_interval
                0x200034e4        0x4 ./Core/Devices/Auto_run/auto_run.o
                0x200034e4                laser_interval
 .bss.run_system
                0x200034e8        0x1 ./Core/Devices/Auto_run/auto_run.o
                0x200034e8                run_system
 .bss.run_adc   0x200034e9        0x1 ./Core/Devices/Auto_run/auto_run.o
                0x200034e9                run_adc
 *fill*         0x200034ea        0x2 
 .bss.adc_interval
                0x200034ec        0x4 ./Core/Devices/Auto_run/auto_run.o
                0x200034ec                adc_interval
 .bss.user_delay
                0x200034f0        0x4 ./Core/Devices/Auto_run/auto_run.o
                0x200034f0                user_delay
 .bss.rest_time
                0x200034f4        0x4 ./Core/Devices/Auto_run/auto_run.o
                0x200034f4                rest_time
 .bss.do_time   0x200034f8        0x1 ./Core/Devices/Auto_run/auto_run.o
                0x200034f8                do_time
 .bss.run_inf   0x200034f9        0x1 ./Core/Devices/Auto_run/auto_run.o
                0x200034f9                run_inf
 *fill*         0x200034fa        0x2 
 .bss.s_WorkingTimeClock_context
                0x200034fc        0x8 ./Core/Devices/DateTime/date_time.o
 .bss.ir_led_duty_current
                0x20003504        0x2 ./Core/Devices/IR_LED/ir_led.o
 *fill*         0x20003506        0x2 
 .bss.laser_int
                0x20003508       0x20 ./Core/Devices/LASER_BOARD/laser_board.o
                0x20003508                laser_int
 .bss.laser_ext
                0x20003528       0x20 ./Core/Devices/LASER_BOARD/laser_board.o
                0x20003528                laser_ext
 .bss.DAC_device
                0x20003548       0x18 ./Core/Devices/LASER_BOARD/laser_board.o
                0x20003548                DAC_device
 .bss.NTC_ADC_value
                0x20003560       0x10 ./Core/Devices/NTC/ntc.o
                0x20003560                NTC_ADC_value
 .bss.NTC_Temperature
                0x20003570       0x10 ./Core/Devices/NTC/ntc.o
                0x20003570                NTC_Temperature
 .bss.s_led_display_status
                0x20003580        0x1 ./Core/LED/status_led.o
 *fill*         0x20003581        0x3 
 .bss.hadc3     0x20003584       0x48 ./Core/Src/main.o
                0x20003584                hadc3
 .bss.hspi2     0x200035cc       0x58 ./Core/Src/main.o
                0x200035cc                hspi2
 .bss.htim4     0x20003624       0x48 ./Core/Src/main.o
                0x20003624                htim4
 .bss.g_systick_count
                0x2000366c        0x4 ./Core/Src/stm32f4xx_it.o
                0x2000366c                g_systick_count
 .bss.__sbrk_heap_end
                0x20003670        0x4 ./Core/Src/sysmem.o
 .bss.WDT_Current
                0x20003674        0x1 ./Core/WDog/watchdog.o
 *fill*         0x20003675        0x3 
 .bss.uwTick    0x20003678        0x4 ./Drivers/STM32F4xx_HAL_Driver/Src/stm32f4xx_hal.o
                0x20003678                uwTick
 .bss.s_TaskContext
                0x2000367c       0xf0 ./Scheduler/scheduler.o
 .bss.s_NumOfTaskScheduled
                0x2000376c        0x1 ./Scheduler/scheduler.o
 *fill*         0x2000376d        0x3 
 .bss.s_TimerContext
                0x20003770       0xf0 ./Scheduler/scheduler.o