../Drivers/CMSIS/Include/core_cm4.h:1938:34:__NVIC_SystemReset	4	static,ignoring_inline_asm
../Core/CLI_Terminal/CLI_Command/cli_command.c:57:6:CLI_Command_Init	16	static
../Core/CLI_Terminal/CLI_Command/cli_command.c:62:6:CLI_Command_CreateTask	8	static
../Core/CLI_Terminal/CLI_Command/cli_command.c:66:13:CLI_Command_Task_Update	16	static
../Core/CLI_Terminal/CLI_Command/cli_command.c:74:13:CMD_ClearCLI	40	static
../Core/CLI_Terminal/CLI_Command/cli_command.c:80:13:CMD_Reset	24	static
../Core/CLI_Terminal/CLI_Command/cli_command.c:92:26:getCliStaticBindings	4	static
../Core/CLI_Terminal/CLI_Command/cli_command.c:96:10:getCliStaticBindingCount	4	static
