../Core/Temperature/temperature.c:92:13:temperature_update	8	static
../Core/Temperature/temperature.c:212:6:temperature_auto_ctrl	16	static
../Core/Temperature/temperature.c:254:6:temperature_manual_ctrl	16	static
../Core/Temperature/temperature.c:275:6:Temperature_GetSet_Init	4	static
../Core/Temperature/temperature.c:281:6:Temperature_GetSet_CreateTask	8	static
../Core/Temperature/temperature.c:287:6:temperature_set_setpoint	16	static
../Core/Temperature/temperature.c:293:9:temperature_get_setpoint	16	static
../Core/Temperature/temperature.c:298:9:temperature_get_temp_NTC	16	static
../Core/Temperature/temperature.c:303:6:temperature_set_tec_vol	16	static
../Core/Temperature/temperature.c:308:10:temperature_get_tec_vol	16	static
../Core/Temperature/temperature.c:313:6:temperature_set_heater_duty	16	static
../Core/Temperature/temperature.c:317:9:temperature_get_heater_duty	16	static
../Core/Temperature/temperature.c:322:6:temperature_set_auto_ctrl	16	static
../Core/Temperature/temperature.c:328:6:temperature_set_ctrl	24	static
../Core/Temperature/temperature.c:412:6:tec_set_mode	16	static
../Core/Temperature/temperature.c:425:6:tec_on	16	static
