../Core/Temperature/temperature.c:84:13:temperature_update	16	static
../Core/Temperature/temperature.c:108:6:temperature_auto_ctrl	16	static
../Core/Temperature/temperature.c:152:6:Temperature_GetSet_Init	4	static
../Core/Temperature/temperature.c:157:6:Temperature_GetSet_CreateTask	8	static
../Core/Temperature/temperature.c:163:6:temperature_set_setpoint	16	static
../Core/Temperature/temperature.c:169:9:temperature_get_setpoint	16	static
../Core/Temperature/temperature.c:174:9:temperature_get_temp_NTC	16	static
../Core/Temperature/temperature.c:179:6:temperature_set_tec_vol	16	static
../Core/Temperature/temperature.c:186:10:temperature_get_tec_vol_set	16	static
../Core/Temperature/temperature.c:191:10:temperature_get_tec_vol_adc	16	static
../Core/Temperature/temperature.c:196:6:temperature_set_heater_duty	16	static
../Core/Temperature/temperature.c:202:9:temperature_get_heater_duty	16	static
../Core/Temperature/temperature.c:207:6:temperature_set_auto_ctrl	24	static
../Core/Temperature/temperature.c:221:6:tec_set_dir	16	static
