../Drivers/STM32F4xx_HAL_Driver/Inc/stm32f4xx_ll_spi.h:742:26:LL_SPI_IsActiveFlag_TXE	16	static
../Drivers/STM32F4xx_HAL_Driver/Inc/stm32f4xx_ll_spi.h:793:26:LL_SPI_IsActiveFlag_BSY	16	static
../Drivers/STM32F4xx_HAL_Driver/Inc/stm32f4xx_ll_spi.h:1098:22:LL_SPI_TransmitData8	24	static
../Drivers/STM32F4xx_HAL_Driver/Inc/stm32f4xx_ll_gpio.h:881:22:LL_GPIO_SetOutputPin	16	static
../Drivers/STM32F4xx_HAL_Driver/Inc/stm32f4xx_ll_gpio.h:910:22:LL_GPIO_ResetOutputPin	16	static
../Drivers/STM32F4xx_HAL_Driver/Inc/stm32f4xx_ll_gpio.h:939:22:LL_GPIO_TogglePin	24	static
../Core/CMDLine/command.c:147:6:CommandLine_Init	16	static
../Core/CMDLine/command.c:161:13:CommandLine_Task_Update	16	static
../Core/CMDLine/command.c:180:6:process_command	232	static
../Core/CMDLine/command.c:345:13:ResetConfig	4	static
../Core/CMDLine/command.c:362:5:Cmd_help	312	static
../Core/CMDLine/command.c:397:5:Cmd_temp_pw	16	static
../Core/CMDLine/command.c:410:5:Cmd_set_temp	120	static
../Core/CMDLine/command.c:435:5:Cmd_get_temp	112	static
../Core/CMDLine/command.c:473:5:Cmd_get_temp_setpoint	88	static
../Core/CMDLine/command.c:487:5:Cmd_tec_set_vol	120	static
../Core/CMDLine/command.c:514:5:Cmd_tec_get_vol	128	static
../Core/CMDLine/command.c:532:5:Cmd_tec_dir	24	static
../Core/CMDLine/command.c:553:5:Cmd_tec_ctrl	24	static
../Core/CMDLine/command.c:570:5:Cmd_heater_set_duty	112	static
../Core/CMDLine/command.c:597:5:Cmd_heater_get_duty	120	static
../Core/CMDLine/command.c:615:5:Cmd_tec_init	24	static
../Core/CMDLine/command.c:635:5:Cmd_temp_ctrl	24	static
../Core/CMDLine/command.c:674:5:Cmd_temp_auto_ctrl	24	static
../Core/CMDLine/command.c:688:5:Cmd_ir_set_duty	104	static
../Core/CMDLine/command.c:718:5:Cmd_ir_get_duty	120	static
../Core/CMDLine/command.c:737:5:Cmd_acceleration_gyroscope_get	16	static
../Core/CMDLine/command.c:741:5:Cmd_pressure_get	16	static
../Core/CMDLine/command.c:746:5:Cmd_get_all	16	static
../Core/CMDLine/command.c:753:5:Cmd_dac_set	80	static
../Core/CMDLine/command.c:776:5:Cmd_ls_set	32	static
../Core/CMDLine/command.c:842:5:Cmd_pd_set	40	static
../Core/CMDLine/command.c:878:5:Cmd_get_adc	88	static,ignoring_inline_asm
../Core/CMDLine/command.c:901:5:Cmd_auto_laser	136	static
../Core/CMDLine/command.c:996:5:Cmd_auto_adc	104	static
../Core/CMDLine/command.c:1113:5:Cmd_read	96	static
../Core/CMDLine/command.c:1190:6:CommandLine_CreateTask	8	static
../Core/CMDLine/command.c:1195:6:Command_SendSplash	8	static
