../Drivers/CMSIS/Include/core_cm4.h:1938:34:__NVIC_SystemReset	4	static,ignoring_inline_asm
../Drivers/STM32F4xx_HAL_Driver/Inc/stm32f4xx_ll_gpio.h:881:22:LL_GPIO_SetOutputPin	16	static
../Drivers/STM32F4xx_HAL_Driver/Inc/stm32f4xx_ll_gpio.h:910:22:LL_GPIO_ResetOutputPin	16	static
../Drivers/STM32F4xx_HAL_Driver/Inc/stm32f4xx_ll_bus.h:1889:22:LL_APB2_GRP1_ForceReset	16	static
../Drivers/STM32F4xx_HAL_Driver/Inc/stm32f4xx_ll_bus.h:1947:22:LL_APB2_GRP1_ReleaseReset	16	static
../Core/CMDLine/command.c:138:6:CommandLine_Init	48	static
../Core/CMDLine/command.c:151:13:CommandLine_Task_Update	16	static
../Core/CMDLine/command.c:164:6:process_command	248	static
../Core/CMDLine/command.c:318:13:ResetConfig	4	static
../Core/CMDLine/command.c:334:5:Cmd_help	312	static
../Core/CMDLine/command.c:360:5:Cmd_system_reset	24	static,ignoring_inline_asm
../Core/CMDLine/command.c:384:5:Cmd_alive_check	16	static
../Core/CMDLine/command.c:388:5:Cmd_ota_boot	24	static,ignoring_inline_asm
../Core/CMDLine/command.c:414:5:Cmd_temp_pw	16	static
../Core/CMDLine/command.c:427:5:Cmd_set_temp	80	static
../Core/CMDLine/command.c:443:5:Cmd_get_temp	112	static
../Core/CMDLine/command.c:474:5:Cmd_get_temp_setpoint	88	static
../Core/CMDLine/command.c:489:5:Cmd_tec_init	88	static
../Core/CMDLine/command.c:531:5:Cmd_tec_set_vol	120	static
../Core/CMDLine/command.c:546:5:Cmd_tec_get_vol	128	static
../Core/CMDLine/command.c:560:5:Cmd_tec_dir	24	static
../Core/CMDLine/command.c:573:5:Cmd_tec_ctrl	16	static
../Core/CMDLine/command.c:597:5:Cmd_tec_read	96	static
../Core/CMDLine/command.c:641:5:Cmd_heater_set_duty	112	static
../Core/CMDLine/command.c:660:5:Cmd_heater_get_duty	112	static
../Core/CMDLine/command.c:674:5:Cmd_temp_set_auto	24	static
../Core/CMDLine/command.c:687:5:Cmd_temp_auto_0	240	static
../Core/CMDLine/command.c:729:5:Cmd_temp_auto_1	240	static
../Core/CMDLine/command.c:771:5:Cmd_temp_auto_2	240	static
../Core/CMDLine/command.c:813:5:Cmd_temp_auto_3	240	static
../Core/CMDLine/command.c:856:5:Cmd_ir_set_duty	104	static
../Core/CMDLine/command.c:871:5:Cmd_ir_get_duty	64	static
../Core/CMDLine/command.c:882:5:Cmd_acceleration_gyroscope_get	16	static
../Core/CMDLine/command.c:885:5:Cmd_pressure_get	16	static
../Core/CMDLine/command.c:1085:5:Cmd_int_ls_dac	80	static
../Core/CMDLine/command.c:1100:5:Cmd_int_ls_set	24	static
../Core/CMDLine/command.c:1111:5:Cmd_int_ls_auto	136	static
../Core/CMDLine/command.c:1183:5:Cmd_ext_ls_dac	80	static
../Core/CMDLine/command.c:1197:5:Cmd_ext_ls_set	24	static
../Core/CMDLine/command.c:1208:5:Cmd_ext_ls_auto	16	static
../Core/CMDLine/command.c:1213:5:Cmd_pd_set	24	static
../Core/CMDLine/command.c:1224:5:Cmd_pd_get_adc	80	static
../Core/CMDLine/command.c:1238:5:Cmd_pd_auto	104	static
../Core/CMDLine/command.c:1259:6:CommandLine_CreateTask	8	static
../Core/CMDLine/command.c:1264:6:Command_SendSplash	8	static
