../Drivers/CMSIS/Include/core_cm4.h:1938:34:__NVIC_SystemReset	4	static,ignoring_inline_asm
../Drivers/STM32F4xx_HAL_Driver/Inc/stm32f4xx_ll_gpio.h:881:22:LL_GPIO_SetOutputPin	16	static
../Drivers/STM32F4xx_HAL_Driver/Inc/stm32f4xx_ll_gpio.h:910:22:LL_GPIO_ResetOutputPin	16	static
../Drivers/STM32F4xx_HAL_Driver/Inc/stm32f4xx_ll_bus.h:1889:22:LL_APB2_GRP1_ForceReset	16	static
../Drivers/STM32F4xx_HAL_Driver/Inc/stm32f4xx_ll_bus.h:1947:22:LL_APB2_GRP1_ReleaseReset	16	static
../Core/CMDLine/command.c:136:6:CommandLine_Init	48	static
../Core/CMDLine/command.c:149:13:CommandLine_Task_Update	16	static
../Core/CMDLine/command.c:162:6:process_command	248	static
../Core/CMDLine/command.c:316:13:ResetConfig	4	static
../Core/CMDLine/command.c:332:5:Cmd_help	312	static
../Core/CMDLine/command.c:358:5:Cmd_system_reset	24	static,ignoring_inline_asm
../Core/CMDLine/command.c:382:5:Cmd_alive_check	16	static
../Core/CMDLine/command.c:386:5:Cmd_ota_boot	24	static,ignoring_inline_asm
../Core/CMDLine/command.c:412:5:Cmd_temp_pw	16	static
../Core/CMDLine/command.c:425:5:Cmd_set_temp	80	static
../Core/CMDLine/command.c:440:5:Cmd_get_temp	112	static
../Core/CMDLine/command.c:469:5:Cmd_get_temp_setpoint	88	static
../Core/CMDLine/command.c:483:5:Cmd_tec_init	112	static
../Core/CMDLine/command.c:525:5:Cmd_tec_set_vol	120	static
../Core/CMDLine/command.c:539:5:Cmd_tec_get_vol	112	static
../Core/CMDLine/command.c:555:5:Cmd_tec_dir	24	static
../Core/CMDLine/command.c:568:5:Cmd_tec_ctrl	16	static
../Core/CMDLine/command.c:592:5:Cmd_tec_read	96	static
../Core/CMDLine/command.c:645:5:Cmd_heater_set_duty	112	static
../Core/CMDLine/command.c:664:5:Cmd_heater_get_duty	112	static
../Core/CMDLine/command.c:678:5:Cmd_temp_set_auto	24	static
../Core/CMDLine/command.c:691:5:Cmd_temp_auto_0	240	static
../Core/CMDLine/command.c:733:5:Cmd_temp_auto_1	240	static
../Core/CMDLine/command.c:775:5:Cmd_temp_auto_2	240	static
../Core/CMDLine/command.c:817:5:Cmd_temp_auto_3	240	static
../Core/CMDLine/command.c:860:5:Cmd_ir_set_duty	104	static
../Core/CMDLine/command.c:875:5:Cmd_ir_get_duty	64	static
../Core/CMDLine/command.c:886:5:Cmd_acceleration_gyroscope_get	16	static
../Core/CMDLine/command.c:889:5:Cmd_pressure_get	16	static
../Core/CMDLine/command.c:894:5:Cmd_int_ls_dac	80	static
../Core/CMDLine/command.c:909:5:Cmd_int_ls_set	24	static
../Core/CMDLine/command.c:920:5:Cmd_int_ls_auto	136	static
../Core/CMDLine/command.c:989:5:Cmd_ext_ls_dac	80	static
../Core/CMDLine/command.c:1003:5:Cmd_ext_ls_set	24	static
../Core/CMDLine/command.c:1014:5:Cmd_ext_ls_auto	16	static
../Core/CMDLine/command.c:1019:5:Cmd_pd_set	24	static
../Core/CMDLine/command.c:1030:5:Cmd_pd_get_adc	80	static
../Core/CMDLine/command.c:1044:5:Cmd_pd_auto	104	static
../Core/CMDLine/command.c:1063:6:CommandLine_CreateTask	8	static
../Core/CMDLine/command.c:1067:6:Command_SendSplash	8	static
