../Drivers/CMSIS/Include/core_cm4.h:1938:34:__NVIC_SystemReset	4	static,ignoring_inline_asm
../Drivers/STM32F4xx_HAL_Driver/Inc/stm32f4xx_ll_gpio.h:881:22:LL_GPIO_SetOutputPin	16	static
../Drivers/STM32F4xx_HAL_Driver/Inc/stm32f4xx_ll_gpio.h:910:22:LL_GPIO_ResetOutputPin	16	static
../Drivers/STM32F4xx_HAL_Driver/Inc/stm32f4xx_ll_bus.h:1889:22:LL_APB2_GRP1_ForceReset	16	static
../Drivers/STM32F4xx_HAL_Driver/Inc/stm32f4xx_ll_bus.h:1947:22:LL_APB2_GRP1_ReleaseReset	16	static
../Core/CMDLine/command.c:137:6:CommandLine_Init	48	static
../Core/CMDLine/command.c:150:13:CommandLine_Task_Update	16	static
../Core/CMDLine/command.c:163:6:process_command	248	static
../Core/CMDLine/command.c:317:13:ResetConfig	4	static
../Core/CMDLine/command.c:333:5:Cmd_help	312	static
../Core/CMDLine/command.c:359:5:Cmd_system_reset	24	static,ignoring_inline_asm
../Core/CMDLine/command.c:383:5:Cmd_alive_check	16	static
../Core/CMDLine/command.c:387:5:Cmd_ota_boot	24	static,ignoring_inline_asm
../Core/CMDLine/command.c:413:5:Cmd_temp_pw	16	static
../Core/CMDLine/command.c:426:5:Cmd_set_temp	80	static
../Core/CMDLine/command.c:441:5:Cmd_get_temp	112	static
../Core/CMDLine/command.c:470:5:Cmd_get_temp_setpoint	88	static
../Core/CMDLine/command.c:484:5:Cmd_tec_init	88	static
../Core/CMDLine/command.c:522:5:Cmd_tec_set_vol	120	static
../Core/CMDLine/command.c:536:5:Cmd_tec_get_vol	112	static
../Core/CMDLine/command.c:552:5:Cmd_tec_dir	24	static
../Core/CMDLine/command.c:565:5:Cmd_tec_ctrl	16	static
../Core/CMDLine/command.c:589:5:Cmd_tec_read	96	static
../Core/CMDLine/command.c:633:5:Cmd_heater_set_duty	112	static
../Core/CMDLine/command.c:652:5:Cmd_heater_get_duty	112	static
../Core/CMDLine/command.c:666:5:Cmd_temp_set_auto	24	static
../Core/CMDLine/command.c:679:5:Cmd_temp_auto_0	240	static
../Core/CMDLine/command.c:721:5:Cmd_temp_auto_1	240	static
../Core/CMDLine/command.c:763:5:Cmd_temp_auto_2	240	static
../Core/CMDLine/command.c:805:5:Cmd_temp_auto_3	240	static
../Core/CMDLine/command.c:848:5:Cmd_ir_set_duty	104	static
../Core/CMDLine/command.c:863:5:Cmd_ir_get_duty	64	static
../Core/CMDLine/command.c:874:5:Cmd_acceleration_gyroscope_get	16	static
../Core/CMDLine/command.c:877:5:Cmd_pressure_get	16	static
../Core/CMDLine/command.c:882:5:Cmd_int_ls_dac	80	static
../Core/CMDLine/command.c:897:5:Cmd_int_ls_set	24	static
../Core/CMDLine/command.c:908:5:Cmd_int_ls_auto	136	static
../Core/CMDLine/command.c:977:5:Cmd_ext_ls_dac	80	static
../Core/CMDLine/command.c:991:5:Cmd_ext_ls_set	24	static
../Core/CMDLine/command.c:1002:5:Cmd_ext_ls_auto	16	static
../Core/CMDLine/command.c:1007:5:Cmd_pd_set	24	static
../Core/CMDLine/command.c:1018:5:Cmd_pd_get_adc	80	static
../Core/CMDLine/command.c:1032:5:Cmd_pd_auto	104	static
../Core/CMDLine/command.c:1051:6:CommandLine_CreateTask	8	static
../Core/CMDLine/command.c:1055:6:Command_SendSplash	8	static
