../Drivers/STM32F4xx_HAL_Driver/Inc/stm32f4xx_ll_spi.h:742:26:LL_SPI_IsActiveFlag_TXE	16	static
../Drivers/STM32F4xx_HAL_Driver/Inc/stm32f4xx_ll_spi.h:793:26:LL_SPI_IsActiveFlag_BSY	16	static
../Drivers/STM32F4xx_HAL_Driver/Inc/stm32f4xx_ll_spi.h:1098:22:LL_SPI_TransmitData8	24	static
../Drivers/STM32F4xx_HAL_Driver/Inc/stm32f4xx_ll_gpio.h:881:22:LL_GPIO_SetOutputPin	16	static
../Drivers/STM32F4xx_HAL_Driver/Inc/stm32f4xx_ll_gpio.h:910:22:LL_GPIO_ResetOutputPin	16	static
../Core/CMDLine/command.c:146:6:CommandLine_Init	16	static
../Core/CMDLine/command.c:160:13:CommandLine_Task_Update	16	static
../Core/CMDLine/command.c:179:6:process_command	248	static
../Core/CMDLine/command.c:357:13:ResetConfig	4	static
../Core/CMDLine/command.c:374:5:Cmd_help	312	static
../Core/CMDLine/command.c:409:5:Cmd_temp_pw	16	static
../Core/CMDLine/command.c:422:5:Cmd_set_temp	80	static
../Core/CMDLine/command.c:440:5:Cmd_get_temp	112	static
../Core/CMDLine/command.c:478:5:Cmd_get_temp_setpoint	88	static
../Core/CMDLine/command.c:492:5:Cmd_tec_set_vol	120	static
../Core/CMDLine/command.c:508:5:Cmd_tec_get_vol	128	static
../Core/CMDLine/command.c:523:5:Cmd_tec_dir	24	static
../Core/CMDLine/command.c:537:5:Cmd_tec_ctrl	16	static
../Core/CMDLine/command.c:562:5:Cmd_heater_set_duty	112	static
../Core/CMDLine/command.c:581:5:Cmd_heater_get_duty	112	static
../Core/CMDLine/command.c:596:5:Cmd_tec_init	88	static
../Core/CMDLine/command.c:635:5:Cmd_temp_auto_ctrl	24	static
../Core/CMDLine/command.c:649:5:Cmd_ir_set_duty	104	static
../Core/CMDLine/command.c:664:5:Cmd_ir_get_duty	64	static
../Core/CMDLine/command.c:676:5:Cmd_acceleration_gyroscope_get	16	static
../Core/CMDLine/command.c:680:5:Cmd_pressure_get	16	static
../Core/CMDLine/command.c:685:5:Cmd_get_all	16	static
../Core/CMDLine/command.c:692:5:Cmd_dac_set	80	static
../Core/CMDLine/command.c:715:5:Cmd_ls_set	32	static
../Core/CMDLine/command.c:757:5:Cmd_pd_set	40	static
../Core/CMDLine/command.c:784:5:Cmd_get_adc	88	static,ignoring_inline_asm
../Core/CMDLine/command.c:806:5:Cmd_auto_laser	136	static
../Core/CMDLine/command.c:901:5:Cmd_auto_adc	104	static
../Core/CMDLine/command.c:1018:5:Cmd_read	96	static
../Core/CMDLine/command.c:1095:6:CommandLine_CreateTask	8	static
../Core/CMDLine/command.c:1100:6:Command_SendSplash	8	static
