../Drivers/CMSIS/Include/core_cm4.h:1938:34:__NVIC_SystemReset	4	static,ignoring_inline_asm
../Drivers/STM32F4xx_HAL_Driver/Inc/stm32f4xx_ll_gpio.h:881:22:LL_GPIO_SetOutputPin	16	static
../Drivers/STM32F4xx_HAL_Driver/Inc/stm32f4xx_ll_gpio.h:910:22:LL_GPIO_ResetOutputPin	16	static
../Core/CMDLine/command.c:142:6:CommandLine_Init	48	static
../Core/CMDLine/command.c:156:13:CommandLine_Task_Update	16	static
../Core/CMDLine/command.c:174:6:process_command	248	static
../Core/CMDLine/command.c:352:13:ResetConfig	4	static
../Core/CMDLine/command.c:369:5:Cmd_help	312	static
../Core/CMDLine/command.c:399:5:Cmd_system_reset	16	static
../Core/CMDLine/command.c:404:5:Cmd_alive_check	16	static
../Core/CMDLine/command.c:409:5:Cmd_ota_boot	16	static
../Core/CMDLine/command.c:416:5:Cmd_temp_pw	16	static
../Core/CMDLine/command.c:430:5:Cmd_set_temp	80	static
../Core/CMDLine/command.c:447:5:Cmd_get_temp	112	static
../Core/CMDLine/command.c:484:5:Cmd_get_temp_setpoint	88	static
../Core/CMDLine/command.c:500:5:Cmd_tec_init	88	static
../Core/CMDLine/command.c:539:5:Cmd_tec_set_vol	120	static
../Core/CMDLine/command.c:555:5:Cmd_tec_get_vol	128	static
../Core/CMDLine/command.c:570:5:Cmd_tec_dir	24	static
../Core/CMDLine/command.c:584:5:Cmd_tec_ctrl	16	static
../Core/CMDLine/command.c:609:5:Cmd_tec_read	96	static
../Core/CMDLine/command.c:649:5:Cmd_heater_set_duty	112	static
../Core/CMDLine/command.c:668:5:Cmd_heater_get_duty	112	static
../Core/CMDLine/command.c:684:5:Cmd_temp_set_auto	24	static
../Core/CMDLine/command.c:698:5:Cmd_temp_auto_0	240	static
../Core/CMDLine/command.c:742:5:Cmd_temp_auto_1	240	static
../Core/CMDLine/command.c:786:5:Cmd_temp_auto_2	240	static
../Core/CMDLine/command.c:830:5:Cmd_temp_auto_3	240	static
../Core/CMDLine/command.c:875:5:Cmd_ir_set_duty	104	static
../Core/CMDLine/command.c:890:5:Cmd_ir_get_duty	64	static
../Core/CMDLine/command.c:902:5:Cmd_acceleration_gyroscope_get	16	static
../Core/CMDLine/command.c:906:5:Cmd_pressure_get	16	static
../Core/CMDLine/command.c:1107:5:Cmd_int_ls_dac	80	static
../Core/CMDLine/command.c:1123:5:Cmd_int_ls_set	24	static
../Core/CMDLine/command.c:1135:5:Cmd_int_ls_auto	136	static
../Core/CMDLine/command.c:1212:5:Cmd_ext_ls_dac	80	static
../Core/CMDLine/command.c:1227:5:Cmd_ext_ls_set	24	static
../Core/CMDLine/command.c:1239:5:Cmd_ext_ls_auto	16	static
../Core/CMDLine/command.c:1245:5:Cmd_pd_set	40	static
../Core/CMDLine/command.c:1271:5:Cmd_pd_get_adc	88	static,ignoring_inline_asm
../Core/CMDLine/command.c:1292:5:Cmd_pd_auto	104	static
../Core/CMDLine/command.c:1315:6:CommandLine_CreateTask	8	static
../Core/CMDLine/command.c:1320:6:Command_SendSplash	8	static
