../Drivers/STM32F4xx_HAL_Driver/Inc/stm32f4xx_ll_spi.h:731:26:LL_SPI_IsActiveFlag_RXNE	16	static
../Drivers/STM32F4xx_HAL_Driver/Inc/stm32f4xx_ll_spi.h:1075:25:LL_SPI_ReceiveData8	16	static
../Drivers/STM32F4xx_HAL_Driver/Inc/stm32f4xx_ll_spi.h:1098:22:LL_SPI_TransmitData8	24	static
../Drivers/STM32F4xx_HAL_Driver/Inc/stm32f4xx_ll_gpio.h:881:22:LL_GPIO_SetOutputPin	16	static
../Drivers/STM32F4xx_HAL_Driver/Inc/stm32f4xx_ll_gpio.h:910:22:LL_GPIO_ResetOutputPin	16	static
../Core/Devices/LT8722/lt8722.c:61:20:csLOW	16	static
../Core/Devices/LT8722/lt8722.c:66:20:csHIGH	16	static
../Core/Devices/LT8722/lt8722.c:71:16:SPI_LL_Transmit	16	static
../Core/Devices/LT8722/lt8722.c:78:9:SPI_write_and_read_buffer	24	static
../Core/Devices/LT8722/lt8722.c:107:9:lt8722_voltage_to_dac	24	static
../Core/Devices/LT8722/lt8722.c:117:9:lt8722_dac_to_voltage	48	static
../Core/Devices/LT8722/lt8722.c:128:8:lt8722_transaction	32	static
../Core/Devices/LT8722/lt8722.c:164:8:lt8722_reg_read	48	static
../Core/Devices/LT8722/lt8722.c:187:8:lt8722_reg_write	48	static
../Core/Devices/LT8722/lt8722.c:207:8:lt8722_reg_write_mask	32	static
../Core/Devices/LT8722/lt8722.c:221:8:lt8722_set_enable_req	16	static
../Core/Devices/LT8722/lt8722.c:231:8:lt8722_set_swen_req	16	static
../Core/Devices/LT8722/lt8722.c:240:8:lt8722_reset	16	static
../Core/Devices/LT8722/lt8722.c:249:8:lt8722_clear_faults	24	static
../Core/Devices/LT8722/lt8722.c:258:8:lt8722_clear_status	16	static
../Core/Devices/LT8722/lt8722.c:268:8:lt8722_get_status	48	static
../Core/Devices/LT8722/lt8722.c:290:8:lt8722_set_dac	24	static
../Core/Devices/LT8722/lt8722.c:300:8:lt8722_get_dac	32	static
../Core/Devices/LT8722/lt8722.c:316:8:lt8722_set_spis_ov_clamp	24	static
../Core/Devices/LT8722/lt8722.c:326:8:lt8722_get_spis_ov_clamp	32	static
../Core/Devices/LT8722/lt8722.c:342:8:lt8722_set_spis_uv_clamp	24	static
../Core/Devices/LT8722/lt8722.c:352:8:lt8722_get_spis_uv_clamp	32	static
../Core/Devices/LT8722/lt8722.c:369:8:lt8722_init	104	static
../Core/Devices/LT8722/lt8722.c:443:8:lt8722_set_output_voltage_channel	80	static
../Core/Devices/LT8722/lt8722.c:458:9:Calculate_CRC8	24	static
../Core/Devices/LT8722/lt8722.c:476:6:put_unaligned_be32	16	static
../Core/Devices/LT8722/lt8722.c:483:6:put_unaligned_be16	16	static
../Core/Devices/LT8722/lt8722.c:488:10:get_unaligned_be32	16	static
../Core/Devices/LT8722/lt8722.c:492:10:get_unaligned_be16	16	static
../Core/Devices/LT8722/lt8722.c:496:10:find_first_set_bit	24	static
../Core/Devices/LT8722/lt8722.c:507:10:field_prep	16	static
../Core/Devices/LT8722/lt8722.c:511:10:field_get	24	static
