../Scheduler/scheduler.c:52:25:SCH_TASK_GetTaskContext	16	static
../Scheduler/scheduler.c:69:6:SCH_Initialize	8	static
../Scheduler/scheduler.c:92:6:SCH_TIM_Start	16	static
../Scheduler/scheduler.c:109:10:SCH_TIM_HasCompleted	16	static
../Scheduler/scheduler.c:121:10:SCH_TASK_ResumeTask	24	static
../Scheduler/scheduler.c:143:10:SCH_TASK_StopTask	24	static
../Scheduler/scheduler.c:165:10:SCH_TASK_CreateTask	24	static
../Scheduler/scheduler.c:203:10:SCH_TIM_CreateTimer	24	static
../Scheduler/scheduler.c:238:10:SCH_TIM_RestartTimer	24	static
../Scheduler/scheduler.c:260:10:SCH_TIM_StopTimer	24	static
../Scheduler/scheduler.c:281:6:SCH_RunSystemTickTimer	24	static
../Scheduler/scheduler.c:355:6:SCH_StartSchedular	8	static
../Scheduler/scheduler.c:368:6:SCH_StopSchedular	8	static
../Scheduler/scheduler.c:384:6:SCH_HandleScheduledTask	24	static
../Scheduler/scheduler.c:448:10:SCH_SystemTick	4	static
